Archive member included because of file (symbol)

g:/program files/codesourcery/sourcery_codebench_lite_for_arm_eabi/bin/../lib/gcc/arm-none-eabi/4.7.2/thumb2\libgcc.a(_arm_addsubsf3.o)
                              ./src/lib/lpc177x_8x/Drivers/source/lpc177x_8x_systick.o (__aeabi_ui2f)
g:/program files/codesourcery/sourcery_codebench_lite_for_arm_eabi/bin/../lib/gcc/arm-none-eabi/4.7.2/thumb2\libgcc.a(_arm_cmpsf2.o)
                              ./src/lib/lpc177x_8x/Drivers/source/lpc177x_8x_systick.o (__aeabi_fcmpgt)
g:/program files/codesourcery/sourcery_codebench_lite_for_arm_eabi/bin/../lib/gcc/arm-none-eabi/4.7.2/thumb2\libgcc.a(_aeabi_uldivmod.o)
                              ./src/lib/lpc177x_8x/Drivers/source/lpc177x_8x_emc.o (__aeabi_uldivmod)
g:/program files/codesourcery/sourcery_codebench_lite_for_arm_eabi/bin/../lib/gcc/arm-none-eabi/4.7.2/thumb2\libgcc.a(bpabi.o)
                              g:/program files/codesourcery/sourcery_codebench_lite_for_arm_eabi/bin/../lib/gcc/arm-none-eabi/4.7.2/thumb2\libgcc.a(_aeabi_uldivmod.o) (__gnu_uldivmod_helper)
g:/program files/codesourcery/sourcery_codebench_lite_for_arm_eabi/bin/../lib/gcc/arm-none-eabi/4.7.2/thumb2\libgcc.a(_dvmd_tls.o)
                              g:/program files/codesourcery/sourcery_codebench_lite_for_arm_eabi/bin/../lib/gcc/arm-none-eabi/4.7.2/thumb2\libgcc.a(_aeabi_uldivmod.o) (__aeabi_ldiv0)
g:/program files/codesourcery/sourcery_codebench_lite_for_arm_eabi/bin/../lib/gcc/arm-none-eabi/4.7.2/thumb2\libgcc.a(_divdi3.o)
                              g:/program files/codesourcery/sourcery_codebench_lite_for_arm_eabi/bin/../lib/gcc/arm-none-eabi/4.7.2/thumb2\libgcc.a(bpabi.o) (__divdi3)
g:/program files/codesourcery/sourcery_codebench_lite_for_arm_eabi/bin/../lib/gcc/arm-none-eabi/4.7.2/thumb2\libgcc.a(_udivdi3.o)
                              g:/program files/codesourcery/sourcery_codebench_lite_for_arm_eabi/bin/../lib/gcc/arm-none-eabi/4.7.2/thumb2\libgcc.a(bpabi.o) (__udivdi3)
g:/program files/codesourcery/sourcery_codebench_lite_for_arm_eabi/bin/../lib/gcc/arm-none-eabi/4.7.2/thumb2\libgcc.a(_udivsi3.o)
                              g:/program files/codesourcery/sourcery_codebench_lite_for_arm_eabi/bin/../lib/gcc/arm-none-eabi/4.7.2/thumb2\libgcc.a(_divdi3.o) (__aeabi_uidiv)
g:/program files/codesourcery/sourcery_codebench_lite_for_arm_eabi/bin/../lib/gcc/arm-none-eabi/4.7.2/../../../../arm-none-eabi/lib/thumb2\libc.a(lib_a-lcltime.o)
                              ./src/os/rt-thread/components/drivers/rtc/rtc.o (localtime)
g:/program files/codesourcery/sourcery_codebench_lite_for_arm_eabi/bin/../lib/gcc/arm-none-eabi/4.7.2/../../../../arm-none-eabi/lib/thumb2\libc.a(lib_a-lcltime_r.o)
                              g:/program files/codesourcery/sourcery_codebench_lite_for_arm_eabi/bin/../lib/gcc/arm-none-eabi/4.7.2/../../../../arm-none-eabi/lib/thumb2\libc.a(lib_a-lcltime.o) (localtime_r)
g:/program files/codesourcery/sourcery_codebench_lite_for_arm_eabi/bin/../lib/gcc/arm-none-eabi/4.7.2/../../../../arm-none-eabi/lib/thumb2\libc.a(lib_a-malloc.o)
                              g:/program files/codesourcery/sourcery_codebench_lite_for_arm_eabi/bin/../lib/gcc/arm-none-eabi/4.7.2/../../../../arm-none-eabi/lib/thumb2\libc.a(lib_a-lcltime.o) (malloc)
g:/program files/codesourcery/sourcery_codebench_lite_for_arm_eabi/bin/../lib/gcc/arm-none-eabi/4.7.2/../../../../arm-none-eabi/lib/thumb2\libc.a(lib_a-mallocr.o)
                              g:/program files/codesourcery/sourcery_codebench_lite_for_arm_eabi/bin/../lib/gcc/arm-none-eabi/4.7.2/../../../../arm-none-eabi/lib/thumb2\libc.a(lib_a-malloc.o) (_malloc_r)
g:/program files/codesourcery/sourcery_codebench_lite_for_arm_eabi/bin/../lib/gcc/arm-none-eabi/4.7.2/../../../../arm-none-eabi/lib/thumb2\libc.a(lib_a-memcpy.o)
                              ./src/os/rt-thread/components/drivers/src/ringbuffer.o (memcpy)
g:/program files/codesourcery/sourcery_codebench_lite_for_arm_eabi/bin/../lib/gcc/arm-none-eabi/4.7.2/../../../../arm-none-eabi/lib/thumb2\libc.a(lib_a-mktime.o)
                              ./src/os/rt-thread/components/drivers/rtc/rtc.o (mktime)
g:/program files/codesourcery/sourcery_codebench_lite_for_arm_eabi/bin/../lib/gcc/arm-none-eabi/4.7.2/../../../../arm-none-eabi/lib/thumb2\libc.a(lib_a-mktm_r.o)
                              g:/program files/codesourcery/sourcery_codebench_lite_for_arm_eabi/bin/../lib/gcc/arm-none-eabi/4.7.2/../../../../arm-none-eabi/lib/thumb2\libc.a(lib_a-mktime.o) (__tzcalc_limits)
g:/program files/codesourcery/sourcery_codebench_lite_for_arm_eabi/bin/../lib/gcc/arm-none-eabi/4.7.2/../../../../arm-none-eabi/lib/thumb2\libc.a(lib_a-mlock.o)
                              g:/program files/codesourcery/sourcery_codebench_lite_for_arm_eabi/bin/../lib/gcc/arm-none-eabi/4.7.2/../../../../arm-none-eabi/lib/thumb2\libc.a(lib_a-mallocr.o) (__malloc_lock)
[...]
Memory Configuration

Name             Origin             Length             Attributes
ram              0x10000000         0x00010000         xrw
ram1             0x20000000         0x00004000         xrw
ram2             0x20004000         0x00004000         xrw
*default*        0x00000000         0xffffffff

Linker script and memory map

LOAD g:/program files/codesourcery/sourcery_codebench_lite_for_arm_eabi/bin/../lib/gcc/arm-none-eabi/4.7.2/thumb2/crti.o
LOAD g:/program files/codesourcery/sourcery_codebench_lite_for_arm_eabi/bin/../lib/gcc/arm-none-eabi/4.7.2/thumb2/crtbegin.o
LOAD ./src/os/rt-thread/src/clock.o
LOAD ./src/os/rt-thread/src/device.o
LOAD ./src/os/rt-thread/src/idle.o
LOAD ./src/os/rt-thread/src/ipc.o
LOAD ./src/os/rt-thread/src/irq.o
LOAD ./src/os/rt-thread/src/kservice.o
LOAD ./src/os/rt-thread/src/mem.o
LOAD ./src/os/rt-thread/src/memheap.o
LOAD ./src/os/rt-thread/src/mempool.o
LOAD ./src/os/rt-thread/src/module.o
LOAD ./src/os/rt-thread/src/object.o
LOAD ./src/os/rt-thread/src/scheduler.o
LOAD ./src/os/rt-thread/src/slab.o
LOAD ./src/os/rt-thread/src/thread.o
LOAD ./src/os/rt-thread/src/timer.o
LOAD ./src/os/rt-thread/libcpu/arm/cortex-m3/context_gcc.o
LOAD ./src/os/rt-thread/libcpu/arm/cortex-m3/cpuport.o
LOAD ./src/os/rt-thread/components/init/components.o
LOAD ./src/os/rt-thread/components/drivers/src/completion.o
LOAD ./src/os/rt-thread/components/drivers/src/dataqueue.o
LOAD ./src/os/rt-thread/components/drivers/src/pipe.o
LOAD ./src/os/rt-thread/components/drivers/src/ringbuffer.o
LOAD ./src/os/rt-thread/components/drivers/spi/spi_core.o
LOAD ./src/os/rt-thread/components/drivers/spi/spi_dev.o
LOAD ./src/os/rt-thread/components/drivers/serial/serial.o
LOAD ./src/os/rt-thread/components/drivers/rtc/alarm.o
LOAD ./src/os/rt-thread/components/drivers/rtc/rtc.o
LOAD ./src/os/rt-thread/components/drivers/mtd/mtd_nand.o
LOAD ./src/os/rt-thread/components/drivers/mtd/mtd_nor.o
LOAD ./src/lib/lpc177x_8x/Drivers/source/debug_frmwrk.o
LOAD ./src/lib/lpc177x_8x/Drivers/source/lpc177x_8x_adc.o
LOAD ./src/lib/lpc177x_8x/Drivers/source/lpc177x_8x_bod.o
LOAD ./src/lib/lpc177x_8x/Drivers/source/lpc177x_8x_can.o
LOAD ./src/lib/lpc177x_8x/Drivers/source/lpc177x_8x_clkpwr.o
LOAD ./src/lib/lpc177x_8x/Drivers/source/lpc177x_8x_crc.o
LOAD ./src/lib/lpc177x_8x/Drivers/source/lpc177x_8x_dac.o
LOAD ./src/lib/lpc177x_8x/Drivers/source/lpc177x_8x_eeprom.o
LOAD ./src/lib/lpc177x_8x/Drivers/source/lpc177x_8x_emac.o
LOAD ./src/lib/lpc177x_8x/Drivers/source/lpc177x_8x_emc.o
LOAD ./src/lib/lpc177x_8x/Drivers/source/lpc177x_8x_exti.o
LOAD ./src/lib/lpc177x_8x/Drivers/source/lpc177x_8x_gpdma.o
LOAD ./src/lib/lpc177x_8x/Drivers/source/lpc177x_8x_gpio.o
LOAD ./src/lib/lpc177x_8x/Drivers/source/lpc177x_8x_i2c.o
LOAD ./src/lib/lpc177x_8x/Drivers/source/lpc177x_8x_i2s.o
LOAD ./src/lib/lpc177x_8x/Drivers/source/lpc177x_8x_iap.o
LOAD ./src/lib/lpc177x_8x/Drivers/source/lpc177x_8x_lcd.o
LOAD ./src/lib/lpc177x_8x/Drivers/source/lpc177x_8x_mci.o
LOAD ./src/lib/lpc177x_8x/Drivers/source/lpc177x_8x_mcpwm.o
LOAD ./src/lib/lpc177x_8x/Drivers/source/lpc177x_8x_nvic.o
LOAD ./src/lib/lpc177x_8x/Drivers/source/lpc177x_8x_pinsel.o
LOAD ./src/lib/lpc177x_8x/Drivers/source/lpc177x_8x_pwm.o
LOAD ./src/lib/lpc177x_8x/Drivers/source/lpc177x_8x_qei.o
LOAD ./src/lib/lpc177x_8x/Drivers/source/lpc177x_8x_rtc.o
LOAD ./src/lib/lpc177x_8x/Drivers/source/lpc177x_8x_ssp.o
LOAD ./src/lib/lpc177x_8x/Drivers/source/lpc177x_8x_systick.o
LOAD ./src/lib/lpc177x_8x/Drivers/source/lpc177x_8x_timer.o
LOAD ./src/lib/lpc177x_8x/Drivers/source/lpc177x_8x_uart.o
LOAD ./src/lib/lpc177x_8x/Drivers/source/lpc177x_8x_wwdt.o
LOAD ./src/lib/lpc177x_8x/Core/Device/NXP/LPC177x_8x/Source/Templates/GCC/startup_LPC177x_8x.o
LOAD ./src/lib/lpc177x_8x/Core/Device/NXP/LPC177x_8x/Source/Templates/system_LPC177x_8x.o
LOAD ./src/bsp/driver_periph/lpc1788_usart.o
LOAD ./src/bsp/bsp.o
LOAD ./src/app/app.o
LOAD ./src/app/main.o
START GROUP
LOAD g:/program files/codesourcery/sourcery_codebench_lite_for_arm_eabi/bin/../lib/gcc/arm-none-eabi/4.7.2/thumb2\libgcc.a
LOAD g:/program files/codesourcery/sourcery_codebench_lite_for_arm_eabi/bin/../lib/gcc/arm-none-eabi/4.7.2/../../../../arm-none-eabi/lib/thumb2\libc.a
END GROUP
LOAD g:/program files/codesourcery/sourcery_codebench_lite_for_arm_eabi/bin/../lib/gcc/arm-none-eabi/4.7.2/thumb2/crtend.o
LOAD g:/program files/codesourcery/sourcery_codebench_lite_for_arm_eabi/bin/../lib/gcc/arm-none-eabi/4.7.2/thumb2/crtn.o
START GROUP
LOAD g:/program files/codesourcery/sourcery_codebench_lite_for_arm_eabi/bin/../lib/gcc/arm-none-eabi/4.7.2/thumb2\libgcc.a
LOAD g:/program files/codesourcery/sourcery_codebench_lite_for_arm_eabi/bin/../lib/gcc/arm-none-eabi/4.7.2/../../../../arm-none-eabi/lib/thumb2\libc.a
LOAD g:/program files/codesourcery/sourcery_codebench_lite_for_arm_eabi/bin/../lib/gcc/arm-none-eabi/4.7.2/../../../../arm-none-eabi/lib/thumb2\libcs3.a
LOAD g:/program files/codesourcery/sourcery_codebench_lite_for_arm_eabi/bin/../lib/gcc/arm-none-eabi/4.7.2/../../../../arm-none-eabi/lib/thumb2\libcs3unhosted.a
LOAD g:/program files/codesourcery/sourcery_codebench_lite_for_arm_eabi/bin/../lib/gcc/arm-none-eabi/4.7.2/../../../../arm-none-eabi/lib/thumb2\libcs3micro.a
END GROUP
                0x10010000                PROVIDE (__cs3_stack, (__cs3_region_start_ram + __cs3_region_size_ram))
                0x20015f18                PROVIDE (__cs3_stack_size, ((__cs3_region_start_ram + __cs3_region_size_ram) - _end))
                0x100099e8                PROVIDE (__cs3_heap_start, _end)
                0x10010000                PROVIDE (__cs3_heap_end, (__cs3_region_start_ram + __cs3_region_size_ram))

.text           0x10000000     0x7bb8
 CREATE_OBJECT_SYMBOLS
                0x10000000                __cs3_region_start_ram = .
 *(.cs3.region-head.ram)
                0x10000000                __cs3_interrupt_vector = __cs3_interrupt_vector_cortex_m
 *(.cs3.interrupt_vector)
 .cs3.interrupt_vector
                0x10000000       0xe4 ./src/lib/lpc177x_8x/Core/Device/NXP/LPC177x_8x/Source/Templates/GCC/startup_LPC177x_8x.o
                0x10000000                __cs3_interrupt_vector_cortex_m
                0x00000001                ASSERT ((. != __cs3_interrupt_vector_cortex_m), No interrupt vector)
 *(.ram)
                0x100000e4                __cs3_reset = __cs3_reset_cortex_m
 *(.cs3.reset)
 .cs3.reset     0x100000e4       0x2c ./src/lib/lpc177x_8x/Core/Device/NXP/LPC177x_8x/Source/Templates/GCC/startup_LPC177x_8x.o
                0x100000e4                __cs3_reset_cortex_m
                0x00000001                ASSERT ((. != __cs3_reset), No reset code)
 *(.text .text.* .gnu.linkonce.t.*)
 .text          0x10000110       0xc8 g:/program files/codesourcery/sourcery_codebench_lite_for_arm_eabi/bin/../lib/gcc/arm-none-eabi/4.7.2/thumb2/crtbegin.o
 .text.rt_tick_get
                0x100001d8       0x14 ./src/os/rt-thread/src/clock.o
                0x100001d8                rt_tick_get
 .text.rt_tick_increase
                0x100001ec       0x48 ./src/os/rt-thread/src/clock.o
                0x100001ec                rt_tick_increase
 .text.rt_device_register
                0x10000234       0x50 ./src/os/rt-thread/src/device.o
                0x10000234                rt_device_register
 .text.rt_device_find
                0x10000284       0x84 ./src/os/rt-thread/src/device.o
                0x10000284                rt_device_find
 .text.rt_device_open
                0x10000308       0xe4 ./src/os/rt-thread/src/device.o
                0x10000308                rt_device_open
 .text.rt_device_close
                0x100003ec       0x6c ./src/os/rt-thread/src/device.o
                0x100003ec                rt_device_close
 .text.rt_device_write
                0x10000458       0x70 ./src/os/rt-thread/src/device.o
                0x10000458                rt_device_write
 .text.rt_list_remove
                0x100004c8       0x34 ./src/os/rt-thread/src/idle.o
 .text.rt_list_isempty
                0x100004fc       0x24 ./src/os/rt-thread/src/idle.o
 .text.rt_thread_idle_excute
                0x10000520       0xd4 ./src/os/rt-thread/src/idle.o
                0x10000520                rt_thread_idle_excute
 .text.rt_thread_idle_entry
                0x100005f4       0x20 ./src/os/rt-thread/src/idle.o
 .text.rt_thread_idle_init
                0x10000614       0x44 ./src/os/rt-thread/src/idle.o
                0x10000614                rt_thread_idle_init
 .text.rt_list_init
                0x10000658       0x20 ./src/os/rt-thread/src/ipc.o
 .text.rt_list_insert_before
                0x10000678       0x30 ./src/os/rt-thread/src/ipc.o
 .text.rt_list_isempty
                0x100006a8       0x24 ./src/os/rt-thread/src/ipc.o
 .text.rt_ipc_object_init
                0x100006cc       0x24 ./src/os/rt-thread/src/ipc.o
 .text.rt_ipc_list_suspend
                0x100006f0       0x9c ./src/os/rt-thread/src/ipc.o
 .text.rt_ipc_list_resume
                0x1000078c       0x28 ./src/os/rt-thread/src/ipc.o
 .text.rt_sem_init
                0x100007b4       0x70 ./src/os/rt-thread/src/ipc.o
                0x100007b4                rt_sem_init
 .text.rt_sem_take
                0x10000824      0x14c ./src/os/rt-thread/src/ipc.o
                0x10000824                rt_sem_take
 .text.rt_sem_release
                0x10000970       0x78 ./src/os/rt-thread/src/ipc.o
                0x10000970                rt_sem_release
 .text.rt_interrupt_enter
                0x100009e8       0x30 ./src/os/rt-thread/src/irq.o
                0x100009e8                rt_interrupt_enter
 .text.rt_interrupt_leave
                0x10000a18       0x30 ./src/os/rt-thread/src/irq.o
                0x10000a18                rt_interrupt_leave
 .text.rt_interrupt_get_nest
                0x10000a48       0x18 ./src/os/rt-thread/src/irq.o
                0x10000a48                rt_interrupt_get_nest
 .text.rt_set_errno
                0x10000a60       0x40 ./src/os/rt-thread/src/kservice.o
                0x10000a60                rt_set_errno
 .text.rt_memset
                0x10000aa0       0xe8 ./src/os/rt-thread/src/kservice.o
                0x10000aa0                rt_memset
 .text.rt_strncpy
                0x10000b88       0x84 ./src/os/rt-thread/src/kservice.o
                0x10000b88                rt_strncpy
 .text.rt_strncmp
                0x10000c0c       0x70 ./src/os/rt-thread/src/kservice.o
                0x10000c0c                rt_strncmp
 .text.rt_strlen
                0x10000c7c       0x30 ./src/os/rt-thread/src/kservice.o
                0x10000c7c                rt_strlen
 .text.rt_show_version
                0x10000cac       0x48 ./src/os/rt-thread/src/kservice.o
                0x10000cac                rt_show_version
 .text.divide   0x10000cf4       0x74 ./src/os/rt-thread/src/kservice.o
 .text.skip_atoi
                0x10000d68       0x4c ./src/os/rt-thread/src/kservice.o
 .text.print_number
                0x10000db4      0x240 ./src/os/rt-thread/src/kservice.o
 .text.vsnprintf
                0x10000ff4      0x5d0 ./src/os/rt-thread/src/kservice.o
 .text.rt_console_set_device
                0x100015c4       0x54 ./src/os/rt-thread/src/kservice.o
                0x100015c4                rt_console_set_device
 .text.rt_hw_console_output
                0x10001618       0x14 ./src/os/rt-thread/src/kservice.o
                0x10001618                rt_hw_console_output
 .text.rt_kprintf
                0x1000162c       0x58 ./src/os/rt-thread/src/kservice.o
                0x1000162c                rt_kprintf
 .text.plug_holes
                0x10001684      0x13c ./src/os/rt-thread/src/mem.o
 .text.rt_system_heap_init
                0x100017c0      0x144 ./src/os/rt-thread/src/mem.o
                0x100017c0                rt_system_heap_init
 .text.rt_malloc
                0x10001904      0x31c ./src/os/rt-thread/src/mem.o
                0x10001904                rt_malloc
 .text.rt_free  0x10001c20      0x1b0 ./src/os/rt-thread/src/mem.o
                0x10001c20                rt_free
 .text.rt_list_insert_after
                0x10001dd0       0x30 ./src/os/rt-thread/src/object.o
 .text.rt_list_remove
                0x10001e00       0x34 ./src/os/rt-thread/src/object.o
 .text.rt_object_init
                0x10001e34       0x74 ./src/os/rt-thread/src/object.o
                0x10001e34                rt_object_init
 .text.rt_object_detach
                0x10001ea8       0x6c ./src/os/rt-thread/src/object.o
                0x10001ea8                rt_object_detach
 .text.rt_object_allocate
                0x10001f14       0xdc ./src/os/rt-thread/src/object.o
                0x10001f14                rt_object_allocate
 .text.rt_object_delete
                0x10001ff0       0x9c ./src/os/rt-thread/src/object.o
                0x10001ff0                rt_object_delete
 .text.rt_object_is_systemobject
                0x1000208c       0x58 ./src/os/rt-thread/src/object.o
                0x1000208c                rt_object_is_systemobject
 .text.rt_list_init
                0x100020e4       0x20 ./src/os/rt-thread/src/scheduler.o
 .text.rt_list_insert_before
                0x10002104       0x30 ./src/os/rt-thread/src/scheduler.o
 .text.rt_list_remove
                0x10002134       0x34 ./src/os/rt-thread/src/scheduler.o
 .text.rt_list_isempty
                0x10002168       0x24 ./src/os/rt-thread/src/scheduler.o
 .text._rt_scheduler_stack_check
                0x1000218c       0xa0 ./src/os/rt-thread/src/scheduler.o
 .text.rt_system_scheduler_init
                0x1000222c       0x60 ./src/os/rt-thread/src/scheduler.o
                0x1000222c                rt_system_scheduler_init
 .text.rt_system_scheduler_start
                0x1000228c       0x9c ./src/os/rt-thread/src/scheduler.o
                0x1000228c                rt_system_scheduler_start
 .text.rt_schedule
                0x10002328      0x128 ./src/os/rt-thread/src/scheduler.o
                0x10002328                rt_schedule
 .text.rt_schedule_insert_thread
                0x10002450       0x88 ./src/os/rt-thread/src/scheduler.o
                0x10002450                rt_schedule_insert_thread
 .text.rt_schedule_remove_thread
                0x100024d8       0x8c ./src/os/rt-thread/src/scheduler.o
                0x100024d8                rt_schedule_remove_thread
 .text.rt_enter_critical
                0x10002564       0x24 ./src/os/rt-thread/src/scheduler.o
                0x10002564                rt_enter_critical
 .text.rt_exit_critical
                0x10002588       0x44 ./src/os/rt-thread/src/scheduler.o
                0x10002588                rt_exit_critical
 .text.rt_list_init
                0x100025cc       0x20 ./src/os/rt-thread/src/thread.o
 .text.rt_list_insert_after
                0x100025ec       0x30 ./src/os/rt-thread/src/thread.o
 .text.rt_list_insert_before
                0x1000261c       0x30 ./src/os/rt-thread/src/thread.o
 .text.rt_list_remove
                0x1000264c       0x34 ./src/os/rt-thread/src/thread.o
 .text.rt_thread_exit
                0x10002680       0x80 ./src/os/rt-thread/src/thread.o
 .text._rt_thread_init
                0x10002700      0x118 ./src/os/rt-thread/src/thread.o
 .text.rt_thread_init
                0x10002818       0x98 ./src/os/rt-thread/src/thread.o
                0x10002818                rt_thread_init
 .text.rt_thread_self
                0x100028b0       0x14 ./src/os/rt-thread/src/thread.o
                0x100028b0                rt_thread_self
 .text.rt_thread_startup
                0x100028c4       0xac ./src/os/rt-thread/src/thread.o
                0x100028c4                rt_thread_startup
 .text.rt_thread_create
                0x10002970       0x6c ./src/os/rt-thread/src/thread.o
                0x10002970                rt_thread_create
 .text.rt_thread_yield
                0x100029dc       0x7c ./src/os/rt-thread/src/thread.o
                0x100029dc                rt_thread_yield
 .text.rt_thread_sleep
                0x10002a58       0x98 ./src/os/rt-thread/src/thread.o
                0x10002a58                rt_thread_sleep
 .text.rt_thread_delay
                0x10002af0       0x1c ./src/os/rt-thread/src/thread.o
                0x10002af0                rt_thread_delay
 .text.rt_thread_suspend
                0x10002b0c       0x70 ./src/os/rt-thread/src/thread.o
                0x10002b0c                rt_thread_suspend
 .text.rt_thread_resume
                0x10002b7c       0x90 ./src/os/rt-thread/src/thread.o
                0x10002b7c                rt_thread_resume
 .text.rt_thread_timeout
                0x10002c0c       0x8c ./src/os/rt-thread/src/thread.o
                0x10002c0c                rt_thread_timeout
 .text.rt_list_init
                0x10002c98       0x20 ./src/os/rt-thread/src/timer.o
 .text.rt_list_insert_before
                0x10002cb8       0x30 ./src/os/rt-thread/src/timer.o
 .text.rt_list_remove
                0x10002ce8       0x34 ./src/os/rt-thread/src/timer.o
 .text.rt_list_isempty
                0x10002d1c       0x24 ./src/os/rt-thread/src/timer.o
 .text._rt_timer_init
                0x10002d40       0x50 ./src/os/rt-thread/src/timer.o
 .text.rt_timer_init
                0x10002d90       0x64 ./src/os/rt-thread/src/timer.o
                0x10002d90                rt_timer_init
 .text.rt_timer_start
                0x10002df4      0x120 ./src/os/rt-thread/src/timer.o
                0x10002df4                rt_timer_start
 .text.rt_timer_control
                0x10002f14       0x9c ./src/os/rt-thread/src/timer.o
                0x10002f14                rt_timer_control
 .text.rt_timer_check
                0x10002fb0       0xc0 ./src/os/rt-thread/src/timer.o
                0x10002fb0                rt_timer_check
 .text.rt_system_timer_thread_init
                0x10003070        0xc ./src/os/rt-thread/src/timer.o
                0x10003070                rt_system_timer_thread_init
 .text          0x1000307c       0xd0 ./src/os/rt-thread/libcpu/arm/cortex-m3/context_gcc.o
                0x1000307c                rt_hw_interrupt_disable
                0x10003084                rt_hw_interrupt_enable
                0x1000308a                rt_hw_context_switch_interrupt
                0x1000308a                rt_hw_context_switch
                0x100030aa                PendSV_Handler
                0x100030e6                rt_hw_context_switch_to
                0x10003110                rt_hw_interrupt_thread_switch
                0x10003114                HardFault_Handler
                0x10003128                rt_hw_interrupt_check
 .text.rt_hw_stack_init
                0x1000314c      0x114 ./src/os/rt-thread/libcpu/arm/cortex-m3/cpuport.o
                0x1000314c                rt_hw_stack_init
 .text.rt_hw_hard_fault_exception
                0x10003260       0xa0 ./src/os/rt-thread/libcpu/arm/cortex-m3/cpuport.o
                0x10003260                rt_hw_hard_fault_exception
 .text.rt_components_init
                0x10003300        0xc ./src/os/rt-thread/components/init/components.o
                0x10003300                rt_components_init
 .text.rt_list_init
                0x1000330c       0x20 ./src/os/rt-thread/components/drivers/src/dataqueue.o
 .text.rt_list_insert_before
                0x1000332c       0x30 ./src/os/rt-thread/components/drivers/src/dataqueue.o
 .text.rt_list_isempty
                0x1000335c       0x24 ./src/os/rt-thread/components/drivers/src/dataqueue.o
 .text.rt_data_queue_init
                0x10003380       0xb0 ./src/os/rt-thread/components/drivers/src/dataqueue.o
                0x10003380                rt_data_queue_init
 .text.rt_data_queue_push
                0x10003430      0x1d0 ./src/os/rt-thread/components/drivers/src/dataqueue.o
                0x10003430                rt_data_queue_push
 .text.rt_data_queue_pop
                0x10003600      0x248 ./src/os/rt-thread/components/drivers/src/dataqueue.o
                0x10003600                rt_data_queue_pop
 .text.serial_ringbuffer_init
                0x10003848       0x34 ./src/os/rt-thread/components/drivers/serial/serial.o
 .text.serial_ringbuffer_putc
                0x1000387c       0x6c ./src/os/rt-thread/components/drivers/serial/serial.o
 .text.serial_ringbuffer_putchar
                0x100038e8       0x64 ./src/os/rt-thread/components/drivers/serial/serial.o
 .text.serial_ringbuffer_getc
                0x1000394c       0x5c ./src/os/rt-thread/components/drivers/serial/serial.o
 .text.serial_ringbuffer_size
                0x100039a8       0x38 ./src/os/rt-thread/components/drivers/serial/serial.o
 .text.rt_serial_init
                0x100039e0       0xe8 ./src/os/rt-thread/components/drivers/serial/serial.o
 .text.rt_serial_open
                0x10003ac8       0x90 ./src/os/rt-thread/components/drivers/serial/serial.o
 .text.rt_serial_close
                0x10003b58       0x8c ./src/os/rt-thread/components/drivers/serial/serial.o
 .text.rt_serial_read
                0x10003be4       0xd8 ./src/os/rt-thread/components/drivers/serial/serial.o
 .text.serial_put
                0x10003cbc       0x80 ./src/os/rt-thread/components/drivers/serial/serial.o
 .text.rt_serial_write
                0x10003d3c      0x1e4 ./src/os/rt-thread/components/drivers/serial/serial.o
 .text.rt_serial_control
                0x10003f20       0x8c ./src/os/rt-thread/components/drivers/serial/serial.o
 .text.rt_hw_serial_register
                0x10003fac       0xb4 ./src/os/rt-thread/components/drivers/serial/serial.o
                0x10003fac                rt_hw_serial_register
 .text.rt_hw_serial_char_isr
                0x10004060       0x74 ./src/os/rt-thread/components/drivers/serial/serial.o
                0x10004060                rt_hw_serial_char_isr
 .text.rt_hw_serial_timeout_isr
                0x100040d4       0x94 ./src/os/rt-thread/components/drivers/serial/serial.o
                0x100040d4                rt_hw_serial_timeout_isr
 .text.rt_hw_serial_int_tx_isr
                0x10004168       0x4c ./src/os/rt-thread/components/drivers/serial/serial.o
                0x10004168                rt_hw_serial_int_tx_isr
 .text.CLKPWR_GetCLK
                0x100041b4       0x60 ./src/lib/lpc177x_8x/Drivers/source/lpc177x_8x_clkpwr.o
                0x100041b4                CLKPWR_GetCLK
 .text.CLKPWR_ConfigPPWR
                0x10004214       0x4c ./src/lib/lpc177x_8x/Drivers/source/lpc177x_8x_clkpwr.o
                0x10004214                CLKPWR_ConfigPPWR
 .text.EMAC_GetBufferSts
                0x10004260       0x98 ./src/lib/lpc177x_8x/Drivers/source/lpc177x_8x_emac.o
                0x10004260                EMAC_GetBufferSts
 .text.EMAC_GetTxFrameStatus
                0x100042f8       0x30 ./src/lib/lpc177x_8x/Drivers/source/lpc177x_8x_emac.o
                0x100042f8                EMAC_GetTxFrameStatus
 .text.EMAC_GetRxFrameStatus
                0x10004328       0x30 ./src/lib/lpc177x_8x/Drivers/source/lpc177x_8x_emac.o
                0x10004328                EMAC_GetRxFrameStatus
 .text.EMAC_GetRxFrameSize
                0x10004358       0x3c ./src/lib/lpc177x_8x/Drivers/source/lpc177x_8x_emac.o
                0x10004358                EMAC_GetRxFrameSize
 .text.EMAC_GetRxBuffer
                0x10004394       0x2c ./src/lib/lpc177x_8x/Drivers/source/lpc177x_8x_emac.o
                0x10004394                EMAC_GetRxBuffer
 .text.EMAC_UpdateRxConsumeIndex
                0x100043c0       0x38 ./src/lib/lpc177x_8x/Drivers/source/lpc177x_8x_emac.o
                0x100043c0                EMAC_UpdateRxConsumeIndex
 .text.ENET_IRQHandler
                0x100043f8      0x368 ./src/lib/lpc177x_8x/Drivers/source/lpc177x_8x_emac.o
                0x100043f8                ENET_IRQHandler
 .text.MCI_TXDisable
                0x10004760       0x20 ./src/lib/lpc177x_8x/Drivers/source/lpc177x_8x_mci.o
                0x10004760                MCI_TXDisable
 .text.MCI_RXDisable
                0x10004780       0x20 ./src/lib/lpc177x_8x/Drivers/source/lpc177x_8x_mci.o
                0x10004780                MCI_RXDisable
 .text.MCI_CmdProcess
                0x100047a0       0x78 ./src/lib/lpc177x_8x/Drivers/source/lpc177x_8x_mci.o
                0x100047a0                MCI_CmdProcess
 .text.MCI_DataErrorProcess
                0x10004818       0x8c ./src/lib/lpc177x_8x/Drivers/source/lpc177x_8x_mci.o
                0x10004818                MCI_DataErrorProcess
 .text.MCI_DATA_END_InterruptService
                0x100048a4       0x64 ./src/lib/lpc177x_8x/Drivers/source/lpc177x_8x_mci.o
                0x100048a4                MCI_DATA_END_InterruptService
 .text.MCI_FIFOInterruptService
                0x10004908        0xc ./src/lib/lpc177x_8x/Drivers/source/lpc177x_8x_mci.o
                0x10004908                MCI_FIFOInterruptService
 .text.MCI_IRQHandler
                0x10004914       0x60 ./src/lib/lpc177x_8x/Drivers/source/lpc177x_8x_mci.o
                0x10004914                MCI_IRQHandler
 .text.PIN_GetPointer
                0x10004974       0x3c ./src/lib/lpc177x_8x/Drivers/source/lpc177x_8x_pinsel.o
 .text.PINSEL_GetPinType
                0x100049b0      0x138 ./src/lib/lpc177x_8x/Drivers/source/lpc177x_8x_pinsel.o
                0x100049b0                PINSEL_GetPinType
 .text.PINSEL_ConfigPin
                0x10004ae8       0x70 ./src/lib/lpc177x_8x/Drivers/source/lpc177x_8x_pinsel.o
                0x10004ae8                PINSEL_ConfigPin
 .text.uart_set_divisors
                0x10004b58      0x314 ./src/lib/lpc177x_8x/Drivers/source/lpc177x_8x_uart.o
 .text.uart_get_pointer
                0x10004e6c       0x4c ./src/lib/lpc177x_8x/Drivers/source/lpc177x_8x_uart.o
 .text.UART_Init
                0x10004eb8      0x34c ./src/lib/lpc177x_8x/Drivers/source/lpc177x_8x_uart.o
                0x10004eb8                UART_Init
 .text.UART_IntConfig
                0x10005204      0x128 ./src/lib/lpc177x_8x/Drivers/source/lpc177x_8x_uart.o
                0x10005204                UART_IntConfig
 .text.UART_FIFOConfig
                0x1000532c      0x100 ./src/lib/lpc177x_8x/Drivers/source/lpc177x_8x_uart.o
                0x1000532c                UART_FIFOConfig
 .text.UART_FIFOConfigStructInit
                0x1000542c       0x34 ./src/lib/lpc177x_8x/Drivers/source/lpc177x_8x_uart.o
                0x1000542c                UART_FIFOConfigStructInit
 .text.UART_TxCmd
                0x10005460       0x9c ./src/lib/lpc177x_8x/Drivers/source/lpc177x_8x_uart.o
                0x10005460                UART_TxCmd
 .text          0x100054fc       0x14 ./src/lib/lpc177x_8x/Core/Device/NXP/LPC177x_8x/Source/Templates/GCC/startup_LPC177x_8x.o
                0x100054fc                NMI_Handler
                0x10005500                MemManage_Handler
                0x10005502                BusFault_Handler
                0x10005504                UsageFault_Handler
                0x10005506                SVC_Handler
                0x10005508                DebugMon_Handler
                0x1000550e                USBActivity_IRQHandler
                0x1000550e                I2C1_IRQHandler
                0x1000550e                EINT2_IRQHandler
                0x1000550e                EINT3_IRQHandler
                0x1000550e                CANActivity_IRQHandler
                0x1000550e                TIMER3_IRQHandler
                0x1000550e                UART0_IRQHandler
                0x1000550e                I2C0_IRQHandler
                0x1000550e                PLL0_IRQHandler
                0x1000550e                CAN_IRQHandler
                0x1000550e                PLL1_IRQHandler
                0x1000550e                PWM1_IRQHandler
                0x1000550e                I2S_IRQHandler
                0x1000550e                I2C2_IRQHandler
                0x1000550e                RTC_IRQHandler
                0x1000550e                TIMER0_IRQHandler
                0x1000550e                LCD_IRQHandler
                0x1000550e                EINT1_IRQHandler
                0x1000550e                TIMER1_IRQHandler
                0x1000550e                UART2_IRQHandler
                0x1000550e                UART4_IRQHandler
                0x1000550e                Default_Handler
                0x1000550e                ADC_IRQHandler
                0x1000550e                SSP1_IRQHandler
                0x1000550e                USB_IRQHandler
                0x1000550e                BOD_IRQHandler
                0x1000550e                TIMER2_IRQHandler
                0x1000550e                WDT_IRQHandler
                0x1000550e                SSP0_IRQHandler
                0x1000550e                QEI_IRQHandler
                0x1000550e                EINT0_IRQHandler
                0x1000550e                PWM0_IRQHandler
                0x1000550e                SSP2_IRQHandler
                0x1000550e                EEPROM_IRQHandler
                0x1000550e                DMA_IRQHandler
                0x1000550e                GPIO_IRQHandler
                0x1000550e                UART3_IRQHandler
                0x1000550e                MCPWM_IRQHandler
 .text.SystemCoreClockUpdate
                0x10005510      0x3cc ./src/lib/lpc177x_8x/Core/Device/NXP/LPC177x_8x/Source/Templates/system_LPC177x_8x.o
                0x10005510                SystemCoreClockUpdate
 .text.SystemInit
                0x100058dc      0x104 ./src/lib/lpc177x_8x/Core/Device/NXP/LPC177x_8x/Source/Templates/system_LPC177x_8x.o
                0x100058dc                SystemInit
 .text.NVIC_EnableIRQ
                0x100059e0       0x34 ./src/bsp/driver_periph/lpc1788_usart.o
 .text.NVIC_DisableIRQ
                0x10005a14       0x38 ./src/bsp/driver_periph/lpc1788_usart.o
 .text.NVIC_SetPriority
                0x10005a4c       0x58 ./src/bsp/driver_periph/lpc1788_usart.o
 .text.configure
                0x10005aa4      0x230 ./src/bsp/driver_periph/lpc1788_usart.o
 .text.control  0x10005cd4       0x74 ./src/bsp/driver_periph/lpc1788_usart.o
 .text.putchar  0x10005d48       0x70 ./src/bsp/driver_periph/lpc1788_usart.o
 .text.getchar  0x10005db8       0x8c ./src/bsp/driver_periph/lpc1788_usart.o
 .text.writeSendFifo
                0x10005e44       0x78 ./src/bsp/driver_periph/lpc1788_usart.o
 .text.dma_transmit
                0x10005ebc       0x60 ./src/bsp/driver_periph/lpc1788_usart.o
                0x10005ebc                dma_transmit
 .text.rt_hw_usart_init
                0x10005f1c       0x70 ./src/bsp/driver_periph/lpc1788_usart.o
                0x10005f1c                rt_hw_usart_init
 .text.UART1_IRQHandler
                0x10005f8c       0x8c ./src/bsp/driver_periph/lpc1788_usart.o
                0x10005f8c                UART1_IRQHandler
 .text.NVIC_SetPriority
                0x10006018       0x58 ./src/bsp/bsp.o
 .text.SysTick_Config
                0x10006070       0x54 ./src/bsp/bsp.o
 .text.SysTick_Handler
                0x100060c4       0x14 ./src/bsp/bsp.o
                0x100060c4                SysTick_Handler
 .text.rt_hw_board_init
                0x100060d8       0x34 ./src/bsp/bsp.o
                0x100060d8                rt_hw_board_init
 .text.thread_entry
                0x1000610c       0x20 ./src/app/app.o
 .text.demo0    0x1000612c       0x34 ./src/app/app.o
 .text.demo1    0x10006160       0x34 ./src/app/app.o
 .text.demo2    0x10006194       0x34 ./src/app/app.o
 .text.rt_application_init
                0x100061c8       0xdc ./src/app/app.o
                0x100061c8                rt_application_init
 .text.rtthread_startup
                0x100062a4       0x44 ./src/app/main.o
                0x100062a4                rtthread_startup
 .text.main     0x100062e8       0x14 ./src/app/main.o
                0x100062e8                main
 .text          0x100062fc       0x2c g:/program files/codesourcery/sourcery_codebench_lite_for_arm_eabi/bin/../lib/gcc/arm-none-eabi/4.7.2/thumb2\libgcc.a(_aeabi_uldivmod.o)
                0x100062fc                __aeabi_uldivmod
 .text          0x10006328       0x60 g:/program files/codesourcery/sourcery_codebench_lite_for_arm_eabi/bin/../lib/gcc/arm-none-eabi/4.7.2/thumb2\libgcc.a(bpabi.o)
                0x10006328                __gnu_ldivmod_helper
                0x10006358                __gnu_uldivmod_helper
 .text          0x10006388        0x4 g:/program files/codesourcery/sourcery_codebench_lite_for_arm_eabi/bin/../lib/gcc/arm-none-eabi/4.7.2/thumb2\libgcc.a(_dvmd_tls.o)
                0x10006388                __aeabi_idiv0
                0x10006388                __aeabi_ldiv0
 .text          0x1000638c      0x36c g:/program files/codesourcery/sourcery_codebench_lite_for_arm_eabi/bin/../lib/gcc/arm-none-eabi/4.7.2/thumb2\libgcc.a(_divdi3.o)
                0x1000638c                __divdi3
 .text          0x100066f8      0x314 g:/program files/codesourcery/sourcery_codebench_lite_for_arm_eabi/bin/../lib/gcc/arm-none-eabi/4.7.2/thumb2\libgcc.a(_udivdi3.o)
                0x100066f8                __udivdi3
 *fill*         0x10006a0c        0x4 
 .text          0x10006a10      0x278 g:/program files/codesourcery/sourcery_codebench_lite_for_arm_eabi/bin/../lib/gcc/arm-none-eabi/4.7.2/thumb2\libgcc.a(_udivsi3.o)
                0x10006a10                __aeabi_uidiv
                0x10006a10                __udivsi3
                0x10006c6c                __aeabi_uidivmod
 .text          0x10006c88       0x30 g:/program files/codesourcery/sourcery_codebench_lite_for_arm_eabi/bin/../lib/gcc/arm-none-eabi/4.7.2/../../../../arm-none-eabi/lib/thumb2\libcs3.a(start_c.o)
                0x10006c88                __cs3_premain
 .text.cs3.init
                0x10006cb8       0x58 g:/program files/codesourcery/sourcery_codebench_lite_for_arm_eabi/bin/../lib/gcc/arm-none-eabi/4.7.2/../../../../arm-none-eabi/lib/thumb2\libcs3.a(start_c.o)
                0x10006cb8                __cs3_start_c
 .text          0x10006d10       0x58 g:/program files/codesourcery/sourcery_codebench_lite_for_arm_eabi/bin/../lib/gcc/arm-none-eabi/4.7.2/../../../../arm-none-eabi/lib/thumb2\libc.a(lib_a-init.o)
                0x10006d10                __libc_init_array
 *(.plt)
 *(.gnu.warning)
 *(.glue_7t)
 .glue_7t       0x00000000        0x0 linker stubs
 *(.glue_7)
 .glue_7        0x00000000        0x0 linker stubs
 *(.vfp11_veneer)
 .vfp11_veneer  0x00000000        0x0 linker stubs
 *(.rodata .rodata.* .gnu.linkonce.r.*)
 .rodata        0x10006d68       0x68 ./src/os/rt-thread/src/device.o
 .rodata.__FUNCTION__.4885
                0x10006dd0       0x10 ./src/os/rt-thread/src/device.o
 .rodata.__FUNCTION__.4853
                0x10006de0       0x10 ./src/os/rt-thread/src/device.o
 .rodata.__FUNCTION__.4842
                0x10006df0       0x10 ./src/os/rt-thread/src/device.o
 .rodata        0x10006e00       0x50 ./src/os/rt-thread/src/idle.o
 .rodata.__FUNCTION__.4850
                0x10006e50       0x18 ./src/os/rt-thread/src/idle.o
 .rodata        0x10006e68       0xc0 ./src/os/rt-thread/src/ipc.o
 .rodata.__FUNCTION__.4922
                0x10006f28        0xc ./src/os/rt-thread/src/ipc.o
 .rodata.__FUNCTION__.4878
                0x10006f34        0xc ./src/os/rt-thread/src/ipc.o
 .rodata        0x10006f40       0x90 ./src/os/rt-thread/src/kservice.o
 .rodata.large_digits.5002
                0x10006fd0       0x14 ./src/os/rt-thread/src/kservice.o
 .rodata.small_digits.5001
                0x10006fe4       0x14 ./src/os/rt-thread/src/kservice.o
 .rodata        0x10006ff8      0x288 ./src/os/rt-thread/src/mem.o
 .rodata.__FUNCTION__.4961
                0x10007280        0x8 ./src/os/rt-thread/src/mem.o
 .rodata.__FUNCTION__.4902
                0x10007288        0xc ./src/os/rt-thread/src/mem.o
 .rodata.__FUNCTION__.4889
                0x10007294       0x14 ./src/os/rt-thread/src/mem.o
 .rodata.__FUNCTION__.4869
                0x100072a8        0xc ./src/os/rt-thread/src/mem.o
 .rodata        0x100072b4       0x88 ./src/os/rt-thread/src/object.o
 .rodata.__FUNCTION__.4920
                0x1000733c       0x1c ./src/os/rt-thread/src/object.o
 .rodata.__FUNCTION__.4908
                0x10007358       0x14 ./src/os/rt-thread/src/object.o
 .rodata.__FUNCTION__.4898
                0x1000736c       0x14 ./src/os/rt-thread/src/object.o
 .rodata.__FUNCTION__.4886
                0x10007380       0x14 ./src/os/rt-thread/src/object.o
 .rodata.rt_lowest_bitmap
                0x10007394      0x100 ./src/os/rt-thread/src/scheduler.o
                0x10007394                rt_lowest_bitmap
 .rodata        0x10007494       0x88 ./src/os/rt-thread/src/scheduler.o
 .rodata.__FUNCTION__.4900
                0x1000751c       0x1c ./src/os/rt-thread/src/scheduler.o
 .rodata.__FUNCTION__.4891
                0x10007538       0x1c ./src/os/rt-thread/src/scheduler.o
 .rodata.__FUNCTION__.4857
                0x10007554       0x1c ./src/os/rt-thread/src/scheduler.o
 .rodata        0x10007570       0xb4 ./src/os/rt-thread/src/thread.o
 .rodata.__FUNCTION__.4982
                0x10007624       0x14 ./src/os/rt-thread/src/thread.o
 .rodata.__FUNCTION__.4973
                0x10007638       0x14 ./src/os/rt-thread/src/thread.o
 .rodata.__FUNCTION__.4964
                0x1000764c       0x14 ./src/os/rt-thread/src/thread.o
 .rodata.__FUNCTION__.4936
                0x10007660       0x10 ./src/os/rt-thread/src/thread.o
 .rodata.__FUNCTION__.4888
                0x10007670       0x14 ./src/os/rt-thread/src/thread.o
 .rodata.__FUNCTION__.4873
                0x10007684       0x10 ./src/os/rt-thread/src/thread.o
 .rodata.__FUNCTION__.4857
                0x10007694       0x10 ./src/os/rt-thread/src/thread.o
 .rodata        0x100076a4       0x58 ./src/os/rt-thread/src/timer.o
 .rodata.__FUNCTION__.4935
                0x100076fc       0x14 ./src/os/rt-thread/src/timer.o
 .rodata.__FUNCTION__.4909
                0x10007710       0x10 ./src/os/rt-thread/src/timer.o
 .rodata.__FUNCTION__.4870
                0x10007720       0x10 ./src/os/rt-thread/src/timer.o
 .rodata        0x10007730       0xd0 ./src/os/rt-thread/libcpu/arm/cortex-m3/cpuport.o
 .rodata        0x10007800       0x80 ./src/os/rt-thread/components/drivers/src/dataqueue.o
 .rodata.__FUNCTION__.5026
                0x10007880       0x14 ./src/os/rt-thread/components/drivers/src/dataqueue.o
 .rodata.__FUNCTION__.5002
                0x10007894       0x14 ./src/os/rt-thread/components/drivers/src/dataqueue.o
 .rodata.__FUNCTION__.4987
                0x100078a8       0x14 ./src/os/rt-thread/components/drivers/src/dataqueue.o
 .rodata        0x100078bc       0xc8 ./src/os/rt-thread/components/drivers/serial/serial.o
 .rodata.__FUNCTION__.5143
                0x10007984       0x18 ./src/os/rt-thread/components/drivers/serial/serial.o
 .rodata.__FUNCTION__.5132
                0x1000799c       0x1c ./src/os/rt-thread/components/drivers/serial/serial.o
 .rodata.__FUNCTION__.5121
                0x100079b8       0x18 ./src/os/rt-thread/components/drivers/serial/serial.o
 .rodata.__FUNCTION__.5112
                0x100079d0       0x18 ./src/os/rt-thread/components/drivers/serial/serial.o
 .rodata.__FUNCTION__.5096
                0x100079e8       0x14 ./src/os/rt-thread/components/drivers/serial/serial.o
 .rodata.__FUNCTION__.5070
                0x100079fc       0x10 ./src/os/rt-thread/components/drivers/serial/serial.o
 .rodata.__FUNCTION__.5041
                0x10007a0c       0x10 ./src/os/rt-thread/components/drivers/serial/serial.o
 .rodata.__FUNCTION__.5027
                0x10007a1c       0x10 ./src/os/rt-thread/components/drivers/serial/serial.o
 .rodata.__FUNCTION__.5017
                0x10007a2c       0x10 ./src/os/rt-thread/components/drivers/serial/serial.o
 .rodata.__FUNCTION__.5006
                0x10007a3c       0x10 ./src/os/rt-thread/components/drivers/serial/serial.o
 .rodata        0x10007a4c       0x54 ./src/bsp/driver_periph/lpc1788_usart.o
 .rodata.usart_ops
                0x10007aa0       0x14 ./src/bsp/driver_periph/lpc1788_usart.o
 .rodata.__FUNCTION__.6718
                0x10007ab4       0x10 ./src/bsp/driver_periph/lpc1788_usart.o
 .rodata.__FUNCTION__.6698
                0x10007ac4        0x8 ./src/bsp/driver_periph/lpc1788_usart.o
 .rodata.__FUNCTION__.6689
                0x10007acc        0x8 ./src/bsp/driver_periph/lpc1788_usart.o
 .rodata.__FUNCTION__.6676
                0x10007ad4        0x8 ./src/bsp/driver_periph/lpc1788_usart.o
 .rodata.__FUNCTION__.6636
                0x10007adc        0xc ./src/bsp/driver_periph/lpc1788_usart.o
 .rodata        0x10007ae8       0x44 ./src/app/app.o
 .rodata        0x10007b2c       0x58 ./src/app/main.o
 *(.ARM.extab* .gnu.linkonce.armextab.*)
 *(.gcc_except_table)
 *(.eh_frame_hdr)
 *(.eh_frame)
 .eh_frame      0x10007b84        0x0 g:/program files/codesourcery/sourcery_codebench_lite_for_arm_eabi/bin/../lib/gcc/arm-none-eabi/4.7.2/thumb2/crtbegin.o
                0x10007b84                . = ALIGN (0x4)
 *(.init)
 .init          0x10007b84        0x4 g:/program files/codesourcery/sourcery_codebench_lite_for_arm_eabi/bin/../lib/gcc/arm-none-eabi/4.7.2/thumb2/crti.o
                0x10007b84                _init
 .init          0x10007b88        0x8 g:/program files/codesourcery/sourcery_codebench_lite_for_arm_eabi/bin/../lib/gcc/arm-none-eabi/4.7.2/thumb2/crtn.o
                0x10007b90                . = ALIGN (0x4)
                0x10007b90                __preinit_array_start = .
 *(.preinit_array)
                0x10007b90                __preinit_array_end = .
                0x10007b90                . = ALIGN (0x4)
                0x10007b90                __init_array_start = .
 *(SORT(.init_array.*))
 *(.init_array)
 .init_array    0x10007b90        0x4 g:/program files/codesourcery/sourcery_codebench_lite_for_arm_eabi/bin/../lib/gcc/arm-none-eabi/4.7.2/thumb2/crtbegin.o
                0x10007b94                __init_array_end = .
                0x10007b94                . = ALIGN (0x4)
 *crtbegin.o(.ctors)
 *(EXCLUDE_FILE(*crtend.o) .ctors)
 *(SORT(.ctors.*))
 *crtend.o(.ctors)
                0x10007b94                . = ALIGN (0x4)
 *(.fini)
 .fini          0x10007b94        0x4 g:/program files/codesourcery/sourcery_codebench_lite_for_arm_eabi/bin/../lib/gcc/arm-none-eabi/4.7.2/thumb2/crti.o
                0x10007b94                _fini
 .fini          0x10007b98        0x8 g:/program files/codesourcery/sourcery_codebench_lite_for_arm_eabi/bin/../lib/gcc/arm-none-eabi/4.7.2/thumb2/crtn.o
                0x10007ba0                . = ALIGN (0x4)
                0x10007ba0                __fini_array_start = .
 *(.fini_array)
 .fini_array    0x10007ba0        0x4 g:/program files/codesourcery/sourcery_codebench_lite_for_arm_eabi/bin/../lib/gcc/arm-none-eabi/4.7.2/thumb2/crtbegin.o
 *(SORT(.fini_array.*))
                0x10007ba4                __fini_array_end = .
 *crtbegin.o(.dtors)
 *(EXCLUDE_FILE(*crtend.o) .dtors)
 *(SORT(.dtors.*))
 *crtend.o(.dtors)
                0x10007ba4                . = ALIGN (0x4)
                0x10007ba4                __cs3_regions = .
                0x10007ba4        0x4 LONG 0x0
                0x10007ba8        0x4 LONG 0x10007bc0 __cs3_region_init_ram
                0x10007bac        0x4 LONG 0x10000000 __cs3_region_start_ram
                0x10007bb0        0x4 LONG 0xc0 __cs3_region_init_size_ram
                0x10007bb4        0x4 LONG 0x1d68 __cs3_region_zero_size_ram
                0x10007bb8                __exidx_start = .

.v4_bx          0x10007bb8        0x0
 .v4_bx         0x00000000        0x0 linker stubs

.iplt           0x10007bb8        0x0
 .iplt          0x00000000        0x0 g:/program files/codesourcery/sourcery_codebench_lite_for_arm_eabi/bin/../lib/gcc/arm-none-eabi/4.7.2/thumb2/crtbegin.o

.ARM.exidx      0x10007bb8        0x8
 *(.ARM.exidx* .gnu.linkonce.armexidx.*)
 .ARM.exidx.cs3.reset
                0x10007bb8        0x8 ./src/lib/lpc177x_8x/Core/Device/NXP/LPC177x_8x/Source/Templates/GCC/startup_LPC177x_8x.o
 .ARM.exidx     0x10007bc0        0x0 g:/program files/codesourcery/sourcery_codebench_lite_for_arm_eabi/bin/../lib/gcc/arm-none-eabi/4.7.2/thumb2\libgcc.a(_divdi3.o)
                                  0x8 (size before relaxing)
 .ARM.exidx     0x10007bc0        0x0 g:/program files/codesourcery/sourcery_codebench_lite_for_arm_eabi/bin/../lib/gcc/arm-none-eabi/4.7.2/thumb2\libgcc.a(_udivdi3.o)
                                  0x8 (size before relaxing)
                0x10007bc0                __exidx_end = .

.rel.dyn        0x10007bc0        0x0
 .rel.iplt      0x00000000        0x0 g:/program files/codesourcery/sourcery_codebench_lite_for_arm_eabi/bin/../lib/gcc/arm-none-eabi/4.7.2/thumb2/crtbegin.o

.text.align     0x10007bc0        0x0
                0x10007bc0                . = ALIGN (0x8)
                0x10007bc0                _etext = .

.data           0x10007bc0       0xc0
                0x10007bc0                _sdata = .
 *(.jcr)
 .jcr           0x10007bc0        0x0 g:/program files/codesourcery/sourcery_codebench_lite_for_arm_eabi/bin/../lib/gcc/arm-none-eabi/4.7.2/thumb2/crtbegin.o
 .jcr           0x10007bc0        0x4 g:/program files/codesourcery/sourcery_codebench_lite_for_arm_eabi/bin/../lib/gcc/arm-none-eabi/4.7.2/thumb2/crtend.o
 *(.got.plt)
 *(.got)
 *(.shdata)
 *(.data .data.* .gnu.linkonce.d.*)
 .data.rt_object_container
                0x10007bc4       0xa0 ./src/os/rt-thread/src/object.o
                0x10007bc4                rt_object_container
 .data.rt_timer_list
                0x10007c64        0x8 ./src/os/rt-thread/src/timer.o
 .data.SystemCoreClock
                0x10007c6c        0x4 ./src/lib/lpc177x_8x/Core/Device/NXP/LPC177x_8x/Source/Templates/system_LPC177x_8x.o
                0x10007c6c                SystemCoreClock
 .data.PeripheralClock
                0x10007c70        0x4 ./src/lib/lpc177x_8x/Core/Device/NXP/LPC177x_8x/Source/Templates/system_LPC177x_8x.o
                0x10007c70                PeripheralClock
 .data.EMCClock
                0x10007c74        0x4 ./src/lib/lpc177x_8x/Core/Device/NXP/LPC177x_8x/Source/Templates/system_LPC177x_8x.o
                0x10007c74                EMCClock
 .data.USBClock
                0x10007c78        0x4 ./src/lib/lpc177x_8x/Core/Device/NXP/LPC177x_8x/Source/Templates/system_LPC177x_8x.o
                0x10007c78                USBClock
 *(.ram.d)
                0x10007c80                . = ALIGN (0x8)
 *fill*         0x10007c7c        0x4 
                0x10007c80                _edata = .

.tm_clone_table
                0x10007c80        0x0
 .tm_clone_table
                0x10007c80        0x0 g:/program files/codesourcery/sourcery_codebench_lite_for_arm_eabi/bin/../lib/gcc/arm-none-eabi/4.7.2/thumb2/crtbegin.o
 .tm_clone_table
                0x10007c80        0x0 g:/program files/codesourcery/sourcery_codebench_lite_for_arm_eabi/bin/../lib/gcc/arm-none-eabi/4.7.2/thumb2/crtend.o

.igot.plt       0x10007c80        0x0
 .igot.plt      0x00000000        0x0 g:/program files/codesourcery/sourcery_codebench_lite_for_arm_eabi/bin/../lib/gcc/arm-none-eabi/4.7.2/thumb2/crtbegin.o

.bss            0x10007c80     0x1d68
                0x10007c80                . = ALIGN (0x4)
                0x10007c80                __bss_start__ = .
 *(.shbss)
 *(.bss .bss.* .gnu.linkonce.b.*)
 .bss           0x10007c80       0x1c g:/program files/codesourcery/sourcery_codebench_lite_for_arm_eabi/bin/../lib/gcc/arm-none-eabi/4.7.2/thumb2/crtbegin.o
 .bss.rt_tick   0x10007c9c        0x4 ./src/os/rt-thread/src/clock.o
 .bss.idle      0x10007ca0       0x78 ./src/os/rt-thread/src/idle.o
 .bss.rt_thread_stack
                0x10007d18      0x100 ./src/os/rt-thread/src/idle.o
 .bss.rt_thread_idle_hook
                0x10007e18        0x4 ./src/os/rt-thread/src/idle.o
 .bss._errno    0x10007e1c        0x4 ./src/os/rt-thread/src/kservice.o
 .bss._console_device
                0x10007e20        0x4 ./src/os/rt-thread/src/kservice.o
 .bss.rt_log_buf.5110
                0x10007e24       0x80 ./src/os/rt-thread/src/kservice.o
 .bss.rt_malloc_hook
                0x10007ea4        0x4 ./src/os/rt-thread/src/mem.o
 .bss.rt_free_hook
                0x10007ea8        0x4 ./src/os/rt-thread/src/mem.o
 .bss.heap_ptr  0x10007eac        0x4 ./src/os/rt-thread/src/mem.o
 .bss.heap_end  0x10007eb0        0x4 ./src/os/rt-thread/src/mem.o
 .bss.lfree     0x10007eb4        0x4 ./src/os/rt-thread/src/mem.o
 .bss.heap_sem  0x10007eb8       0x1c ./src/os/rt-thread/src/mem.o
 .bss.mem_size_aligned
                0x10007ed4        0x4 ./src/os/rt-thread/src/mem.o
 .bss.used_mem  0x10007ed8        0x4 ./src/os/rt-thread/src/mem.o
 .bss.max_mem   0x10007edc        0x4 ./src/os/rt-thread/src/mem.o
 .bss.rt_object_attach_hook
                0x10007ee0        0x4 ./src/os/rt-thread/src/object.o
 .bss.rt_object_detach_hook
                0x10007ee4        0x4 ./src/os/rt-thread/src/object.o
 .bss.rt_scheduler_lock_nest
                0x10007ee8        0x2 ./src/os/rt-thread/src/scheduler.o
 *fill*         0x10007eea        0x2 
 .bss.rt_scheduler_hook
                0x10007eec        0x4 ./src/os/rt-thread/src/scheduler.o
 .bss.rt_timer_timeout_hook
                0x10007ef0        0x4 ./src/os/rt-thread/src/timer.o
 .bss.EMAC_Configs
                0x10007ef4       0x2c ./src/lib/lpc177x_8x/Drivers/source/lpc177x_8x_emac.o
 .bss.saFrameBuffers
                0x10007f20     0x1800 ./src/lib/lpc177x_8x/Drivers/source/lpc177x_8x_emac.o
 .bss.sulCurrFrameSz
                0x10009720        0x4 ./src/lib/lpc177x_8x/Drivers/source/lpc177x_8x_emac.o
 .bss.sbCurrFrameID
                0x10009724        0x1 ./src/lib/lpc177x_8x/Drivers/source/lpc177x_8x_emac.o
 *fill*         0x10009725        0x3 
 .bss.Mci_Data_Xfer_End
                0x10009728        0x4 ./src/lib/lpc177x_8x/Drivers/source/lpc177x_8x_mci.o
                0x10009728                Mci_Data_Xfer_End
 .bss.Mci_Data_Xfer_ERR
                0x1000972c        0x4 ./src/lib/lpc177x_8x/Drivers/source/lpc177x_8x_mci.o
                0x1000972c                Mci_Data_Xfer_ERR
 .bss.RecvFifoLength
                0x10009730        0x1 ./src/bsp/driver_periph/lpc1788_usart.o
 .bss.SendFifoLength
                0x10009731        0x1 ./src/bsp/driver_periph/lpc1788_usart.o
 *(COMMON)
 COMMON         0x10009732        0x1 ./src/os/rt-thread/src/irq.o
                0x10009732                rt_interrupt_nest
 *fill*         0x10009733        0x1 
 COMMON         0x10009734        0xc ./src/os/rt-thread/src/object.o
                0x10009734                rt_object_put_hook
                0x10009738                rt_object_take_hook
                0x1000973c                rt_object_trytake_hook
 COMMON         0x10009740      0x114 ./src/os/rt-thread/src/scheduler.o
                0x10009740                rt_thread_priority_table
                0x10009840                rt_current_priority
                0x10009844                rt_current_thread
                0x10009848                rt_thread_ready_priority_group
                0x1000984c                rt_thread_defunct
 COMMON         0x10009854        0xc ./src/os/rt-thread/libcpu/arm/cortex-m3/cpuport.o
                0x10009854                rt_interrupt_to_thread
                0x10009858                rt_interrupt_from_thread
                0x1000985c                rt_thread_switch_interrupt_flag
 COMMON         0x10009860      0x188 ./src/bsp/driver_periph/lpc1788_usart.o
                0x10009860                SendPtr
                0x10009864                serial1_int_tx
                0x100098e8                SendLength
                0x100098ec                serial1
                0x10009964                serial1_int_rx
                0x100099e8                __bss_end__ = .
 *(.ram.b)
                0x100099e8                . = ALIGN (0x4)
                0x100099e8                _end = .
                0x100099e8                __end = .

.usb_ram
 *.o(USB_RAM)

.heap           0x100099e8     0x1000
 *(.heap)
 .heap          0x100099e8     0x1000 ./src/lib/lpc177x_8x/Core/Device/NXP/LPC177x_8x/Source/Templates/GCC/startup_LPC177x_8x.o
                0x100099e8                __cs3_heap_start
                0x1000a9e8                __cs3_heap_end

.stack          0x1000fc00      0x400
 *(.stack)
 .stack         0x1000fc00      0x400 ./src/lib/lpc177x_8x/Core/Device/NXP/LPC177x_8x/Source/Templates/GCC/startup_LPC177x_8x.o
                0x1000fc00                __cs3_stack_mem
                0x10010000                _estack = .
                0x10010000                PROVIDE (estack, .)
                0x10007bc0                __cs3_region_init_ram = LOADADDR (.data)
                0x000000c0                __cs3_region_init_size_ram = (_edata - _sdata)
                0x00001d68                __cs3_region_zero_size_ram = (_end - _edata)
                0x00010000                __cs3_region_size_ram = 0x10000
                0x00000001                __cs3_region_num = 0x1

.stab
 *(.stab)

.stabstr
 *(.stabstr)

.debug
 *(.debug)

.line
 *(.line)

.debug_srcinfo
 *(.debug_srcinfo)

.debug_sfnames
 *(.debug_sfnames)

.debug_aranges  0x00000000     0x1e30
 *(.debug_aranges)
 .debug_aranges
                0x00000000       0x40 ./src/os/rt-thread/src/clock.o
 .debug_aranges
                0x00000040       0x78 ./src/os/rt-thread/src/device.o
 .debug_aranges
                0x000000b8       0x48 ./src/os/rt-thread/src/idle.o
 .debug_aranges
                0x00000100      0x180 ./src/os/rt-thread/src/ipc.o
 .debug_aranges
                0x00000280       0x30 ./src/os/rt-thread/src/irq.o
 .debug_aranges
                0x000002b0       0xf8 ./src/os/rt-thread/src/kservice.o
 .debug_aranges
                0x000003a8       0x60 ./src/os/rt-thread/src/mem.o
 .debug_aranges
                0x00000408       0x38 ./src/os/rt-thread/src/memheap.o
 .debug_aranges
                0x00000440       0x70 ./src/os/rt-thread/src/mempool.o
 .debug_aranges
                0x000004b0       0x18 ./src/os/rt-thread/src/module.o
 .debug_aranges
                0x000004c8       0x90 ./src/os/rt-thread/src/object.o
 .debug_aranges
                0x00000558       0x80 ./src/os/rt-thread/src/scheduler.o
 .debug_aranges
                0x000005d8       0x18 ./src/os/rt-thread/src/slab.o
 .debug_aranges
                0x000005f0       0xb8 ./src/os/rt-thread/src/thread.o
 .debug_aranges
                0x000006a8       0xa8 ./src/os/rt-thread/src/timer.o
 .debug_aranges
                0x00000750       0x20 ./src/os/rt-thread/libcpu/arm/cortex-m3/context_gcc.o
 .debug_aranges
                0x00000770       0x30 ./src/os/rt-thread/libcpu/arm/cortex-m3/cpuport.o
 .debug_aranges
                0x000007a0       0x20 ./src/os/rt-thread/components/init/components.o
 .debug_aranges
                0x000007c0       0x48 ./src/os/rt-thread/components/drivers/src/completion.o
 .debug_aranges
                0x00000808       0x58 ./src/os/rt-thread/components/drivers/src/dataqueue.o
 .debug_aranges
                0x00000860       0x58 ./src/os/rt-thread/components/drivers/src/pipe.o
 .debug_aranges
                0x000008b8       0x40 ./src/os/rt-thread/components/drivers/src/ringbuffer.o
 .debug_aranges
                0x000008f8       0x70 ./src/os/rt-thread/components/drivers/spi/spi_core.o
 .debug_aranges
                0x00000968       0x68 ./src/os/rt-thread/components/drivers/spi/spi_dev.o
 .debug_aranges
                0x000009d0       0xa0 ./src/os/rt-thread/components/drivers/serial/serial.o
 .debug_aranges
                0x00000a70       0x18 ./src/os/rt-thread/components/drivers/rtc/alarm.o
 .debug_aranges
                0x00000a88       0x30 ./src/os/rt-thread/components/drivers/rtc/rtc.o
 .debug_aranges
                0x00000ab8       0x18 ./src/os/rt-thread/components/drivers/mtd/mtd_nand.o
 .debug_aranges
                0x00000ad0       0x18 ./src/os/rt-thread/components/drivers/mtd/mtd_nor.o
 .debug_aranges
                0x00000ae8       0x98 ./src/lib/lpc177x_8x/Drivers/source/debug_frmwrk.o
 .debug_aranges
                0x00000b80       0x80 ./src/lib/lpc177x_8x/Drivers/source/lpc177x_8x_adc.o
 .debug_aranges
                0x00000c00       0x38 ./src/lib/lpc177x_8x/Drivers/source/lpc177x_8x_bod.o
 .debug_aranges
                0x00000c38       0xc0 ./src/lib/lpc177x_8x/Drivers/source/lpc177x_8x_can.o
 .debug_aranges
                0x00000cf8       0x50 ./src/lib/lpc177x_8x/Drivers/source/lpc177x_8x_clkpwr.o
 .debug_aranges
                0x00000d48       0x38 ./src/lib/lpc177x_8x/Drivers/source/lpc177x_8x_crc.o
 .debug_aranges
                0x00000d80       0x50 ./src/lib/lpc177x_8x/Drivers/source/lpc177x_8x_dac.o
 .debug_aranges
                0x00000dd0       0x40 ./src/lib/lpc177x_8x/Drivers/source/lpc177x_8x_eeprom.o
 .debug_aranges
                0x00000e10      0x100 ./src/lib/lpc177x_8x/Drivers/source/lpc177x_8x_emac.o
 .debug_aranges
                0x00000f10      0x100 ./src/lib/lpc177x_8x/Drivers/source/lpc177x_8x_emc.o
 .debug_aranges
                0x00001010       0x48 ./src/lib/lpc177x_8x/Drivers/source/lpc177x_8x_exti.o
 .debug_aranges
                0x00001058       0x48 ./src/lib/lpc177x_8x/Drivers/source/lpc177x_8x_gpdma.o
 .debug_aranges
                0x000010a0      0x110 ./src/lib/lpc177x_8x/Drivers/source/lpc177x_8x_gpio.o
 .debug_aranges
                0x000011b0       0xe0 ./src/lib/lpc177x_8x/Drivers/source/lpc177x_8x_i2c.o
 .debug_aranges
                0x00001290       0xc0 ./src/lib/lpc177x_8x/Drivers/source/lpc177x_8x_i2s.o
 .debug_aranges
                0x00001350       0x68 ./src/lib/lpc177x_8x/Drivers/source/lpc177x_8x_iap.o
 .debug_aranges
                0x000013b8       0xa8 ./src/lib/lpc177x_8x/Drivers/source/lpc177x_8x_lcd.o
 .debug_aranges
                0x00001460      0x180 ./src/lib/lpc177x_8x/Drivers/source/lpc177x_8x_mci.o
 .debug_aranges
                0x000015e0       0x90 ./src/lib/lpc177x_8x/Drivers/source/lpc177x_8x_mcpwm.o
 .debug_aranges
                0x00001670       0x30 ./src/lib/lpc177x_8x/Drivers/source/lpc177x_8x_nvic.o
 .debug_aranges
                0x000016a0       0x80 ./src/lib/lpc177x_8x/Drivers/source/lpc177x_8x_pinsel.o
 .debug_aranges
                0x00001720       0x90 ./src/lib/lpc177x_8x/Drivers/source/lpc177x_8x_pwm.o
 .debug_aranges
                0x000017b0       0xc8 ./src/lib/lpc177x_8x/Drivers/source/lpc177x_8x_qei.o
 .debug_aranges
                0x00001878      0x108 ./src/lib/lpc177x_8x/Drivers/source/lpc177x_8x_rtc.o
 .debug_aranges
                0x00001980       0xa8 ./src/lib/lpc177x_8x/Drivers/source/lpc177x_8x_ssp.o
 .debug_aranges
                0x00001a28       0x48 ./src/lib/lpc177x_8x/Drivers/source/lpc177x_8x_systick.o
 .debug_aranges
                0x00001a70       0x98 ./src/lib/lpc177x_8x/Drivers/source/lpc177x_8x_timer.o
 .debug_aranges
                0x00001b08      0x108 ./src/lib/lpc177x_8x/Drivers/source/lpc177x_8x_uart.o
 .debug_aranges
                0x00001c10       0xb8 ./src/lib/lpc177x_8x/Drivers/source/lpc177x_8x_wwdt.o
 .debug_aranges
                0x00001cc8       0x28 ./src/lib/lpc177x_8x/Core/Device/NXP/LPC177x_8x/Source/Templates/GCC/startup_LPC177x_8x.o
 .debug_aranges
                0x00001cf0       0x28 ./src/lib/lpc177x_8x/Core/Device/NXP/LPC177x_8x/Source/Templates/system_LPC177x_8x.o
 .debug_aranges
                0x00001d18       0x70 ./src/bsp/driver_periph/lpc1788_usart.o
 .debug_aranges
                0x00001d88       0x38 ./src/bsp/bsp.o
 .debug_aranges
                0x00001dc0       0x40 ./src/app/app.o
 .debug_aranges
                0x00001e00       0x30 ./src/app/main.o

.debug_pubnames
 *(.debug_pubnames)

.debug_info     0x00000000    0x232ce
 *(.debug_info .gnu.linkonce.wi.*)
 .debug_info    0x00000000      0x401 ./src/os/rt-thread/src/clock.o
 .debug_info    0x00000401      0xa21 ./src/os/rt-thread/src/device.o
 .debug_info    0x00000e22      0x511 ./src/os/rt-thread/src/idle.o
 .debug_info    0x00001333     0x1e96 ./src/os/rt-thread/src/ipc.o
 .debug_info    0x000031c9      0x106 ./src/os/rt-thread/src/irq.o
 .debug_info    0x000032cf     0x1068 ./src/os/rt-thread/src/kservice.o
 .debug_info    0x00004337      0x864 ./src/os/rt-thread/src/mem.o
 .debug_info    0x00004b9b      0x780 ./src/os/rt-thread/src/memheap.o
 .debug_info    0x0000531b      0x944 ./src/os/rt-thread/src/mempool.o
 .debug_info    0x00005c5f       0x61 ./src/os/rt-thread/src/module.o
 .debug_info    0x00005cc0      0x734 ./src/os/rt-thread/src/object.o
 .debug_info    0x000063f4      0x778 ./src/os/rt-thread/src/scheduler.o
 .debug_info    0x00006b6c       0x61 ./src/os/rt-thread/src/slab.o
 .debug_info    0x00006bcd      0xc47 ./src/os/rt-thread/src/thread.o
 .debug_info    0x00007814      0x84f ./src/os/rt-thread/src/timer.o
 .debug_info    0x00008063       0x81 ./src/os/rt-thread/libcpu/arm/cortex-m3/context_gcc.o
 .debug_info    0x000080e4      0x4f6 ./src/os/rt-thread/libcpu/arm/cortex-m3/cpuport.o
 .debug_info    0x000085da       0x83 ./src/os/rt-thread/components/init/components.o
 .debug_info    0x0000865d      0x5f3 ./src/os/rt-thread/components/drivers/src/completion.o
 .debug_info    0x00008c50      0x890 ./src/os/rt-thread/components/drivers/src/dataqueue.o
 .debug_info    0x000094e0      0x9b8 ./src/os/rt-thread/components/drivers/src/pipe.o
 .debug_info    0x00009e98      0x3d6 ./src/os/rt-thread/components/drivers/src/ringbuffer.o
 .debug_info    0x0000a26e      0xee4 ./src/os/rt-thread/components/drivers/spi/spi_core.o
 .debug_info    0x0000b152      0xd9a ./src/os/rt-thread/components/drivers/spi/spi_dev.o
 .debug_info    0x0000beec      0xeb3 ./src/os/rt-thread/components/drivers/serial/serial.o
 .debug_info    0x0000cd9f       0x61 ./src/os/rt-thread/components/drivers/rtc/alarm.o
 .debug_info    0x0000ce00      0x5cc ./src/os/rt-thread/components/drivers/rtc/rtc.o
 .debug_info    0x0000d3cc       0x61 ./src/os/rt-thread/components/drivers/mtd/mtd_nand.o
 .debug_info    0x0000d42d       0x61 ./src/os/rt-thread/components/drivers/mtd/mtd_nor.o
 .debug_info    0x0000d48e      0x9b4 ./src/lib/lpc177x_8x/Drivers/source/debug_frmwrk.o
 .debug_info    0x0000de42      0x539 ./src/lib/lpc177x_8x/Drivers/source/lpc177x_8x_adc.o
 .debug_info    0x0000e37b      0x763 ./src/lib/lpc177x_8x/Drivers/source/lpc177x_8x_bod.o
 .debug_info    0x0000eade     0x11fb ./src/lib/lpc177x_8x/Drivers/source/lpc177x_8x_can.o
 .debug_info    0x0000fcd9      0x754 ./src/lib/lpc177x_8x/Drivers/source/lpc177x_8x_clkpwr.o
 .debug_info    0x0001042d      0x35c ./src/lib/lpc177x_8x/Drivers/source/lpc177x_8x_crc.o
 .debug_info    0x00010789      0x33f ./src/lib/lpc177x_8x/Drivers/source/lpc177x_8x_dac.o
 .debug_info    0x00010ac8      0x3f1 ./src/lib/lpc177x_8x/Drivers/source/lpc177x_8x_eeprom.o
 .debug_info    0x00010eb9      0xeaa ./src/lib/lpc177x_8x/Drivers/source/lpc177x_8x_emac.o
 .debug_info    0x00011d63     0x126e ./src/lib/lpc177x_8x/Drivers/source/lpc177x_8x_emc.o
 .debug_info    0x00012fd1      0x587 ./src/lib/lpc177x_8x/Drivers/source/lpc177x_8x_exti.o
 .debug_info    0x00013558     0x1313 ./src/lib/lpc177x_8x/Drivers/source/lpc177x_8x_gpdma.o
 .debug_info    0x0001486b      0xc4b ./src/lib/lpc177x_8x/Drivers/source/lpc177x_8x_gpio.o
 .debug_info    0x000154b6     0x103d ./src/lib/lpc177x_8x/Drivers/source/lpc177x_8x_i2c.o
 .debug_info    0x000164f3      0x94e ./src/lib/lpc177x_8x/Drivers/source/lpc177x_8x_i2s.o
 .debug_info    0x00016e41      0x52c ./src/lib/lpc177x_8x/Drivers/source/lpc177x_8x_iap.o
 .debug_info    0x0001736d     0x1242 ./src/lib/lpc177x_8x/Drivers/source/lpc177x_8x_lcd.o
 .debug_info    0x000185af     0x2565 ./src/lib/lpc177x_8x/Drivers/source/lpc177x_8x_mci.o
 .debug_info    0x0001ab14      0x850 ./src/lib/lpc177x_8x/Drivers/source/lpc177x_8x_mcpwm.o
 .debug_info    0x0001b364      0x443 ./src/lib/lpc177x_8x/Drivers/source/lpc177x_8x_nvic.o
 .debug_info    0x0001b7a7      0x683 ./src/lib/lpc177x_8x/Drivers/source/lpc177x_8x_pinsel.o
 .debug_info    0x0001be2a      0x909 ./src/lib/lpc177x_8x/Drivers/source/lpc177x_8x_pwm.o
 .debug_info    0x0001c733      0xa4e ./src/lib/lpc177x_8x/Drivers/source/lpc177x_8x_qei.o
 .debug_info    0x0001d181      0xdd3 ./src/lib/lpc177x_8x/Drivers/source/lpc177x_8x_rtc.o
 .debug_info    0x0001df54      0x790 ./src/lib/lpc177x_8x/Drivers/source/lpc177x_8x_ssp.o
 .debug_info    0x0001e6e4      0x23a ./src/lib/lpc177x_8x/Drivers/source/lpc177x_8x_systick.o
 .debug_info    0x0001e91e      0x851 ./src/lib/lpc177x_8x/Drivers/source/lpc177x_8x_timer.o
 .debug_info    0x0001f16f     0x1573 ./src/lib/lpc177x_8x/Drivers/source/lpc177x_8x_uart.o
 .debug_info    0x000206e2      0x5ca ./src/lib/lpc177x_8x/Drivers/source/lpc177x_8x_wwdt.o
 .debug_info    0x00020cac       0xa1 ./src/lib/lpc177x_8x/Core/Device/NXP/LPC177x_8x/Source/Templates/GCC/startup_LPC177x_8x.o
 .debug_info    0x00020d4d      0x6bb ./src/lib/lpc177x_8x/Core/Device/NXP/LPC177x_8x/Source/Templates/system_LPC177x_8x.o
 .debug_info    0x00021408     0x138a ./src/bsp/driver_periph/lpc1788_usart.o
 .debug_info    0x00022792      0x5f8 ./src/bsp/bsp.o
 .debug_info    0x00022d8a      0x433 ./src/app/app.o
 .debug_info    0x000231bd      0x111 ./src/app/main.o

.debug_abbrev   0x00000000     0x640b
 *(.debug_abbrev)
 .debug_abbrev  0x00000000      0x14e ./src/os/rt-thread/src/clock.o
 .debug_abbrev  0x0000014e      0x1b1 ./src/os/rt-thread/src/device.o
 .debug_abbrev  0x000002ff      0x1ca ./src/os/rt-thread/src/idle.o
 .debug_abbrev  0x000004c9      0x236 ./src/os/rt-thread/src/ipc.o
 .debug_abbrev  0x000006ff       0x97 ./src/os/rt-thread/src/irq.o
 .debug_abbrev  0x00000796      0x2c0 ./src/os/rt-thread/src/kservice.o
 .debug_abbrev  0x00000a56      0x1fa ./src/os/rt-thread/src/mem.o
 .debug_abbrev  0x00000c50      0x172 ./src/os/rt-thread/src/memheap.o
 .debug_abbrev  0x00000dc2      0x223 ./src/os/rt-thread/src/mempool.o
 .debug_abbrev  0x00000fe5       0x29 ./src/os/rt-thread/src/module.o
 .debug_abbrev  0x0000100e      0x20d ./src/os/rt-thread/src/object.o
 .debug_abbrev  0x0000121b      0x1ed ./src/os/rt-thread/src/scheduler.o
 .debug_abbrev  0x00001408       0x29 ./src/os/rt-thread/src/slab.o
 .debug_abbrev  0x00001431      0x244 ./src/os/rt-thread/src/thread.o
 .debug_abbrev  0x00001675      0x2a3 ./src/os/rt-thread/src/timer.o
 .debug_abbrev  0x00001918       0x14 ./src/os/rt-thread/libcpu/arm/cortex-m3/context_gcc.o
 .debug_abbrev  0x0000192c      0x196 ./src/os/rt-thread/libcpu/arm/cortex-m3/cpuport.o
 .debug_abbrev  0x00001ac2       0x47 ./src/os/rt-thread/components/init/components.o
 .debug_abbrev  0x00001b09      0x197 ./src/os/rt-thread/components/drivers/src/completion.o
 .debug_abbrev  0x00001ca0      0x1c7 ./src/os/rt-thread/components/drivers/src/dataqueue.o
 .debug_abbrev  0x00001e67      0x1ea ./src/os/rt-thread/components/drivers/src/pipe.o
 .debug_abbrev  0x00002051       0xfc ./src/os/rt-thread/components/drivers/src/ringbuffer.o
 .debug_abbrev  0x0000214d      0x1ed ./src/os/rt-thread/components/drivers/spi/spi_core.o
 .debug_abbrev  0x0000233a      0x1b3 ./src/os/rt-thread/components/drivers/spi/spi_dev.o
 .debug_abbrev  0x000024ed      0x254 ./src/os/rt-thread/components/drivers/serial/serial.o
 .debug_abbrev  0x00002741       0x29 ./src/os/rt-thread/components/drivers/rtc/alarm.o
 .debug_abbrev  0x0000276a      0x157 ./src/os/rt-thread/components/drivers/rtc/rtc.o
 .debug_abbrev  0x000028c1       0x29 ./src/os/rt-thread/components/drivers/mtd/mtd_nand.o
 .debug_abbrev  0x000028ea       0x29 ./src/os/rt-thread/components/drivers/mtd/mtd_nor.o
 .debug_abbrev  0x00002913      0x1a2 ./src/lib/lpc177x_8x/Drivers/source/debug_frmwrk.o
 .debug_abbrev  0x00002ab5      0x184 ./src/lib/lpc177x_8x/Drivers/source/lpc177x_8x_adc.o
 .debug_abbrev  0x00002c39      0x196 ./src/lib/lpc177x_8x/Drivers/source/lpc177x_8x_bod.o
 .debug_abbrev  0x00002dcf      0x23c ./src/lib/lpc177x_8x/Drivers/source/lpc177x_8x_can.o
 .debug_abbrev  0x0000300b      0x1ae ./src/lib/lpc177x_8x/Drivers/source/lpc177x_8x_clkpwr.o
 .debug_abbrev  0x000031b9      0x18c ./src/lib/lpc177x_8x/Drivers/source/lpc177x_8x_crc.o
 .debug_abbrev  0x00003345      0x144 ./src/lib/lpc177x_8x/Drivers/source/lpc177x_8x_dac.o
 .debug_abbrev  0x00003489      0x125 ./src/lib/lpc177x_8x/Drivers/source/lpc177x_8x_eeprom.o
 .debug_abbrev  0x000035ae      0x297 ./src/lib/lpc177x_8x/Drivers/source/lpc177x_8x_emac.o
 .debug_abbrev  0x00003845      0x1e0 ./src/lib/lpc177x_8x/Drivers/source/lpc177x_8x_emc.o
 .debug_abbrev  0x00003a25      0x11f ./src/lib/lpc177x_8x/Drivers/source/lpc177x_8x_exti.o
 .debug_abbrev  0x00003b44      0x1f1 ./src/lib/lpc177x_8x/Drivers/source/lpc177x_8x_gpdma.o
 .debug_abbrev  0x00003d35      0x1f2 ./src/lib/lpc177x_8x/Drivers/source/lpc177x_8x_gpio.o
 .debug_abbrev  0x00003f27      0x252 ./src/lib/lpc177x_8x/Drivers/source/lpc177x_8x_i2c.o
 .debug_abbrev  0x00004179      0x1fd ./src/lib/lpc177x_8x/Drivers/source/lpc177x_8x_i2s.o
 .debug_abbrev  0x00004376      0x1be ./src/lib/lpc177x_8x/Drivers/source/lpc177x_8x_iap.o
 .debug_abbrev  0x00004534      0x240 ./src/lib/lpc177x_8x/Drivers/source/lpc177x_8x_lcd.o
 .debug_abbrev  0x00004774      0x2a5 ./src/lib/lpc177x_8x/Drivers/source/lpc177x_8x_mci.o
 .debug_abbrev  0x00004a19      0x16e ./src/lib/lpc177x_8x/Drivers/source/lpc177x_8x_mcpwm.o
 .debug_abbrev  0x00004b87       0xf3 ./src/lib/lpc177x_8x/Drivers/source/lpc177x_8x_nvic.o
 .debug_abbrev  0x00004c7a      0x12c ./src/lib/lpc177x_8x/Drivers/source/lpc177x_8x_pinsel.o
 .debug_abbrev  0x00004da6      0x1d9 ./src/lib/lpc177x_8x/Drivers/source/lpc177x_8x_pwm.o
 .debug_abbrev  0x00004f7f      0x20e ./src/lib/lpc177x_8x/Drivers/source/lpc177x_8x_qei.o
 .debug_abbrev  0x0000518d      0x19a ./src/lib/lpc177x_8x/Drivers/source/lpc177x_8x_rtc.o
 .debug_abbrev  0x00005327      0x1e3 ./src/lib/lpc177x_8x/Drivers/source/lpc177x_8x_ssp.o
 .debug_abbrev  0x0000550a      0x12d ./src/lib/lpc177x_8x/Drivers/source/lpc177x_8x_systick.o
 .debug_abbrev  0x00005637      0x214 ./src/lib/lpc177x_8x/Drivers/source/lpc177x_8x_timer.o
 .debug_abbrev  0x0000584b      0x241 ./src/lib/lpc177x_8x/Drivers/source/lpc177x_8x_uart.o
 .debug_abbrev  0x00005a8c      0x246 ./src/lib/lpc177x_8x/Drivers/source/lpc177x_8x_wwdt.o
 .debug_abbrev  0x00005cd2       0x12 ./src/lib/lpc177x_8x/Core/Device/NXP/LPC177x_8x/Source/Templates/GCC/startup_LPC177x_8x.o
 .debug_abbrev  0x00005ce4      0x143 ./src/lib/lpc177x_8x/Core/Device/NXP/LPC177x_8x/Source/Templates/system_LPC177x_8x.o
 .debug_abbrev  0x00005e27      0x2d3 ./src/bsp/driver_periph/lpc1788_usart.o
 .debug_abbrev  0x000060fa      0x13d ./src/bsp/bsp.o
 .debug_abbrev  0x00006237      0x125 ./src/app/app.o
 .debug_abbrev  0x0000635c       0xaf ./src/app/main.o

.debug_line     0x00000000    0x10790
 *(.debug_line)
 .debug_line    0x00000000      0x15b ./src/os/rt-thread/src/clock.o
 .debug_line    0x0000015b      0x2bf ./src/os/rt-thread/src/device.o
 .debug_line    0x0000041a      0x1a2 ./src/os/rt-thread/src/idle.o
 .debug_line    0x000005bc      0xae1 ./src/os/rt-thread/src/ipc.o
 .debug_line    0x0000109d      0x133 ./src/os/rt-thread/src/irq.o
 .debug_line    0x000011d0      0x62b ./src/os/rt-thread/src/kservice.o
 .debug_line    0x000017fb      0x39d ./src/os/rt-thread/src/mem.o
 .debug_line    0x00001b98      0x1ef ./src/os/rt-thread/src/memheap.o
 .debug_line    0x00001d87      0x2fd ./src/os/rt-thread/src/mempool.o
 .debug_line    0x00002084       0xfe ./src/os/rt-thread/src/module.o
 .debug_line    0x00002182      0x2e1 ./src/os/rt-thread/src/object.o
 .debug_line    0x00002463      0x29c ./src/os/rt-thread/src/scheduler.o
 .debug_line    0x000026ff       0xfc ./src/os/rt-thread/src/slab.o
 .debug_line    0x000027fb      0x3c9 ./src/os/rt-thread/src/thread.o
 .debug_line    0x00002bc4      0x335 ./src/os/rt-thread/src/timer.o
 .debug_line    0x00002ef9       0xbe ./src/os/rt-thread/libcpu/arm/cortex-m3/context_gcc.o
 .debug_line    0x00002fb7      0x160 ./src/os/rt-thread/libcpu/arm/cortex-m3/cpuport.o
 .debug_line    0x00003117      0x128 ./src/os/rt-thread/components/init/components.o
 .debug_line    0x0000323f      0x2a5 ./src/os/rt-thread/components/drivers/src/completion.o
 .debug_line    0x000034e4      0x39e ./src/os/rt-thread/components/drivers/src/dataqueue.o
 .debug_line    0x00003882      0x2e9 ./src/os/rt-thread/components/drivers/src/pipe.o
 .debug_line    0x00003b6b      0x538 ./src/os/rt-thread/components/drivers/src/ringbuffer.o
 .debug_line    0x000040a3      0x66c ./src/os/rt-thread/components/drivers/spi/spi_core.o
 .debug_line    0x0000470f      0x5a4 ./src/os/rt-thread/components/drivers/spi/spi_dev.o
 .debug_line    0x00004cb3      0x45a ./src/os/rt-thread/components/drivers/serial/serial.o
 .debug_line    0x0000510d      0x1b6 ./src/os/rt-thread/components/drivers/rtc/alarm.o
 .debug_line    0x000052c3      0x43c ./src/os/rt-thread/components/drivers/rtc/rtc.o
 .debug_line    0x000056ff      0x1c7 ./src/os/rt-thread/components/drivers/mtd/mtd_nand.o
 .debug_line    0x000058c6      0x1c5 ./src/os/rt-thread/components/drivers/mtd/mtd_nor.o
 .debug_line    0x00005a8b      0x55f ./src/lib/lpc177x_8x/Drivers/source/debug_frmwrk.o
 .debug_line    0x00005fea      0x3f4 ./src/lib/lpc177x_8x/Drivers/source/lpc177x_8x_adc.o
 .debug_line    0x000063de      0x311 ./src/lib/lpc177x_8x/Drivers/source/lpc177x_8x_bod.o
 .debug_line    0x000066ef      0x8db ./src/lib/lpc177x_8x/Drivers/source/lpc177x_8x_can.o
 .debug_line    0x00006fca      0x39a ./src/lib/lpc177x_8x/Drivers/source/lpc177x_8x_clkpwr.o
 .debug_line    0x00007364      0x35f ./src/lib/lpc177x_8x/Drivers/source/lpc177x_8x_crc.o
 .debug_line    0x000076c3      0x38c ./src/lib/lpc177x_8x/Drivers/source/lpc177x_8x_dac.o
 .debug_line    0x00007a4f      0x410 ./src/lib/lpc177x_8x/Drivers/source/lpc177x_8x_eeprom.o
 .debug_line    0x00007e5f      0x7ff ./src/lib/lpc177x_8x/Drivers/source/lpc177x_8x_emac.o
 .debug_line    0x0000865e      0x734 ./src/lib/lpc177x_8x/Drivers/source/lpc177x_8x_emc.o
 .debug_line    0x00008d92      0x32d ./src/lib/lpc177x_8x/Drivers/source/lpc177x_8x_exti.o
 .debug_line    0x000090bf      0x418 ./src/lib/lpc177x_8x/Drivers/source/lpc177x_8x_gpdma.o
 .debug_line    0x000094d7      0x5e3 ./src/lib/lpc177x_8x/Drivers/source/lpc177x_8x_gpio.o
 .debug_line    0x00009aba      0x716 ./src/lib/lpc177x_8x/Drivers/source/lpc177x_8x_i2c.o
 .debug_line    0x0000a1d0      0x50a ./src/lib/lpc177x_8x/Drivers/source/lpc177x_8x_i2s.o
 .debug_line    0x0000a6da      0x3e3 ./src/lib/lpc177x_8x/Drivers/source/lpc177x_8x_iap.o
 .debug_line    0x0000aabd      0x6ef ./src/lib/lpc177x_8x/Drivers/source/lpc177x_8x_lcd.o
 .debug_line    0x0000b1ac      0xc64 ./src/lib/lpc177x_8x/Drivers/source/lpc177x_8x_mci.o
 .debug_line    0x0000be10      0x692 ./src/lib/lpc177x_8x/Drivers/source/lpc177x_8x_mcpwm.o
 .debug_line    0x0000c4a2      0x31e ./src/lib/lpc177x_8x/Drivers/source/lpc177x_8x_nvic.o
 .debug_line    0x0000c7c0      0x4ac ./src/lib/lpc177x_8x/Drivers/source/lpc177x_8x_pinsel.o
 .debug_line    0x0000cc6c      0x4c1 ./src/lib/lpc177x_8x/Drivers/source/lpc177x_8x_pwm.o
 .debug_line    0x0000d12d      0x4c7 ./src/lib/lpc177x_8x/Drivers/source/lpc177x_8x_qei.o
 .debug_line    0x0000d5f4      0x6af ./src/lib/lpc177x_8x/Drivers/source/lpc177x_8x_rtc.o
 .debug_line    0x0000dca3      0x504 ./src/lib/lpc177x_8x/Drivers/source/lpc177x_8x_ssp.o
 .debug_line    0x0000e1a7      0x370 ./src/lib/lpc177x_8x/Drivers/source/lpc177x_8x_systick.o
 .debug_line    0x0000e517      0x49e ./src/lib/lpc177x_8x/Drivers/source/lpc177x_8x_timer.o
 .debug_line    0x0000e9b5      0x7de ./src/lib/lpc177x_8x/Drivers/source/lpc177x_8x_uart.o
 .debug_line    0x0000f193      0x4c0 ./src/lib/lpc177x_8x/Drivers/source/lpc177x_8x_wwdt.o
 .debug_line    0x0000f653       0xbb ./src/lib/lpc177x_8x/Core/Device/NXP/LPC177x_8x/Source/Templates/GCC/startup_LPC177x_8x.o
 .debug_line    0x0000f70e      0x399 ./src/lib/lpc177x_8x/Core/Device/NXP/LPC177x_8x/Source/Templates/system_LPC177x_8x.o
 .debug_line    0x0000faa7      0x5e2 ./src/bsp/driver_periph/lpc1788_usart.o
 .debug_line    0x00010089      0x37b ./src/bsp/bsp.o
 .debug_line    0x00010404      0x1ff ./src/app/app.o
 .debug_line    0x00010603      0x18d ./src/app/main.o

.debug_frame    0x00000000     0x6304
 *(.debug_frame)
 .debug_frame   0x00000000       0x9c ./src/os/rt-thread/src/clock.o
 .debug_frame   0x0000009c      0x190 ./src/os/rt-thread/src/device.o
 .debug_frame   0x0000022c       0xc4 ./src/os/rt-thread/src/idle.o
 .debug_frame   0x000002f0      0x5ac ./src/os/rt-thread/src/ipc.o
 .debug_frame   0x0000089c       0x68 ./src/os/rt-thread/src/irq.o
 .debug_frame   0x00000904      0x378 ./src/os/rt-thread/src/kservice.o
 .debug_frame   0x00000c7c      0x124 ./src/os/rt-thread/src/mem.o
 .debug_frame   0x00000da0       0x90 ./src/os/rt-thread/src/memheap.o
 .debug_frame   0x00000e30      0x15c ./src/os/rt-thread/src/mempool.o
 .debug_frame   0x00000f8c      0x1c8 ./src/os/rt-thread/src/object.o
 .debug_frame   0x00001154      0x19c ./src/os/rt-thread/src/scheduler.o
 .debug_frame   0x000012f0      0x278 ./src/os/rt-thread/src/thread.o
 .debug_frame   0x00001568      0x228 ./src/os/rt-thread/src/timer.o
 .debug_frame   0x00001790       0x6c ./src/os/rt-thread/libcpu/arm/cortex-m3/cpuport.o
 .debug_frame   0x000017fc       0x28 ./src/os/rt-thread/components/init/components.o
 .debug_frame   0x00001824       0xc4 ./src/os/rt-thread/components/drivers/src/completion.o
 .debug_frame   0x000018e8      0x104 ./src/os/rt-thread/components/drivers/src/dataqueue.o
 .debug_frame   0x000019ec      0x100 ./src/os/rt-thread/components/drivers/src/pipe.o
 .debug_frame   0x00001aec       0xb0 ./src/os/rt-thread/components/drivers/src/ringbuffer.o
 .debug_frame   0x00001b9c      0x170 ./src/os/rt-thread/components/drivers/spi/spi_core.o
 .debug_frame   0x00001d0c      0x150 ./src/os/rt-thread/components/drivers/spi/spi_dev.o
 .debug_frame   0x00001e5c      0x230 ./src/os/rt-thread/components/drivers/serial/serial.o
 .debug_frame   0x0000208c       0x70 ./src/os/rt-thread/components/drivers/rtc/rtc.o
 .debug_frame   0x000020fc      0x210 ./src/lib/lpc177x_8x/Drivers/source/debug_frmwrk.o
 .debug_frame   0x0000230c      0x184 ./src/lib/lpc177x_8x/Drivers/source/lpc177x_8x_adc.o
 .debug_frame   0x00002490       0x7c ./src/lib/lpc177x_8x/Drivers/source/lpc177x_8x_bod.o
 .debug_frame   0x0000250c      0x28c ./src/lib/lpc177x_8x/Drivers/source/lpc177x_8x_can.o
 .debug_frame   0x00002798       0xc8 ./src/lib/lpc177x_8x/Drivers/source/lpc177x_8x_clkpwr.o
 .debug_frame   0x00002860       0x7c ./src/lib/lpc177x_8x/Drivers/source/lpc177x_8x_crc.o
 .debug_frame   0x000028dc       0xec ./src/lib/lpc177x_8x/Drivers/source/lpc177x_8x_dac.o
 .debug_frame   0x000029c8       0xa0 ./src/lib/lpc177x_8x/Drivers/source/lpc177x_8x_eeprom.o
 .debug_frame   0x00002a68      0x344 ./src/lib/lpc177x_8x/Drivers/source/lpc177x_8x_emac.o
 .debug_frame   0x00002dac      0x358 ./src/lib/lpc177x_8x/Drivers/source/lpc177x_8x_emc.o
 .debug_frame   0x00003104       0xb4 ./src/lib/lpc177x_8x/Drivers/source/lpc177x_8x_exti.o
 .debug_frame   0x000031b8       0xbc ./src/lib/lpc177x_8x/Drivers/source/lpc177x_8x_gpdma.o
 .debug_frame   0x00003274      0x3d0 ./src/lib/lpc177x_8x/Drivers/source/lpc177x_8x_gpio.o
 .debug_frame   0x00003644      0x30c ./src/lib/lpc177x_8x/Drivers/source/lpc177x_8x_i2c.o
 .debug_frame   0x00003950      0x268 ./src/lib/lpc177x_8x/Drivers/source/lpc177x_8x_i2s.o
 .debug_frame   0x00003bb8      0x14c ./src/lib/lpc177x_8x/Drivers/source/lpc177x_8x_iap.o
 .debug_frame   0x00003d04      0x21c ./src/lib/lpc177x_8x/Drivers/source/lpc177x_8x_lcd.o
 .debug_frame   0x00003f20      0x540 ./src/lib/lpc177x_8x/Drivers/source/lpc177x_8x_mci.o
 .debug_frame   0x00004460      0x1b8 ./src/lib/lpc177x_8x/Drivers/source/lpc177x_8x_mcpwm.o
 .debug_frame   0x00004618       0x64 ./src/lib/lpc177x_8x/Drivers/source/lpc177x_8x_nvic.o
 .debug_frame   0x0000467c      0x1a8 ./src/lib/lpc177x_8x/Drivers/source/lpc177x_8x_pinsel.o
 .debug_frame   0x00004824      0x1e8 ./src/lib/lpc177x_8x/Drivers/source/lpc177x_8x_pwm.o
 .debug_frame   0x00004a0c      0x2cc ./src/lib/lpc177x_8x/Drivers/source/lpc177x_8x_qei.o
 .debug_frame   0x00004cd8      0x354 ./src/lib/lpc177x_8x/Drivers/source/lpc177x_8x_rtc.o
 .debug_frame   0x0000502c      0x218 ./src/lib/lpc177x_8x/Drivers/source/lpc177x_8x_ssp.o
 .debug_frame   0x00005244       0xb8 ./src/lib/lpc177x_8x/Drivers/source/lpc177x_8x_systick.o
 .debug_frame   0x000052fc      0x1e8 ./src/lib/lpc177x_8x/Drivers/source/lpc177x_8x_timer.o
 .debug_frame   0x000054e4      0x398 ./src/lib/lpc177x_8x/Drivers/source/lpc177x_8x_uart.o
 .debug_frame   0x0000587c      0x254 ./src/lib/lpc177x_8x/Drivers/source/lpc177x_8x_wwdt.o
 .debug_frame   0x00005ad0       0x48 ./src/lib/lpc177x_8x/Core/Device/NXP/LPC177x_8x/Source/Templates/system_LPC177x_8x.o
 .debug_frame   0x00005b18      0x160 ./src/bsp/driver_periph/lpc1788_usart.o
 .debug_frame   0x00005c78       0x84 ./src/bsp/bsp.o
 .debug_frame   0x00005cfc       0xb0 ./src/app/app.o
 .debug_frame   0x00005dac       0x68 ./src/app/main.o
 .debug_frame   0x00005e14       0x54 g:/program files/codesourcery/sourcery_codebench_lite_for_arm_eabi/bin/../lib/gcc/arm-none-eabi/4.7.2/thumb2\libgcc.a(bpabi.o)
 .debug_frame   0x00005e68       0x38 g:/program files/codesourcery/sourcery_codebench_lite_for_arm_eabi/bin/../lib/gcc/arm-none-eabi/4.7.2/thumb2\libgcc.a(_divdi3.o)
 .debug_frame   0x00005ea0       0x38 g:/program files/codesourcery/sourcery_codebench_lite_for_arm_eabi/bin/../lib/gcc/arm-none-eabi/4.7.2/thumb2\libgcc.a(_udivdi3.o)
 .debug_frame   0x00005ed8       0x20 g:/program files/codesourcery/sourcery_codebench_lite_for_arm_eabi/bin/../lib/gcc/arm-none-eabi/4.7.2/thumb2\libgcc.a(_udivsi3.o)
 .debug_frame   0x00005ef8       0x2c g:/program files/codesourcery/sourcery_codebench_lite_for_arm_eabi/bin/../lib/gcc/arm-none-eabi/4.7.2/../../../../arm-none-eabi/lib/thumb2\libc.a(lib_a-lcltime.o)
 .debug_frame   0x00005f24       0x20 g:/program files/codesourcery/sourcery_codebench_lite_for_arm_eabi/bin/../lib/gcc/arm-none-eabi/4.7.2/../../../../arm-none-eabi/lib/thumb2\libc.a(lib_a-lcltime_r.o)
 .debug_frame   0x00005f44       0x30 g:/program files/codesourcery/sourcery_codebench_lite_for_arm_eabi/bin/../lib/gcc/arm-none-eabi/4.7.2/../../../../arm-none-eabi/lib/thumb2\libc.a(lib_a-malloc.o)
 .debug_frame   0x00005f74       0x38 g:/program files/codesourcery/sourcery_codebench_lite_for_arm_eabi/bin/../lib/gcc/arm-none-eabi/4.7.2/../../../../arm-none-eabi/lib/thumb2\libc.a(lib_a-mallocr.o)
 .debug_frame   0x00005fac       0x34 g:/program files/codesourcery/sourcery_codebench_lite_for_arm_eabi/bin/../lib/gcc/arm-none-eabi/4.7.2/../../../../arm-none-eabi/lib/thumb2\libc.a(lib_a-memcpy.o)
 .debug_frame   0x00005fe0       0x60 g:/program files/codesourcery/sourcery_codebench_lite_for_arm_eabi/bin/../lib/gcc/arm-none-eabi/4.7.2/../../../../arm-none-eabi/lib/thumb2\libc.a(lib_a-mktime.o)
 .debug_frame   0x00006040       0x60 g:/program files/codesourcery/sourcery_codebench_lite_for_arm_eabi/bin/../lib/gcc/arm-none-eabi/4.7.2/../../../../arm-none-eabi/lib/thumb2\libc.a(lib_a-mktm_r.o)
 .debug_frame   0x000060a0       0x30 g:/program files/codesourcery/sourcery_codebench_lite_for_arm_eabi/bin/../lib/gcc/arm-none-eabi/4.7.2/../../../../arm-none-eabi/lib/thumb2\libc.a(lib_a-mlock.o)
 .debug_frame   0x000060d0       0x2c g:/program files/codesourcery/sourcery_codebench_lite_for_arm_eabi/bin/../lib/gcc/arm-none-eabi/4.7.2/../../../../arm-none-eabi/lib/thumb2\libc.a(lib_a-sbrkr.o)
 .debug_frame   0x000060fc       0x30 g:/program files/codesourcery/sourcery_codebench_lite_for_arm_eabi/bin/../lib/gcc/arm-none-eabi/4.7.2/../../../../arm-none-eabi/lib/thumb2\libc.a(lib_a-tzlock.o)
 .debug_frame   0x0000612c       0x30 g:/program files/codesourcery/sourcery_codebench_lite_for_arm_eabi/bin/../lib/gcc/arm-none-eabi/4.7.2/../../../../arm-none-eabi/lib/thumb2\libc.a(lib_a-div.o)
 .debug_frame   0x0000615c       0x50 g:/program files/codesourcery/sourcery_codebench_lite_for_arm_eabi/bin/../lib/gcc/arm-none-eabi/4.7.2/../../../../arm-none-eabi/lib/thumb2\libc.a(lib_a-freer.o)
 .debug_frame   0x000061ac       0x20 g:/program files/codesourcery/sourcery_codebench_lite_for_arm_eabi/bin/../lib/gcc/arm-none-eabi/4.7.2/../../../../arm-none-eabi/lib/thumb2\libc.a(lib_a-gettzinfo.o)
 .debug_frame   0x000061cc       0x64 g:/program files/codesourcery/sourcery_codebench_lite_for_arm_eabi/bin/../lib/gcc/arm-none-eabi/4.7.2/../../../../arm-none-eabi/lib/thumb2\libc.a(lib_a-reent.o)
 .debug_frame   0x00006230       0x20 g:/program files/codesourcery/sourcery_codebench_lite_for_arm_eabi/bin/../lib/gcc/arm-none-eabi/4.7.2/thumb2\libgcc.a(_divsi3.o)
 .debug_frame   0x00006250       0x40 g:/program files/codesourcery/sourcery_codebench_lite_for_arm_eabi/bin/../lib/gcc/arm-none-eabi/4.7.2/../../../../arm-none-eabi/lib/thumb2\libcs3.a(start_c.o)
 .debug_frame   0x00006290       0x28 g:/program files/codesourcery/sourcery_codebench_lite_for_arm_eabi/bin/../lib/gcc/arm-none-eabi/4.7.2/../../../../arm-none-eabi/lib/thumb2\libcs3unhosted.a(unhosted-sbrk.o)
 .debug_frame   0x000062b8       0x20 g:/program files/codesourcery/sourcery_codebench_lite_for_arm_eabi/bin/../lib/gcc/arm-none-eabi/4.7.2/../../../../arm-none-eabi/lib/thumb2\libc.a(lib_a-errno.o)
 .debug_frame   0x000062d8       0x2c g:/program files/codesourcery/sourcery_codebench_lite_for_arm_eabi/bin/../lib/gcc/arm-none-eabi/4.7.2/../../../../arm-none-eabi/lib/thumb2\libc.a(lib_a-init.o)

.debug_str      0x00000000    0x24c18
 *(.debug_str)
 .debug_str     0x00000000     0x381e ./src/os/rt-thread/src/clock.o
                               0x38d4 (size before relaxing)
 .debug_str     0x0000381e      0x459 ./src/os/rt-thread/src/device.o
                               0x3c0e (size before relaxing)
 .debug_str     0x00003c77      0x102 ./src/os/rt-thread/src/idle.o
                               0x3970 (size before relaxing)
 .debug_str     0x00003d79      0x460 ./src/os/rt-thread/src/ipc.o
                               0x3e4d (size before relaxing)
 .debug_str     0x000041d9       0x6c ./src/os/rt-thread/src/irq.o
                               0x3758 (size before relaxing)
 .debug_str     0x00004245      0x4ad ./src/os/rt-thread/src/kservice.o
                               0x3f2f (size before relaxing)
 .debug_str     0x000046f2      0x1ff ./src/os/rt-thread/src/mem.o
                               0x39b6 (size before relaxing)
 .debug_str     0x000048f1      0x1fa ./src/os/rt-thread/src/memheap.o
                               0x3bf3 (size before relaxing)
 .debug_str     0x00004aeb      0x142 ./src/os/rt-thread/src/mempool.o
                               0x3b4c (size before relaxing)
 .debug_str     0x00004c2d       0x21 ./src/os/rt-thread/src/module.o
                               0x36f2 (size before relaxing)
 .debug_str     0x00004c4e      0x1ce ./src/os/rt-thread/src/object.o
                               0x3b42 (size before relaxing)
 .debug_str     0x00004e1c      0x198 ./src/os/rt-thread/src/scheduler.o
                               0x3a9b (size before relaxing)
 .debug_str     0x00004fb4       0x1f ./src/os/rt-thread/src/slab.o
                               0x36fe (size before relaxing)
 .debug_str     0x00004fd3      0x126 ./src/os/rt-thread/src/thread.o
                               0x3be4 (size before relaxing)
 .debug_str     0x000050f9      0x158 ./src/os/rt-thread/src/timer.o
                               0x3acc (size before relaxing)
 .debug_str     0x00005251       0xe4 ./src/os/rt-thread/libcpu/arm/cortex-m3/cpuport.o
                               0x394c (size before relaxing)
 .debug_str     0x00005335       0x5b ./src/os/rt-thread/components/init/components.o
                               0x371f (size before relaxing)
 .debug_str     0x00005390      0x5a6 ./src/os/rt-thread/components/drivers/src/completion.o
                               0x3e6e (size before relaxing)
 .debug_str     0x00005936      0x116 ./src/os/rt-thread/components/drivers/src/dataqueue.o
                               0x3ef4 (size before relaxing)
 .debug_str     0x00005a4c      0x10d ./src/os/rt-thread/components/drivers/src/pipe.o
                               0x40ce (size before relaxing)
 .debug_str     0x00005b59     0x1c54 ./src/os/rt-thread/components/drivers/src/ringbuffer.o
                               0x5903 (size before relaxing)
 .debug_str     0x000077ad      0x4e4 ./src/os/rt-thread/components/drivers/spi/spi_core.o
                               0x5b78 (size before relaxing)
 .debug_str     0x00007c91       0xe5 ./src/os/rt-thread/components/drivers/spi/spi_dev.o
                               0x5b26 (size before relaxing)
 .debug_str     0x00007d76      0x252 ./src/os/rt-thread/components/drivers/serial/serial.o
                               0x41bb (size before relaxing)
 .debug_str     0x00007fc8       0xa7 ./src/os/rt-thread/components/drivers/rtc/alarm.o
                               0x3c5c (size before relaxing)
 .debug_str     0x0000806f      0x5b8 ./src/os/rt-thread/components/drivers/rtc/rtc.o
                               0x5c3a (size before relaxing)
 .debug_str     0x00008627       0xcf ./src/os/rt-thread/components/drivers/mtd/mtd_nand.o
                               0x3c84 (size before relaxing)
 .debug_str     0x000086f6       0x84 ./src/os/rt-thread/components/drivers/mtd/mtd_nor.o
                               0x3c39 (size before relaxing)
 .debug_str     0x0000877a     0x6635 ./src/lib/lpc177x_8x/Drivers/source/debug_frmwrk.o
                               0x8a08 (size before relaxing)
 .debug_str     0x0000edaf     0x10b0 ./src/lib/lpc177x_8x/Drivers/source/lpc177x_8x_adc.o
                               0x7fdc (size before relaxing)
 .debug_str     0x0000fe5f      0x541 ./src/lib/lpc177x_8x/Drivers/source/lpc177x_8x_bod.o
                               0x745b (size before relaxing)
 .debug_str     0x000103a0     0x2176 ./src/lib/lpc177x_8x/Drivers/source/lpc177x_8x_can.o
                               0x9c27 (size before relaxing)
 .debug_str     0x00012516      0x158 ./src/lib/lpc177x_8x/Drivers/source/lpc177x_8x_clkpwr.o
                               0x7d24 (size before relaxing)
 .debug_str     0x0001266e      0x1b7 ./src/lib/lpc177x_8x/Drivers/source/lpc177x_8x_crc.o
                               0x7be9 (size before relaxing)
 .debug_str     0x00012825      0x30f ./src/lib/lpc177x_8x/Drivers/source/lpc177x_8x_dac.o
                               0x82e9 (size before relaxing)
 .debug_str     0x00012b34      0x3ed ./src/lib/lpc177x_8x/Drivers/source/lpc177x_8x_eeprom.o
                               0x7e3d (size before relaxing)
 .debug_str     0x00012f21     0x234e ./src/lib/lpc177x_8x/Drivers/source/lpc177x_8x_emac.o
                               0xa412 (size before relaxing)
 .debug_str     0x0001526f     0x2680 ./src/lib/lpc177x_8x/Drivers/source/lpc177x_8x_emc.o
                               0xa846 (size before relaxing)
 .debug_str     0x000178ef      0x22a ./src/lib/lpc177x_8x/Drivers/source/lpc177x_8x_exti.o
                               0x72b9 (size before relaxing)
 .debug_str     0x00017b19     0x122a ./src/lib/lpc177x_8x/Drivers/source/lpc177x_8x_gpdma.o
                               0x8ea0 (size before relaxing)
 .debug_str     0x00018d43      0x6b4 ./src/lib/lpc177x_8x/Drivers/source/lpc177x_8x_gpio.o
                               0x8100 (size before relaxing)
 .debug_str     0x000193f7      0xd1e ./src/lib/lpc177x_8x/Drivers/source/lpc177x_8x_i2c.o
                               0x901c (size before relaxing)
 .debug_str     0x0001a115      0xc3d ./src/lib/lpc177x_8x/Drivers/source/lpc177x_8x_i2s.o
                               0x8733 (size before relaxing)
 .debug_str     0x0001ad52      0x31f ./src/lib/lpc177x_8x/Drivers/source/lpc177x_8x_iap.o
                               0x7d4e (size before relaxing)
 .debug_str     0x0001b071      0x691 ./src/lib/lpc177x_8x/Drivers/source/lpc177x_8x_lcd.o
                               0x8be5 (size before relaxing)
 .debug_str     0x0001b702     0x2172 ./src/lib/lpc177x_8x/Drivers/source/lpc177x_8x_mci.o
                               0xb54d (size before relaxing)
 .debug_str     0x0001d874      0xe54 ./src/lib/lpc177x_8x/Drivers/source/lpc177x_8x_mcpwm.o
                               0x88bf (size before relaxing)
 .debug_str     0x0001e6c8       0x8f ./src/lib/lpc177x_8x/Drivers/source/lpc177x_8x_nvic.o
                               0x703c (size before relaxing)
 .debug_str     0x0001e757      0x2bf ./src/lib/lpc177x_8x/Drivers/source/lpc177x_8x_pinsel.o
                               0x7799 (size before relaxing)
 .debug_str     0x0001ea16      0xa71 ./src/lib/lpc177x_8x/Drivers/source/lpc177x_8x_pwm.o
                               0x8510 (size before relaxing)
 .debug_str     0x0001f487     0x1a8b ./src/lib/lpc177x_8x/Drivers/source/lpc177x_8x_qei.o
                               0x9511 (size before relaxing)
 .debug_str     0x00020f12     0x1120 ./src/lib/lpc177x_8x/Drivers/source/lpc177x_8x_rtc.o
                               0x8c54 (size before relaxing)
 .debug_str     0x00022032      0xd44 ./src/lib/lpc177x_8x/Drivers/source/lpc177x_8x_ssp.o
                               0x8812 (size before relaxing)
 .debug_str     0x00022d76      0x28d ./src/lib/lpc177x_8x/Drivers/source/lpc177x_8x_systick.o
                               0x7ccb (size before relaxing)
 .debug_str     0x00023003      0x6f0 ./src/lib/lpc177x_8x/Drivers/source/lpc177x_8x_timer.o
                               0x881c (size before relaxing)
 .debug_str     0x000236f3      0x7b6 ./src/lib/lpc177x_8x/Drivers/source/lpc177x_8x_uart.o
                               0x935d (size before relaxing)
 .debug_str     0x00023ea9      0x758 ./src/lib/lpc177x_8x/Drivers/source/lpc177x_8x_wwdt.o
                               0x87a9 (size before relaxing)
 .debug_str     0x00024601      0x376 ./src/lib/lpc177x_8x/Core/Device/NXP/LPC177x_8x/Source/Templates/system_LPC177x_8x.o
                               0x7218 (size before relaxing)
 .debug_str     0x00024977      0x14a ./src/bsp/driver_periph/lpc1788_usart.o
                               0xb19b (size before relaxing)
 .debug_str     0x00024ac1       0x59 ./src/bsp/bsp.o
                               0x8436 (size before relaxing)
 .debug_str     0x00024b1a       0x9a ./src/app/app.o