Archive member included because of file (symbol)

e:/program files/codesourcery/sourcery g++ lite/bin/../lib/gcc/arm-none-eabi/4.5.2/thumb2\libgcc.a(_arm_addsubsf3.o)
                              ./src/lib/lpc177x_8x/Drivers/source/lpc177x_8x_systick.o (__aeabi_ui2f)
e:/program files/codesourcery/sourcery g++ lite/bin/../lib/gcc/arm-none-eabi/4.5.2/thumb2\libgcc.a(_arm_cmpsf2.o)
                              ./src/lib/lpc177x_8x/Drivers/source/lpc177x_8x_systick.o (__aeabi_fcmpgt)
e:/program files/codesourcery/sourcery g++ lite/bin/../lib/gcc/arm-none-eabi/4.5.2/thumb2\libgcc.a(_aeabi_uldivmod.o)
                              ./src/lib/lpc177x_8x/Drivers/source/lpc177x_8x_emc.o (__aeabi_uldivmod)
e:/program files/codesourcery/sourcery g++ lite/bin/../lib/gcc/arm-none-eabi/4.5.2/thumb2\libgcc.a(bpabi.o)
                              e:/program files/codesourcery/sourcery g++ lite/bin/../lib/gcc/arm-none-eabi/4.5.2/thumb2\libgcc.a(_aeabi_uldivmod.o) (__gnu_uldivmod_helper)
e:/program files/codesourcery/sourcery g++ lite/bin/../lib/gcc/arm-none-eabi/4.5.2/thumb2\libgcc.a(_dvmd_tls.o)
                              e:/program files/codesourcery/sourcery g++ lite/bin/../lib/gcc/arm-none-eabi/4.5.2/thumb2\libgcc.a(_aeabi_uldivmod.o) (__aeabi_ldiv0)
e:/program files/codesourcery/sourcery g++ lite/bin/../lib/gcc/arm-none-eabi/4.5.2/thumb2\libgcc.a(_divdi3.o)
                              e:/program files/codesourcery/sourcery g++ lite/bin/../lib/gcc/arm-none-eabi/4.5.2/thumb2\libgcc.a(bpabi.o) (__divdi3)
e:/program files/codesourcery/sourcery g++ lite/bin/../lib/gcc/arm-none-eabi/4.5.2/thumb2\libgcc.a(_udivdi3.o)
                              e:/program files/codesourcery/sourcery g++ lite/bin/../lib/gcc/arm-none-eabi/4.5.2/thumb2\libgcc.a(bpabi.o) (__udivdi3)
e:/program files/codesourcery/sourcery g++ lite/bin/../lib/gcc/arm-none-eabi/4.5.2/thumb2\libgcc.a(_udivsi3.o)
                              e:/program files/codesourcery/sourcery g++ lite/bin/../lib/gcc/arm-none-eabi/4.5.2/thumb2\libgcc.a(_divdi3.o) (__aeabi_uidiv)
e:/program files/codesourcery/sourcery g++ lite/bin/../lib/gcc/arm-none-eabi/4.5.2/../../../../arm-none-eabi/lib/thumb2\libc.a(lib_a-atoi.o)
                              ./src/os/rt-thread/components/net/lwip/src/api/netdb.o (atoi)
e:/program files/codesourcery/sourcery g++ lite/bin/../lib/gcc/arm-none-eabi/4.5.2/../../../../arm-none-eabi/lib/thumb2\libc.a(lib_a-lcltime.o)
                              ./src/os/rt-thread/components/drivers/rtc/rtc.o (localtime)
e:/program files/codesourcery/sourcery g++ lite/bin/../lib/gcc/arm-none-eabi/4.5.2/../../../../arm-none-eabi/lib/thumb2\libc.a(lib_a-lcltime_r.o)
                              e:/program files/codesourcery/sourcery g++ lite/bin/../lib/gcc/arm-none-eabi/4.5.2/../../../../arm-none-eabi/lib/thumb2\libc.a(lib_a-lcltime.o) (localtime_r)
e:/program files/codesourcery/sourcery g++ lite/bin/../lib/gcc/arm-none-eabi/4.5.2/../../../../arm-none-eabi/lib/thumb2\libc.a(lib_a-malloc.o)
                              e:/program files/codesourcery/sourcery g++ lite/bin/../lib/gcc/arm-none-eabi/4.5.2/../../../../arm-none-eabi/lib/thumb2\libc.a(lib_a-lcltime.o) (malloc)
e:/program files/codesourcery/sourcery g++ lite/bin/../lib/gcc/arm-none-eabi/4.5.2/../../../../arm-none-eabi/lib/thumb2\libc.a(lib_a-mallocr.o)
                              e:/program files/codesourcery/sourcery g++ lite/bin/../lib/gcc/arm-none-eabi/4.5.2/../../../../arm-none-eabi/lib/thumb2\libc.a(lib_a-malloc.o) (_malloc_r)
e:/program files/codesourcery/sourcery g++ lite/bin/../lib/gcc/arm-none-eabi/4.5.2/../../../../arm-none-eabi/lib/thumb2\libc.a(lib_a-memcpy.o)
                              ./src/os/rt-thread/components/net/lwip/src/netif/etharp.o (memcpy)
e:/program files/codesourcery/sourcery g++ lite/bin/../lib/gcc/arm-none-eabi/4.5.2/../../../../arm-none-eabi/lib/thumb2\libc.a(lib_a-memset.o)
                              ./src/os/rt-thread/components/net/lwip/src/core/dns.o (memset)
e:/program files/codesourcery/sourcery g++ lite/bin/../lib/gcc/arm-none-eabi/4.5.2/../../../../arm-none-eabi/lib/thumb2\libc.a(lib_a-mktime.o)
                              ./src/os/rt-thread/components/drivers/rtc/rtc.o (mktime)
e:/program files/codesourcery/sourcery g++ lite/bin/../lib/gcc/arm-none-eabi/4.5.2/../../../../arm-none-eabi/lib/thumb2\libc.a(lib_a-mktm_r.o)
                              e:/program files/codesourcery/sourcery g++ lite/bin/../lib/gcc/arm-none-eabi/4.5.2/../../../../arm-none-eabi/lib/thumb2\libc.a(lib_a-mktime.o) (__tzcalc_limits)
e:/program files/codesourcery/sourcery g++ lite/bin/../lib/gcc/arm-none-eabi/4.5.2/../../../../arm-none-eabi/lib/thumb2\libc.a(lib_a-mlock.o)
                              e:/program files/codesourcery/sourcery g++ lite/bin/../lib/gcc/arm-none-eabi/4.5.2/../../../../arm-none-eabi/lib/thumb2\libc.a(lib_a-mallocr.o) (__malloc_lock)
[...]
Memory Configuration

Name             Origin             Length             Attributes
ram              0x10000000         0x00010000         xrw
ram1             0x20000000         0x00004000         xrw
ram2             0x20004000         0x00004000         xrw
*default*        0x00000000         0xffffffff

Linker script and memory map

LOAD e:/program files/codesourcery/sourcery g++ lite/bin/../lib/gcc/arm-none-eabi/4.5.2/thumb2/crti.o
LOAD e:/program files/codesourcery/sourcery g++ lite/bin/../lib/gcc/arm-none-eabi/4.5.2/thumb2/crtbegin.o
LOAD ./src/os/rt-thread/src/clock.o
LOAD ./src/os/rt-thread/src/device.o
LOAD ./src/os/rt-thread/src/idle.o
LOAD ./src/os/rt-thread/src/ipc.o
LOAD ./src/os/rt-thread/src/irq.o
LOAD ./src/os/rt-thread/src/kservice.o
LOAD ./src/os/rt-thread/src/mem.o
LOAD ./src/os/rt-thread/src/memheap.o
LOAD ./src/os/rt-thread/src/mempool.o
LOAD ./src/os/rt-thread/src/module.o
LOAD ./src/os/rt-thread/src/object.o
LOAD ./src/os/rt-thread/src/scheduler.o
LOAD ./src/os/rt-thread/src/slab.o
LOAD ./src/os/rt-thread/src/thread.o
LOAD ./src/os/rt-thread/src/timer.o
LOAD ./src/os/rt-thread/libcpu/arm/cortex-m3/context_gcc.o
LOAD ./src/os/rt-thread/libcpu/arm/cortex-m3/cpuport.o
LOAD ./src/os/rt-thread/components/net/lwip/src/netif/ppp/auth.o
LOAD ./src/os/rt-thread/components/net/lwip/src/netif/ppp/chap.o
LOAD ./src/os/rt-thread/components/net/lwip/src/netif/ppp/chpms.o
LOAD ./src/os/rt-thread/components/net/lwip/src/netif/ppp/fsm.o
LOAD ./src/os/rt-thread/components/net/lwip/src/netif/ppp/ipcp.o
LOAD ./src/os/rt-thread/components/net/lwip/src/netif/ppp/lcp.o
LOAD ./src/os/rt-thread/components/net/lwip/src/netif/ppp/magic.o
LOAD ./src/os/rt-thread/components/net/lwip/src/netif/ppp/md5.o
LOAD ./src/os/rt-thread/components/net/lwip/src/netif/ppp/pap.o
LOAD ./src/os/rt-thread/components/net/lwip/src/netif/ppp/ppp.o
LOAD ./src/os/rt-thread/components/net/lwip/src/netif/ppp/ppp_oe.o
LOAD ./src/os/rt-thread/components/net/lwip/src/netif/ppp/randm.o
LOAD ./src/os/rt-thread/components/net/lwip/src/netif/ppp/vj.o
LOAD ./src/os/rt-thread/components/net/lwip/src/netif/etharp.o
LOAD ./src/os/rt-thread/components/net/lwip/src/netif/ethernetif.o
LOAD ./src/os/rt-thread/components/net/lwip/src/netif/slipif.o
LOAD ./src/os/rt-thread/components/net/lwip/src/core/snmp/asn1_dec.o
LOAD ./src/os/rt-thread/components/net/lwip/src/core/snmp/asn1_enc.o
LOAD ./src/os/rt-thread/components/net/lwip/src/core/snmp/mib2.o
LOAD ./src/os/rt-thread/components/net/lwip/src/core/snmp/mib_structs.o
LOAD ./src/os/rt-thread/components/net/lwip/src/core/snmp/msg_in.o
LOAD ./src/os/rt-thread/components/net/lwip/src/core/snmp/msg_out.o
LOAD ./src/os/rt-thread/components/net/lwip/src/core/ipv4/autoip.o
LOAD ./src/os/rt-thread/components/net/lwip/src/core/ipv4/icmp.o
LOAD ./src/os/rt-thread/components/net/lwip/src/core/ipv4/igmp.o
LOAD ./src/os/rt-thread/components/net/lwip/src/core/ipv4/inet.o
LOAD ./src/os/rt-thread/components/net/lwip/src/core/ipv4/inet_chksum.o
LOAD ./src/os/rt-thread/components/net/lwip/src/core/ipv4/ip.o
LOAD ./src/os/rt-thread/components/net/lwip/src/core/ipv4/ip_addr.o
LOAD ./src/os/rt-thread/components/net/lwip/src/core/ipv4/ip_frag.o
LOAD ./src/os/rt-thread/components/net/lwip/src/core/def.o
LOAD ./src/os/rt-thread/components/net/lwip/src/core/dhcp.o
LOAD ./src/os/rt-thread/components/net/lwip/src/core/dns.o
LOAD ./src/os/rt-thread/components/net/lwip/src/core/init.o
LOAD ./src/os/rt-thread/components/net/lwip/src/core/mem.o
LOAD ./src/os/rt-thread/components/net/lwip/src/core/memp.o
LOAD ./src/os/rt-thread/components/net/lwip/src/core/netif.o
LOAD ./src/os/rt-thread/components/net/lwip/src/core/pbuf.o
LOAD ./src/os/rt-thread/components/net/lwip/src/core/raw.o
LOAD ./src/os/rt-thread/components/net/lwip/src/core/stats.o
LOAD ./src/os/rt-thread/components/net/lwip/src/core/sys.o
LOAD ./src/os/rt-thread/components/net/lwip/src/core/tcp.o
LOAD ./src/os/rt-thread/components/net/lwip/src/core/tcp_in.o
LOAD ./src/os/rt-thread/components/net/lwip/src/core/tcp_out.o
LOAD ./src/os/rt-thread/components/net/lwip/src/core/timers.o
LOAD ./src/os/rt-thread/components/net/lwip/src/core/udp.o
LOAD ./src/os/rt-thread/components/net/lwip/src/arch/sys_arch.o
LOAD ./src/os/rt-thread/components/net/lwip/src/api/api_lib.o
LOAD ./src/os/rt-thread/components/net/lwip/src/api/api_msg.o
LOAD ./src/os/rt-thread/components/net/lwip/src/api/err.o
LOAD ./src/os/rt-thread/components/net/lwip/src/api/netbuf.o
LOAD ./src/os/rt-thread/components/net/lwip/src/api/netdb.o
LOAD ./src/os/rt-thread/components/net/lwip/src/api/netifapi.o
LOAD ./src/os/rt-thread/components/net/lwip/src/api/sockets.o
LOAD ./src/os/rt-thread/components/net/lwip/src/api/tcpip.o
LOAD ./src/os/rt-thread/components/init/components.o
LOAD ./src/os/rt-thread/components/drivers/src/completion.o
LOAD ./src/os/rt-thread/components/drivers/src/dataqueue.o
LOAD ./src/os/rt-thread/components/drivers/src/pipe.o
LOAD ./src/os/rt-thread/components/drivers/src/ringbuffer.o
LOAD ./src/os/rt-thread/components/drivers/spi/spi_core.o
LOAD ./src/os/rt-thread/components/drivers/spi/spi_dev.o
LOAD ./src/os/rt-thread/components/drivers/serial/serial.o
LOAD ./src/os/rt-thread/components/drivers/rtc/alarm.o
LOAD ./src/os/rt-thread/components/drivers/rtc/rtc.o
LOAD ./src/os/rt-thread/components/drivers/mtd/mtd_nand.o
LOAD ./src/os/rt-thread/components/drivers/mtd/mtd_nor.o
LOAD ./src/lib/lpc177x_8x/Drivers/source/debug_frmwrk.o
LOAD ./src/lib/lpc177x_8x/Drivers/source/lpc177x_8x_adc.o
LOAD ./src/lib/lpc177x_8x/Drivers/source/lpc177x_8x_bod.o
LOAD ./src/lib/lpc177x_8x/Drivers/source/lpc177x_8x_can.o
LOAD ./src/lib/lpc177x_8x/Drivers/source/lpc177x_8x_clkpwr.o
LOAD ./src/lib/lpc177x_8x/Drivers/source/lpc177x_8x_crc.o
LOAD ./src/lib/lpc177x_8x/Drivers/source/lpc177x_8x_dac.o
LOAD ./src/lib/lpc177x_8x/Drivers/source/lpc177x_8x_eeprom.o
LOAD ./src/lib/lpc177x_8x/Drivers/source/lpc177x_8x_emac.o
LOAD ./src/lib/lpc177x_8x/Drivers/source/lpc177x_8x_emc.o
LOAD ./src/lib/lpc177x_8x/Drivers/source/lpc177x_8x_exti.o
LOAD ./src/lib/lpc177x_8x/Drivers/source/lpc177x_8x_gpdma.o
LOAD ./src/lib/lpc177x_8x/Drivers/source/lpc177x_8x_gpio.o
LOAD ./src/lib/lpc177x_8x/Drivers/source/lpc177x_8x_i2c.o
LOAD ./src/lib/lpc177x_8x/Drivers/source/lpc177x_8x_i2s.o
LOAD ./src/lib/lpc177x_8x/Drivers/source/lpc177x_8x_iap.o
LOAD ./src/lib/lpc177x_8x/Drivers/source/lpc177x_8x_lcd.o
LOAD ./src/lib/lpc177x_8x/Drivers/source/lpc177x_8x_mci.o
LOAD ./src/lib/lpc177x_8x/Drivers/source/lpc177x_8x_mcpwm.o
LOAD ./src/lib/lpc177x_8x/Drivers/source/lpc177x_8x_nvic.o
LOAD ./src/lib/lpc177x_8x/Drivers/source/lpc177x_8x_pinsel.o
LOAD ./src/lib/lpc177x_8x/Drivers/source/lpc177x_8x_pwm.o
LOAD ./src/lib/lpc177x_8x/Drivers/source/lpc177x_8x_qei.o
LOAD ./src/lib/lpc177x_8x/Drivers/source/lpc177x_8x_rtc.o
LOAD ./src/lib/lpc177x_8x/Drivers/source/lpc177x_8x_ssp.o
LOAD ./src/lib/lpc177x_8x/Drivers/source/lpc177x_8x_systick.o
LOAD ./src/lib/lpc177x_8x/Drivers/source/lpc177x_8x_timer.o
LOAD ./src/lib/lpc177x_8x/Drivers/source/lpc177x_8x_uart.o
LOAD ./src/lib/lpc177x_8x/Drivers/source/lpc177x_8x_wwdt.o
LOAD ./src/lib/lpc177x_8x/Core/Device/NXP/LPC177x_8x/Source/Templates/GCC/startup_LPC177x_8x.o
LOAD ./src/lib/lpc177x_8x/Core/Device/NXP/LPC177x_8x/Source/Templates/system_LPC177x_8x.o
LOAD ./src/bsp/driver_periph/usart/lpc1788_usart0.o
LOAD ./src/bsp/driver_periph/usart/lpc1788_usart1.o
LOAD ./src/bsp/driver_periph/ethenet/lpc1788_ethenet_mac.o
LOAD ./src/bsp/driver_periph/ethenet/lpc1788_ethenet_phy_lan8720.o
LOAD ./src/bsp/driver_periph/ethenet/lpc1788_ethenet_sys.o
LOAD ./src/bsp/bsp.o
LOAD ./src/app/app.o
LOAD ./src/app/main.o
START GROUP
LOAD e:/program files/codesourcery/sourcery g++ lite/bin/../lib/gcc/arm-none-eabi/4.5.2/thumb2\libgcc.a
LOAD e:/program files/codesourcery/sourcery g++ lite/bin/../lib/gcc/arm-none-eabi/4.5.2/../../../../arm-none-eabi/lib/thumb2\libc.a
END GROUP
LOAD e:/program files/codesourcery/sourcery g++ lite/bin/../lib/gcc/arm-none-eabi/4.5.2/thumb2/crtend.o
LOAD e:/program files/codesourcery/sourcery g++ lite/bin/../lib/gcc/arm-none-eabi/4.5.2/thumb2/crtn.o
START GROUP
LOAD e:/program files/codesourcery/sourcery g++ lite/bin/../lib/gcc/arm-none-eabi/4.5.2/thumb2\libgcc.a
LOAD e:/program files/codesourcery/sourcery g++ lite/bin/../lib/gcc/arm-none-eabi/4.5.2/../../../../arm-none-eabi/lib/thumb2\libc.a
LOAD e:/program files/codesourcery/sourcery g++ lite/bin/../lib/gcc/arm-none-eabi/4.5.2/../../../../arm-none-eabi/lib/thumb2\libcs3.a
LOAD e:/program files/codesourcery/sourcery g++ lite/bin/../lib/gcc/arm-none-eabi/4.5.2/../../../../arm-none-eabi/lib/thumb2\libcs3unhosted.a
LOAD e:/program files/codesourcery/sourcery g++ lite/bin/../lib/gcc/arm-none-eabi/4.5.2/../../../../arm-none-eabi/lib/thumb2\libcs3micro.a
END GROUP
                0x10010000                PROVIDE (__cs3_stack, (__cs3_region_start_ram + __cs3_region_size_ram))
                0x00007b10                PROVIDE (__cs3_stack_size, ((__cs3_region_start_ram + __cs3_region_size_ram) - _end))
                0x100084f0                PROVIDE (__cs3_heap_start, _end)
                0x10010000                PROVIDE (__cs3_heap_end, (__cs3_region_start_ram + __cs3_region_size_ram))

.text           0x10000000     0x7de4
 CREATE_OBJECT_SYMBOLS
                0x10000000                __cs3_region_start_ram = .
 *(.cs3.region-head.ram)
                0x10000000                __cs3_interrupt_vector = __cs3_interrupt_vector_cortex_m
 *(.cs3.interrupt_vector)
 .cs3.interrupt_vector
                0x10000000       0xe4 ./src/lib/lpc177x_8x/Core/Device/NXP/LPC177x_8x/Source/Templates/GCC/startup_LPC177x_8x.o
                0x10000000                __cs3_interrupt_vector_cortex_m
                0x10000001                ASSERT ((. != __cs3_interrupt_vector_cortex_m), No interrupt vector)
 *(.ram)
                0x100000e4                __cs3_reset = __cs3_reset_cortex_m
 *(.cs3.reset)
 .cs3.reset     0x100000e4       0x2c ./src/lib/lpc177x_8x/Core/Device/NXP/LPC177x_8x/Source/Templates/GCC/startup_LPC177x_8x.o
                0x100000e4                __cs3_reset_cortex_m
                0x10000001                ASSERT ((. != __cs3_reset), No reset code)
 *(.text .text.* .gnu.linkonce.t.*)
 .text          0x10000110       0x30 e:/program files/codesourcery/sourcery g++ lite/bin/../lib/gcc/arm-none-eabi/4.5.2/thumb2/crtbegin.o
 .text.rt_tick_get
                0x10000140       0x14 ./src/os/rt-thread/src/clock.o
                0x10000140                rt_tick_get
 .text.rt_tick_increase
                0x10000154       0x48 ./src/os/rt-thread/src/clock.o
                0x10000154                rt_tick_increase
 .text.rt_device_register
                0x1000019c       0x50 ./src/os/rt-thread/src/device.o
                0x1000019c                rt_device_register
 .text.rt_device_find
                0x100001ec       0x84 ./src/os/rt-thread/src/device.o
                0x100001ec                rt_device_find
 .text.rt_device_open
                0x10000270       0xe4 ./src/os/rt-thread/src/device.o
                0x10000270                rt_device_open
 .text.rt_device_close
                0x10000354       0x6c ./src/os/rt-thread/src/device.o
                0x10000354                rt_device_close
 .text.rt_device_write
                0x100003c0       0x70 ./src/os/rt-thread/src/device.o
                0x100003c0                rt_device_write
 .text.rt_list_remove
                0x10000430       0x34 ./src/os/rt-thread/src/idle.o
 .text.rt_list_isempty
                0x10000464       0x24 ./src/os/rt-thread/src/idle.o
 .text.rt_thread_idle_excute
                0x10000488       0xd8 ./src/os/rt-thread/src/idle.o
                0x10000488                rt_thread_idle_excute
 .text.rt_thread_idle_entry
                0x10000560       0x20 ./src/os/rt-thread/src/idle.o
 .text.rt_thread_idle_init
                0x10000580       0x44 ./src/os/rt-thread/src/idle.o
                0x10000580                rt_thread_idle_init
 .text.rt_list_init
                0x100005c4       0x20 ./src/os/rt-thread/src/ipc.o
 .text.rt_list_insert_before
                0x100005e4       0x30 ./src/os/rt-thread/src/ipc.o
 .text.rt_list_isempty
                0x10000614       0x24 ./src/os/rt-thread/src/ipc.o
 .text.rt_ipc_object_init
                0x10000638       0x24 ./src/os/rt-thread/src/ipc.o
 .text.rt_ipc_list_suspend
                0x1000065c       0x9c ./src/os/rt-thread/src/ipc.o
 .text.rt_ipc_list_resume
                0x100006f8       0x28 ./src/os/rt-thread/src/ipc.o
 .text.rt_sem_init
                0x10000720       0x70 ./src/os/rt-thread/src/ipc.o
                0x10000720                rt_sem_init
 .text.rt_sem_take
                0x10000790      0x14c ./src/os/rt-thread/src/ipc.o
                0x10000790                rt_sem_take
 .text.rt_sem_release
                0x100008dc       0x78 ./src/os/rt-thread/src/ipc.o
                0x100008dc                rt_sem_release
 .text.rt_interrupt_enter
                0x10000954       0x30 ./src/os/rt-thread/src/irq.o
                0x10000954                rt_interrupt_enter
 .text.rt_interrupt_leave
                0x10000984       0x30 ./src/os/rt-thread/src/irq.o
                0x10000984                rt_interrupt_leave
 .text.rt_interrupt_get_nest
                0x100009b4       0x18 ./src/os/rt-thread/src/irq.o
                0x100009b4                rt_interrupt_get_nest
 .text.rt_set_errno
                0x100009cc       0x40 ./src/os/rt-thread/src/kservice.o
                0x100009cc                rt_set_errno
 .text.rt_memset
                0x10000a0c       0xf4 ./src/os/rt-thread/src/kservice.o
                0x10000a0c                rt_memset
 .text.rt_strncpy
                0x10000b00       0x84 ./src/os/rt-thread/src/kservice.o
                0x10000b00                rt_strncpy
 .text.rt_strncmp
                0x10000b84       0x70 ./src/os/rt-thread/src/kservice.o
                0x10000b84                rt_strncmp
 .text.rt_strlen
                0x10000bf4       0x30 ./src/os/rt-thread/src/kservice.o
                0x10000bf4                rt_strlen
 .text.rt_show_version
                0x10000c24       0x48 ./src/os/rt-thread/src/kservice.o
                0x10000c24                rt_show_version
 .text.divide   0x10000c6c       0x74 ./src/os/rt-thread/src/kservice.o
 .text.skip_atoi
                0x10000ce0       0x4c ./src/os/rt-thread/src/kservice.o
 .text.print_number
                0x10000d2c      0x244 ./src/os/rt-thread/src/kservice.o
 .text.vsnprintf
                0x10000f70      0x5d0 ./src/os/rt-thread/src/kservice.o
 .text.rt_console_set_device
                0x10001540       0x54 ./src/os/rt-thread/src/kservice.o
                0x10001540                rt_console_set_device
 .text.rt_hw_console_output
                0x10001594       0x14 ./src/os/rt-thread/src/kservice.o
                0x10001594                rt_hw_console_output
 .text.rt_kprintf
                0x100015a8       0x58 ./src/os/rt-thread/src/kservice.o
                0x100015a8                rt_kprintf
 .text.plug_holes
                0x10001600      0x144 ./src/os/rt-thread/src/mem.o
 .text.rt_system_heap_init
                0x10001744      0x148 ./src/os/rt-thread/src/mem.o
                0x10001744                rt_system_heap_init
 .text.rt_malloc
                0x1000188c      0x324 ./src/os/rt-thread/src/mem.o
                0x1000188c                rt_malloc
 .text.rt_free  0x10001bb0      0x1b4 ./src/os/rt-thread/src/mem.o
                0x10001bb0                rt_free
 .text.rt_list_insert_after
                0x10001d64       0x30 ./src/os/rt-thread/src/object.o
 .text.rt_list_remove
                0x10001d94       0x34 ./src/os/rt-thread/src/object.o
 .text.rt_object_init
                0x10001dc8       0x74 ./src/os/rt-thread/src/object.o
                0x10001dc8                rt_object_init
 .text.rt_object_detach
                0x10001e3c       0x6c ./src/os/rt-thread/src/object.o
                0x10001e3c                rt_object_detach
 .text.rt_object_allocate
                0x10001ea8       0xdc ./src/os/rt-thread/src/object.o
                0x10001ea8                rt_object_allocate
 .text.rt_object_delete
                0x10001f84       0x9c ./src/os/rt-thread/src/object.o
                0x10001f84                rt_object_delete
 .text.rt_object_is_systemobject
                0x10002020       0x58 ./src/os/rt-thread/src/object.o
                0x10002020                rt_object_is_systemobject
 .text.rt_list_init
                0x10002078       0x20 ./src/os/rt-thread/src/scheduler.o
 .text.rt_list_insert_before
                0x10002098       0x30 ./src/os/rt-thread/src/scheduler.o
 .text.rt_list_remove
                0x100020c8       0x34 ./src/os/rt-thread/src/scheduler.o
 .text.rt_list_isempty
                0x100020fc       0x24 ./src/os/rt-thread/src/scheduler.o
 .text._rt_scheduler_stack_check
                0x10002120       0xa0 ./src/os/rt-thread/src/scheduler.o
 .text.rt_system_scheduler_init
                0x100021c0       0x64 ./src/os/rt-thread/src/scheduler.o
                0x100021c0                rt_system_scheduler_init
 .text.rt_system_scheduler_start
                0x10002224       0xa4 ./src/os/rt-thread/src/scheduler.o
                0x10002224                rt_system_scheduler_start
 .text.rt_schedule
                0x100022c8      0x130 ./src/os/rt-thread/src/scheduler.o
                0x100022c8                rt_schedule
 .text.rt_schedule_insert_thread
                0x100023f8       0x88 ./src/os/rt-thread/src/scheduler.o
                0x100023f8                rt_schedule_insert_thread
 .text.rt_schedule_remove_thread
                0x10002480       0x8c ./src/os/rt-thread/src/scheduler.o
                0x10002480                rt_schedule_remove_thread
 .text.rt_enter_critical
                0x1000250c       0x24 ./src/os/rt-thread/src/scheduler.o
                0x1000250c                rt_enter_critical
 .text.rt_exit_critical
                0x10002530       0x44 ./src/os/rt-thread/src/scheduler.o
                0x10002530                rt_exit_critical
 .text.rt_list_init
                0x10002574       0x20 ./src/os/rt-thread/src/thread.o
 .text.rt_list_insert_after
                0x10002594       0x30 ./src/os/rt-thread/src/thread.o
 .text.rt_list_insert_before
                0x100025c4       0x30 ./src/os/rt-thread/src/thread.o
 .text.rt_list_remove
                0x100025f4       0x34 ./src/os/rt-thread/src/thread.o
 .text.rt_thread_exit
                0x10002628       0x84 ./src/os/rt-thread/src/thread.o
 .text._rt_thread_init
                0x100026ac      0x118 ./src/os/rt-thread/src/thread.o
 .text.rt_thread_init
                0x100027c4       0x9c ./src/os/rt-thread/src/thread.o
                0x100027c4                rt_thread_init
 .text.rt_thread_self
                0x10002860       0x14 ./src/os/rt-thread/src/thread.o
                0x10002860                rt_thread_self
 .text.rt_thread_startup
                0x10002874       0xac ./src/os/rt-thread/src/thread.o
                0x10002874                rt_thread_startup
 .text.rt_thread_create
                0x10002920       0x70 ./src/os/rt-thread/src/thread.o
                0x10002920                rt_thread_create
 .text.rt_thread_yield
                0x10002990       0x7c ./src/os/rt-thread/src/thread.o
                0x10002990                rt_thread_yield
 .text.rt_thread_sleep
                0x10002a0c       0x98 ./src/os/rt-thread/src/thread.o
                0x10002a0c                rt_thread_sleep
 .text.rt_thread_delay
                0x10002aa4       0x1c ./src/os/rt-thread/src/thread.o
                0x10002aa4                rt_thread_delay
 .text.rt_thread_suspend
                0x10002ac0       0x70 ./src/os/rt-thread/src/thread.o
                0x10002ac0                rt_thread_suspend
 .text.rt_thread_resume
                0x10002b30       0x90 ./src/os/rt-thread/src/thread.o
                0x10002b30                rt_thread_resume
 .text.rt_thread_timeout
                0x10002bc0       0x8c ./src/os/rt-thread/src/thread.o
                0x10002bc0                rt_thread_timeout
 .text.rt_list_init
                0x10002c4c       0x20 ./src/os/rt-thread/src/timer.o
 .text.rt_list_insert_before
                0x10002c6c       0x30 ./src/os/rt-thread/src/timer.o
 .text.rt_list_remove
                0x10002c9c       0x34 ./src/os/rt-thread/src/timer.o
 .text.rt_list_isempty
                0x10002cd0       0x24 ./src/os/rt-thread/src/timer.o
 .text._rt_timer_init
                0x10002cf4       0x50 ./src/os/rt-thread/src/timer.o
 .text.rt_timer_init
                0x10002d44       0x64 ./src/os/rt-thread/src/timer.o
                0x10002d44                rt_timer_init
 .text.rt_timer_start
                0x10002da8      0x124 ./src/os/rt-thread/src/timer.o
                0x10002da8                rt_timer_start
 .text.rt_timer_control
                0x10002ecc       0x9c ./src/os/rt-thread/src/timer.o
                0x10002ecc                rt_timer_control
 .text.rt_timer_check
                0x10002f68       0xc4 ./src/os/rt-thread/src/timer.o
                0x10002f68                rt_timer_check
 .text.rt_system_timer_thread_init
                0x1000302c        0xc ./src/os/rt-thread/src/timer.o
                0x1000302c                rt_system_timer_thread_init
 .text          0x10003038       0xcc ./src/os/rt-thread/libcpu/arm/cortex-m3/context_gcc.o
                0x10003038                rt_hw_interrupt_disable
                0x10003040                rt_hw_interrupt_enable
                0x10003046                rt_hw_context_switch_interrupt
                0x10003046                rt_hw_context_switch
                0x10003064                PendSV_Handler
                0x100030a0                rt_hw_context_switch_to
                0x100030ca                rt_hw_interrupt_thread_switch
                0x100030ce                HardFault_Handler
                0x100030e2                rt_hw_interrupt_check
 .text.rt_hw_stack_init
                0x10003104      0x114 ./src/os/rt-thread/libcpu/arm/cortex-m3/cpuport.o
                0x10003104                rt_hw_stack_init
 .text.rt_hw_hard_fault_exception
                0x10003218       0xa0 ./src/os/rt-thread/libcpu/arm/cortex-m3/cpuport.o
                0x10003218                rt_hw_hard_fault_exception
 .text.sys_sem_signal
                0x100032b8       0x1c ./src/os/rt-thread/components/net/lwip/src/arch/sys_arch.o
                0x100032b8                sys_sem_signal
 .text.rt_components_init
                0x100032d4        0xc ./src/os/rt-thread/components/init/components.o
                0x100032d4                rt_components_init
 .text.rt_list_init
                0x100032e0       0x20 ./src/os/rt-thread/components/drivers/src/dataqueue.o
 .text.rt_list_insert_before
                0x10003300       0x30 ./src/os/rt-thread/components/drivers/src/dataqueue.o
 .text.rt_list_isempty
                0x10003330       0x24 ./src/os/rt-thread/components/drivers/src/dataqueue.o
 .text.rt_data_queue_init
                0x10003354       0xb4 ./src/os/rt-thread/components/drivers/src/dataqueue.o
                0x10003354                rt_data_queue_init
 .text.rt_data_queue_push
                0x10003408      0x1d4 ./src/os/rt-thread/components/drivers/src/dataqueue.o
                0x10003408                rt_data_queue_push
 .text.rt_data_queue_pop
                0x100035dc      0x24c ./src/os/rt-thread/components/drivers/src/dataqueue.o
                0x100035dc                rt_data_queue_pop
 .text.serial_ringbuffer_init
                0x10003828       0x34 ./src/os/rt-thread/components/drivers/serial/serial.o
 .text.serial_ringbuffer_putc
                0x1000385c       0x6c ./src/os/rt-thread/components/drivers/serial/serial.o
 .text.serial_ringbuffer_putchar
                0x100038c8       0x64 ./src/os/rt-thread/components/drivers/serial/serial.o
 .text.serial_ringbuffer_getc
                0x1000392c       0x5c ./src/os/rt-thread/components/drivers/serial/serial.o
 .text.serial_ringbuffer_size
                0x10003988       0x38 ./src/os/rt-thread/components/drivers/serial/serial.o
 .text.rt_serial_init
                0x100039c0       0xe8 ./src/os/rt-thread/components/drivers/serial/serial.o
 .text.rt_serial_open
                0x10003aa8       0x90 ./src/os/rt-thread/components/drivers/serial/serial.o
 .text.rt_serial_close
                0x10003b38       0x8c ./src/os/rt-thread/components/drivers/serial/serial.o
 .text.rt_serial_read
                0x10003bc4       0xd8 ./src/os/rt-thread/components/drivers/serial/serial.o
 .text.serial_put
                0x10003c9c       0x80 ./src/os/rt-thread/components/drivers/serial/serial.o
 .text.rt_serial_write
                0x10003d1c      0x1e8 ./src/os/rt-thread/components/drivers/serial/serial.o
 .text.rt_serial_control
                0x10003f04       0x90 ./src/os/rt-thread/components/drivers/serial/serial.o
 .text.rt_hw_serial_register
                0x10003f94       0xb4 ./src/os/rt-thread/components/drivers/serial/serial.o
                0x10003f94                rt_hw_serial_register
 .text.rt_hw_serial_char_isr
                0x10004048       0x74 ./src/os/rt-thread/components/drivers/serial/serial.o
                0x10004048                rt_hw_serial_char_isr
 .text.rt_hw_serial_timeout_isr
                0x100040bc       0x94 ./src/os/rt-thread/components/drivers/serial/serial.o
                0x100040bc                rt_hw_serial_timeout_isr
 .text.rt_hw_serial_int_tx_isr
                0x10004150       0x4c ./src/os/rt-thread/components/drivers/serial/serial.o
                0x10004150                rt_hw_serial_int_tx_isr
 .text.CLKPWR_GetCLK
                0x1000419c       0x60 ./src/lib/lpc177x_8x/Drivers/source/lpc177x_8x_clkpwr.o
                0x1000419c                CLKPWR_GetCLK
 .text.CLKPWR_ConfigPPWR
                0x100041fc       0x50 ./src/lib/lpc177x_8x/Drivers/source/lpc177x_8x_clkpwr.o
                0x100041fc                CLKPWR_ConfigPPWR
 .text.MCI_TXDisable
                0x1000424c       0x20 ./src/lib/lpc177x_8x/Drivers/source/lpc177x_8x_mci.o
                0x1000424c                MCI_TXDisable
 .text.MCI_RXDisable
                0x1000426c       0x20 ./src/lib/lpc177x_8x/Drivers/source/lpc177x_8x_mci.o
                0x1000426c                MCI_RXDisable
 .text.MCI_CmdProcess
                0x1000428c       0x78 ./src/lib/lpc177x_8x/Drivers/source/lpc177x_8x_mci.o
                0x1000428c                MCI_CmdProcess
 .text.MCI_DataErrorProcess
                0x10004304       0x8c ./src/lib/lpc177x_8x/Drivers/source/lpc177x_8x_mci.o
                0x10004304                MCI_DataErrorProcess
 .text.MCI_DATA_END_InterruptService
                0x10004390       0x64 ./src/lib/lpc177x_8x/Drivers/source/lpc177x_8x_mci.o
                0x10004390                MCI_DATA_END_InterruptService
 .text.MCI_FIFOInterruptService
                0x100043f4        0xc ./src/lib/lpc177x_8x/Drivers/source/lpc177x_8x_mci.o
                0x100043f4                MCI_FIFOInterruptService
 .text.MCI_IRQHandler
                0x10004400       0x68 ./src/lib/lpc177x_8x/Drivers/source/lpc177x_8x_mci.o
                0x10004400                MCI_IRQHandler
 .text.PIN_GetPointer
                0x10004468       0x3c ./src/lib/lpc177x_8x/Drivers/source/lpc177x_8x_pinsel.o
 .text.PINSEL_GetPinType
                0x100044a4      0x138 ./src/lib/lpc177x_8x/Drivers/source/lpc177x_8x_pinsel.o
                0x100044a4                PINSEL_GetPinType
 .text.PINSEL_ConfigPin
                0x100045dc       0x70 ./src/lib/lpc177x_8x/Drivers/source/lpc177x_8x_pinsel.o
                0x100045dc                PINSEL_ConfigPin
 .text.uart_set_divisors
                0x1000464c      0x33c ./src/lib/lpc177x_8x/Drivers/source/lpc177x_8x_uart.o
 .text.uart_get_pointer
                0x10004988       0x4c ./src/lib/lpc177x_8x/Drivers/source/lpc177x_8x_uart.o
 .text.UART_Init
                0x100049d4      0x354 ./src/lib/lpc177x_8x/Drivers/source/lpc177x_8x_uart.o
                0x100049d4                UART_Init
 .text.UART_IntConfig
                0x10004d28      0x12c ./src/lib/lpc177x_8x/Drivers/source/lpc177x_8x_uart.o
                0x10004d28                UART_IntConfig
 .text.UART_FIFOConfig
                0x10004e54      0x100 ./src/lib/lpc177x_8x/Drivers/source/lpc177x_8x_uart.o
                0x10004e54                UART_FIFOConfig
 .text.UART_FIFOConfigStructInit
                0x10004f54       0x34 ./src/lib/lpc177x_8x/Drivers/source/lpc177x_8x_uart.o
                0x10004f54                UART_FIFOConfigStructInit
 .text.UART_TxCmd
                0x10004f88       0x9c ./src/lib/lpc177x_8x/Drivers/source/lpc177x_8x_uart.o
                0x10004f88                UART_TxCmd
 .text          0x10005024       0x14 ./src/lib/lpc177x_8x/Core/Device/NXP/LPC177x_8x/Source/Templates/GCC/startup_LPC177x_8x.o
                0x10005024                NMI_Handler
                0x10005028                MemManage_Handler
                0x1000502a                BusFault_Handler
                0x1000502c                UsageFault_Handler
                0x1000502e                SVC_Handler
                0x10005030                DebugMon_Handler
                0x10005036                USBActivity_IRQHandler
                0x10005036                I2C1_IRQHandler
                0x10005036                EINT2_IRQHandler
                0x10005036                EINT3_IRQHandler
                0x10005036                CANActivity_IRQHandler
                0x10005036                TIMER3_IRQHandler
                0x10005036                I2C0_IRQHandler
                0x10005036                PLL0_IRQHandler
                0x10005036                CAN_IRQHandler
                0x10005036                PLL1_IRQHandler
                0x10005036                SSP0_IRQHandler
                0x10005036                PWM1_IRQHandler
                0x10005036                I2C2_IRQHandler
                0x10005036                RTC_IRQHandler
                0x10005036                TIMER0_IRQHandler
                0x10005036                LCD_IRQHandler
                0x10005036                EINT1_IRQHandler
                0x10005036                TIMER1_IRQHandler
                0x10005036                UART2_IRQHandler
                0x10005036                UART4_IRQHandler
                0x10005036                Default_Handler
                0x10005036                ADC_IRQHandler
                0x10005036                SSP1_IRQHandler
                0x10005036                USB_IRQHandler
                0x10005036                BOD_IRQHandler
                0x10005036                TIMER2_IRQHandler
                0x10005036                WDT_IRQHandler
                0x10005036                I2S_IRQHandler
                0x10005036                QEI_IRQHandler
                0x10005036                EINT0_IRQHandler
                0x10005036                PWM0_IRQHandler
                0x10005036                SSP2_IRQHandler
                0x10005036                EEPROM_IRQHandler
                0x10005036                DMA_IRQHandler
                0x10005036                GPIO_IRQHandler
                0x10005036                UART3_IRQHandler
                0x10005036                MCPWM_IRQHandler
 .text.SystemCoreClockUpdate
                0x10005038      0x3cc ./src/lib/lpc177x_8x/Core/Device/NXP/LPC177x_8x/Source/Templates/system_LPC177x_8x.o
                0x10005038                SystemCoreClockUpdate
 .text.SystemInit
                0x10005404      0x104 ./src/lib/lpc177x_8x/Core/Device/NXP/LPC177x_8x/Source/Templates/system_LPC177x_8x.o
                0x10005404                SystemInit
 .text.NVIC_EnableIRQ
                0x10005508       0x34 ./src/bsp/driver_periph/usart/lpc1788_usart0.o
 .text.NVIC_DisableIRQ
                0x1000553c       0x38 ./src/bsp/driver_periph/usart/lpc1788_usart0.o
 .text.NVIC_SetPriority
                0x10005574       0x58 ./src/bsp/driver_periph/usart/lpc1788_usart0.o
 .text.configure
                0x100055cc      0x230 ./src/bsp/driver_periph/usart/lpc1788_usart0.o
 .text.control  0x100057fc       0x74 ./src/bsp/driver_periph/usart/lpc1788_usart0.o
 .text.put_char
                0x10005870       0x70 ./src/bsp/driver_periph/usart/lpc1788_usart0.o
 .text.getchar  0x100058e0       0x8c ./src/bsp/driver_periph/usart/lpc1788_usart0.o
 .text.writeSendFifo
                0x1000596c       0x78 ./src/bsp/driver_periph/usart/lpc1788_usart0.o
 .text.dma_transmit
                0x100059e4       0x60 ./src/bsp/driver_periph/usart/lpc1788_usart0.o
 .text.rt_hw_usart0_init
                0x10005a44       0x70 ./src/bsp/driver_periph/usart/lpc1788_usart0.o
                0x10005a44                rt_hw_usart0_init
 .text.UART0_IRQHandler
                0x10005ab4       0x90 ./src/bsp/driver_periph/usart/lpc1788_usart0.o
                0x10005ab4                UART0_IRQHandler
 .text.NVIC_EnableIRQ
                0x10005b44       0x34 ./src/bsp/driver_periph/usart/lpc1788_usart1.o
 .text.NVIC_DisableIRQ
                0x10005b78       0x38 ./src/bsp/driver_periph/usart/lpc1788_usart1.o
 .text.NVIC_SetPriority
                0x10005bb0       0x58 ./src/bsp/driver_periph/usart/lpc1788_usart1.o
 .text.configure
                0x10005c08      0x230 ./src/bsp/driver_periph/usart/lpc1788_usart1.o
 .text.control  0x10005e38       0x74 ./src/bsp/driver_periph/usart/lpc1788_usart1.o
 .text.put_char
                0x10005eac       0x70 ./src/bsp/driver_periph/usart/lpc1788_usart1.o
 .text.getchar  0x10005f1c       0x8c ./src/bsp/driver_periph/usart/lpc1788_usart1.o
 .text.writeSendFifo
                0x10005fa8       0x78 ./src/bsp/driver_periph/usart/lpc1788_usart1.o
 .text.dma_transmit
                0x10006020       0x60 ./src/bsp/driver_periph/usart/lpc1788_usart1.o
 .text.rt_hw_usart1_init
                0x10006080       0x70 ./src/bsp/driver_periph/usart/lpc1788_usart1.o
                0x10006080                rt_hw_usart1_init
 .text.UART1_IRQHandler
                0x100060f0       0x90 ./src/bsp/driver_periph/usart/lpc1788_usart1.o
                0x100060f0                UART1_IRQHandler
 .text.ENET_IRQHandler
                0x10006180       0x4c ./src/bsp/driver_periph/ethenet/lpc1788_ethenet_mac.o
                0x10006180                ENET_IRQHandler
 .text.NVIC_SetPriority
                0x100061cc       0x58 ./src/bsp/bsp.o
 .text.SysTick_Config
                0x10006224       0x54 ./src/bsp/bsp.o
 .text.SysTick_Handler
                0x10006278       0x14 ./src/bsp/bsp.o
                0x10006278                SysTick_Handler
 .text.rt_hw_board_init
                0x1000628c       0x34 ./src/bsp/bsp.o
                0x1000628c                rt_hw_board_init
 .text.thread_entry
                0x100062c0       0x20 ./src/app/app.o
 .text.demo0    0x100062e0       0x34 ./src/app/app.o
 .text.demo1    0x10006314       0x34 ./src/app/app.o
 .text.demo2    0x10006348       0x34 ./src/app/app.o
 .text.rt_application_init
                0x1000637c       0xdc ./src/app/app.o
                0x1000637c                rt_application_init
 .text.rtthread_startup
                0x10006458       0x44 ./src/app/main.o
                0x10006458                rtthread_startup
 .text.main     0x1000649c       0x14 ./src/app/main.o
                0x1000649c                main
 .text          0x100064b0       0x2c e:/program files/codesourcery/sourcery g++ lite/bin/../lib/gcc/arm-none-eabi/4.5.2/thumb2\libgcc.a(_aeabi_uldivmod.o)
                0x100064b0                __aeabi_uldivmod
 .text          0x100064dc       0x60 e:/program files/codesourcery/sourcery g++ lite/bin/../lib/gcc/arm-none-eabi/4.5.2/thumb2\libgcc.a(bpabi.o)
                0x100064dc                __gnu_ldivmod_helper
                0x1000650c                __gnu_uldivmod_helper
 .text          0x1000653c        0x4 e:/program files/codesourcery/sourcery g++ lite/bin/../lib/gcc/arm-none-eabi/4.5.2/thumb2\libgcc.a(_dvmd_tls.o)
                0x1000653c                __aeabi_idiv0
                0x1000653c                __aeabi_ldiv0
 .text          0x10006540      0x360 e:/program files/codesourcery/sourcery g++ lite/bin/../lib/gcc/arm-none-eabi/4.5.2/thumb2\libgcc.a(_divdi3.o)
                0x10006540                __divdi3
 .text          0x100068a0      0x308 e:/program files/codesourcery/sourcery g++ lite/bin/../lib/gcc/arm-none-eabi/4.5.2/thumb2\libgcc.a(_udivdi3.o)
                0x100068a0                __udivdi3
 .text          0x10006ba8      0x278 e:/program files/codesourcery/sourcery g++ lite/bin/../lib/gcc/arm-none-eabi/4.5.2/thumb2\libgcc.a(_udivsi3.o)
                0x10006ba8                __aeabi_uidiv
                0x10006ba8                __udivsi3
                0x10006e04                __aeabi_uidivmod
 .text          0x10006e20       0x30 e:/program files/codesourcery/sourcery g++ lite/bin/../lib/gcc/arm-none-eabi/4.5.2/../../../../arm-none-eabi/lib/thumb2\libcs3.a(start_c.o)
                0x10006e20                __cs3_premain
 .text.cs3.init
                0x10006e50       0x50 e:/program files/codesourcery/sourcery g++ lite/bin/../lib/gcc/arm-none-eabi/4.5.2/../../../../arm-none-eabi/lib/thumb2\libcs3.a(start_c.o)
                0x10006e50                __cs3_start_c
 .text          0x10006ea0       0x50 e:/program files/codesourcery/sourcery g++ lite/bin/../lib/gcc/arm-none-eabi/4.5.2/../../../../arm-none-eabi/lib/thumb2\libc.a(lib_a-init.o)
                0x10006ea0                __libc_init_array
 *(.plt)
 *(.gnu.warning)
 *(.glue_7t)
 .glue_7t       0x00000000        0x0 linker stubs
 *(.glue_7)
 .glue_7        0x00000000        0x0 linker stubs
 *(.vfp11_veneer)
 .vfp11_veneer  0x00000000        0x0 linker stubs
 *(.rodata .rodata.* .gnu.linkonce.r.*)
 .rodata        0x10006ef0       0x68 ./src/os/rt-thread/src/device.o
 .rodata.__FUNCTION__.4751
                0x10006f58       0x10 ./src/os/rt-thread/src/device.o
 .rodata.__FUNCTION__.4719
                0x10006f68       0x10 ./src/os/rt-thread/src/device.o
 .rodata.__FUNCTION__.4708
                0x10006f78       0x10 ./src/os/rt-thread/src/device.o
 .rodata        0x10006f88       0x50 ./src/os/rt-thread/src/idle.o
 .rodata.__FUNCTION__.4716
                0x10006fd8       0x18 ./src/os/rt-thread/src/idle.o
 .rodata        0x10006ff0       0xc0 ./src/os/rt-thread/src/ipc.o
 .rodata.__FUNCTION__.4788
                0x100070b0        0xc ./src/os/rt-thread/src/ipc.o
 .rodata.__FUNCTION__.4744
                0x100070bc        0xc ./src/os/rt-thread/src/ipc.o
 .rodata        0x100070c8       0x90 ./src/os/rt-thread/src/kservice.o
 .rodata.large_digits.4868
                0x10007158       0x14 ./src/os/rt-thread/src/kservice.o
 .rodata.small_digits.4867
                0x1000716c       0x14 ./src/os/rt-thread/src/kservice.o
 .rodata        0x10007180      0x288 ./src/os/rt-thread/src/mem.o
 .rodata.__FUNCTION__.4827
                0x10007408        0x8 ./src/os/rt-thread/src/mem.o
 .rodata.__FUNCTION__.4768
                0x10007410        0xc ./src/os/rt-thread/src/mem.o
 .rodata.__FUNCTION__.4755
                0x1000741c       0x14 ./src/os/rt-thread/src/mem.o
 .rodata.__FUNCTION__.4735
                0x10007430        0xc ./src/os/rt-thread/src/mem.o
 .rodata        0x1000743c       0x88 ./src/os/rt-thread/src/object.o
 .rodata.__FUNCTION__.4786
                0x100074c4       0x1c ./src/os/rt-thread/src/object.o
 .rodata.__FUNCTION__.4774
                0x100074e0       0x14 ./src/os/rt-thread/src/object.o
 .rodata.__FUNCTION__.4764
                0x100074f4       0x14 ./src/os/rt-thread/src/object.o
 .rodata.__FUNCTION__.4752
                0x10007508       0x14 ./src/os/rt-thread/src/object.o
 .rodata.rt_lowest_bitmap
                0x1000751c      0x100 ./src/os/rt-thread/src/scheduler.o
                0x1000751c                rt_lowest_bitmap
 .rodata        0x1000761c       0x88 ./src/os/rt-thread/src/scheduler.o
 .rodata.__FUNCTION__.4766
                0x100076a4       0x1c ./src/os/rt-thread/src/scheduler.o
 .rodata.__FUNCTION__.4757
                0x100076c0       0x1c ./src/os/rt-thread/src/scheduler.o
 .rodata.__FUNCTION__.4723
                0x100076dc       0x1c ./src/os/rt-thread/src/scheduler.o
 .rodata        0x100076f8       0xb4 ./src/os/rt-thread/src/thread.o
 .rodata.__FUNCTION__.4848
                0x100077ac       0x14 ./src/os/rt-thread/src/thread.o
 .rodata.__FUNCTION__.4839
                0x100077c0       0x14 ./src/os/rt-thread/src/thread.o
 .rodata.__FUNCTION__.4830
                0x100077d4       0x14 ./src/os/rt-thread/src/thread.o
 .rodata.__FUNCTION__.4802
                0x100077e8       0x10 ./src/os/rt-thread/src/thread.o
 .rodata.__FUNCTION__.4754
                0x100077f8       0x14 ./src/os/rt-thread/src/thread.o
 .rodata.__FUNCTION__.4739
                0x1000780c       0x10 ./src/os/rt-thread/src/thread.o
 .rodata.__FUNCTION__.4723
                0x1000781c       0x10 ./src/os/rt-thread/src/thread.o
 .rodata        0x1000782c       0x58 ./src/os/rt-thread/src/timer.o
 .rodata.__FUNCTION__.4801
                0x10007884       0x14 ./src/os/rt-thread/src/timer.o
 .rodata.__FUNCTION__.4775
                0x10007898       0x10 ./src/os/rt-thread/src/timer.o
 .rodata.__FUNCTION__.4736
                0x100078a8       0x10 ./src/os/rt-thread/src/timer.o
 .rodata        0x100078b8       0xd0 ./src/os/rt-thread/libcpu/arm/cortex-m3/cpuport.o
 .rodata        0x10007988       0x80 ./src/os/rt-thread/components/drivers/src/dataqueue.o
 .rodata.__FUNCTION__.4891
                0x10007a08       0x14 ./src/os/rt-thread/components/drivers/src/dataqueue.o
 .rodata.__FUNCTION__.4867
                0x10007a1c       0x14 ./src/os/rt-thread/components/drivers/src/dataqueue.o
 .rodata.__FUNCTION__.4852
                0x10007a30       0x14 ./src/os/rt-thread/components/drivers/src/dataqueue.o
 .rodata        0x10007a44       0xc8 ./src/os/rt-thread/components/drivers/serial/serial.o
 .rodata.__FUNCTION__.5008
                0x10007b0c       0x18 ./src/os/rt-thread/components/drivers/serial/serial.o
 .rodata.__FUNCTION__.4997
                0x10007b24       0x1c ./src/os/rt-thread/components/drivers/serial/serial.o
 .rodata.__FUNCTION__.4986
                0x10007b40       0x18 ./src/os/rt-thread/components/drivers/serial/serial.o
 .rodata.__FUNCTION__.4977
                0x10007b58       0x18 ./src/os/rt-thread/components/drivers/serial/serial.o
 .rodata.__FUNCTION__.4961
                0x10007b70       0x14 ./src/os/rt-thread/components/drivers/serial/serial.o
 .rodata.__FUNCTION__.4935
                0x10007b84       0x10 ./src/os/rt-thread/components/drivers/serial/serial.o
 .rodata.__FUNCTION__.4906
                0x10007b94       0x10 ./src/os/rt-thread/components/drivers/serial/serial.o
 .rodata.__FUNCTION__.4892
                0x10007ba4       0x10 ./src/os/rt-thread/components/drivers/serial/serial.o
 .rodata.__FUNCTION__.4882
                0x10007bb4       0x10 ./src/os/rt-thread/components/drivers/serial/serial.o
 .rodata.__FUNCTION__.4871
                0x10007bc4       0x10 ./src/os/rt-thread/components/drivers/serial/serial.o
 .rodata        0x10007bd4       0x4c ./src/bsp/driver_periph/usart/lpc1788_usart0.o
 .rodata.usart_ops
                0x10007c20       0x14 ./src/bsp/driver_periph/usart/lpc1788_usart0.o
 .rodata.C.0.7576
                0x10007c34        0x8 ./src/bsp/driver_periph/usart/lpc1788_usart0.o
 .rodata.__FUNCTION__.6579
                0x10007c3c       0x10 ./src/bsp/driver_periph/usart/lpc1788_usart0.o
 .rodata.__FUNCTION__.6559
                0x10007c4c        0x8 ./src/bsp/driver_periph/usart/lpc1788_usart0.o
 .rodata.__FUNCTION__.6550
                0x10007c54        0xc ./src/bsp/driver_periph/usart/lpc1788_usart0.o
 .rodata.__FUNCTION__.6537
                0x10007c60        0x8 ./src/bsp/driver_periph/usart/lpc1788_usart0.o
 .rodata.__FUNCTION__.6497
                0x10007c68        0xc ./src/bsp/driver_periph/usart/lpc1788_usart0.o
 .rodata        0x10007c74       0x4c ./src/bsp/driver_periph/usart/lpc1788_usart1.o
 .rodata.usart_ops
                0x10007cc0       0x14 ./src/bsp/driver_periph/usart/lpc1788_usart1.o
 .rodata.C.0.7576
                0x10007cd4        0x8 ./src/bsp/driver_periph/usart/lpc1788_usart1.o
 .rodata.__FUNCTION__.6579
                0x10007cdc       0x10 ./src/bsp/driver_periph/usart/lpc1788_usart1.o
 .rodata.__FUNCTION__.6559
                0x10007cec        0x8 ./src/bsp/driver_periph/usart/lpc1788_usart1.o
 .rodata.__FUNCTION__.6550
                0x10007cf4        0xc ./src/bsp/driver_periph/usart/lpc1788_usart1.o
 .rodata.__FUNCTION__.6537
                0x10007d00        0x8 ./src/bsp/driver_periph/usart/lpc1788_usart1.o
 .rodata.__FUNCTION__.6497
                0x10007d08        0xc ./src/bsp/driver_periph/usart/lpc1788_usart1.o
 .rodata        0x10007d14       0x44 ./src/app/app.o
 .rodata        0x10007d58       0x58 ./src/app/main.o
 *(.ARM.extab* .gnu.linkonce.armextab.*)
 *(.gcc_except_table)
 *(.eh_frame_hdr)
 *(.eh_frame)
                0x10007db0                . = ALIGN (0x4)
 *(.init)
 .init          0x10007db0        0x4 e:/program files/codesourcery/sourcery g++ lite/bin/../lib/gcc/arm-none-eabi/4.5.2/thumb2/crti.o
                0x10007db0                _init
 .init          0x10007db4        0x8 e:/program files/codesourcery/sourcery g++ lite/bin/../lib/gcc/arm-none-eabi/4.5.2/thumb2/crtn.o
                0x10007dbc                . = ALIGN (0x4)
                0x10007dbc                __preinit_array_start = .
 *(.preinit_array)
                0x10007dbc                __preinit_array_end = .
                0x10007dbc                . = ALIGN (0x4)
                0x10007dbc                __init_array_start = .
 *(SORT(.init_array.*))
 *(.init_array)
 .init_array    0x10007dbc        0x4 e:/program files/codesourcery/sourcery g++ lite/bin/../lib/gcc/arm-none-eabi/4.5.2/thumb2/crtbegin.o
                0x10007dc0                __init_array_end = .
                0x10007dc0                . = ALIGN (0x4)
 *crtbegin.o(.ctors)
 *(EXCLUDE_FILE(*crtend.o) .ctors)
 *(SORT(.ctors.*))
 *crtend.o(.ctors)
                0x10007dc0                . = ALIGN (0x4)
 *(.fini)
 .fini          0x10007dc0        0x4 e:/program files/codesourcery/sourcery g++ lite/bin/../lib/gcc/arm-none-eabi/4.5.2/thumb2/crti.o
                0x10007dc0                _fini
 .fini          0x10007dc4        0x8 e:/program files/codesourcery/sourcery g++ lite/bin/../lib/gcc/arm-none-eabi/4.5.2/thumb2/crtn.o
                0x10007dcc                . = ALIGN (0x4)
                0x10007dcc                __fini_array_start = .
 *(.fini_array)
 .fini_array    0x10007dcc        0x4 e:/program files/codesourcery/sourcery g++ lite/bin/../lib/gcc/arm-none-eabi/4.5.2/thumb2/crtbegin.o
 *(SORT(.fini_array.*))
                0x10007dd0                __fini_array_end = .
 *crtbegin.o(.dtors)
 *(EXCLUDE_FILE(*crtend.o) .dtors)
 *(SORT(.dtors.*))
 *crtend.o(.dtors)
                0x10007dd0                . = ALIGN (0x4)
                0x10007dd0                __cs3_regions = .
                0x10007dd0        0x4 LONG 0x0
                0x10007dd4        0x4 LONG 0x10007df0 __cs3_region_init_ram
                0x10007dd8        0x4 LONG 0x10000000 __cs3_region_start_ram
                0x10007ddc        0x4 LONG 0xc0 __cs3_region_init_size_ram
                0x10007de0        0x4 LONG 0x640 __cs3_region_zero_size_ram
                0x10007de4                __exidx_start = .

.v4_bx          0x10007de4        0x0
 .v4_bx         0x00000000        0x0 linker stubs

.ARM.exidx      0x10007de4        0x8
 *(.ARM.exidx* .gnu.linkonce.armexidx.*)
 .ARM.exidx.cs3.reset
                0x10007de4        0x8 ./src/lib/lpc177x_8x/Core/Device/NXP/LPC177x_8x/Source/Templates/GCC/startup_LPC177x_8x.o
 .ARM.exidx     0x10007dec        0x0 e:/program files/codesourcery/sourcery g++ lite/bin/../lib/gcc/arm-none-eabi/4.5.2/thumb2\libgcc.a(_divdi3.o)
                                  0x8 (size before relaxing)
 .ARM.exidx     0x10007dec        0x0 e:/program files/codesourcery/sourcery g++ lite/bin/../lib/gcc/arm-none-eabi/4.5.2/thumb2\libgcc.a(_udivdi3.o)
                                  0x8 (size before relaxing)
                0x10007dec                __exidx_end = .

.text.align     0x10007dec        0x4
                0x10007df0                . = ALIGN (0x8)
 *fill*         0x10007dec        0x4 00
                0x10007df0                _etext = .

.data           0x10007df0       0xc0
                0x10007df0                _sdata = .
 *(.jcr)
 .jcr           0x10007df0        0x0 e:/program files/codesourcery/sourcery g++ lite/bin/../lib/gcc/arm-none-eabi/4.5.2/thumb2/crtbegin.o
 .jcr           0x10007df0        0x4 e:/program files/codesourcery/sourcery g++ lite/bin/../lib/gcc/arm-none-eabi/4.5.2/thumb2/crtend.o
 *(.got.plt)
 *(.got)
 *(.shdata)
 *(.data .data.* .gnu.linkonce.d.*)
 .data.rt_object_container
                0x10007df4       0xa0 ./src/os/rt-thread/src/object.o
                0x10007df4                rt_object_container
 .data.rt_timer_list
                0x10007e94        0x8 ./src/os/rt-thread/src/timer.o
 .data.SystemCoreClock
                0x10007e9c        0x4 ./src/lib/lpc177x_8x/Core/Device/NXP/LPC177x_8x/Source/Templates/system_LPC177x_8x.o
                0x10007e9c                SystemCoreClock
 .data.PeripheralClock
                0x10007ea0        0x4 ./src/lib/lpc177x_8x/Core/Device/NXP/LPC177x_8x/Source/Templates/system_LPC177x_8x.o
                0x10007ea0                PeripheralClock
 .data.EMCClock
                0x10007ea4        0x4 ./src/lib/lpc177x_8x/Core/Device/NXP/LPC177x_8x/Source/Templates/system_LPC177x_8x.o
                0x10007ea4                EMCClock
 .data.USBClock
                0x10007ea8        0x4 ./src/lib/lpc177x_8x/Core/Device/NXP/LPC177x_8x/Source/Templates/system_LPC177x_8x.o
                0x10007ea8                USBClock
 *(.ram.d)
                0x10007eb0                . = ALIGN (0x8)
 *fill*         0x10007eac        0x4 00
                0x10007eb0                _edata = .

.bss            0x10007eb0      0x640
                0x10007eb0                . = ALIGN (0x4)
                0x10007eb0                __bss_start__ = .
 *(.shbss)
 *(.bss .bss.* .gnu.linkonce.b.*)
 .bss           0x10007eb0        0x1 e:/program files/codesourcery/sourcery g++ lite/bin/../lib/gcc/arm-none-eabi/4.5.2/thumb2/crtbegin.o
 *fill*         0x10007eb1        0x3 00
 .bss.rt_tick   0x10007eb4        0x4 ./src/os/rt-thread/src/clock.o
 .bss.idle      0x10007eb8       0x78 ./src/os/rt-thread/src/idle.o
 .bss.rt_thread_stack
                0x10007f30      0x100 ./src/os/rt-thread/src/idle.o
 .bss.rt_thread_idle_hook
                0x10008030        0x4 ./src/os/rt-thread/src/idle.o
 .bss._errno    0x10008034        0x4 ./src/os/rt-thread/src/kservice.o
 .bss._console_device
                0x10008038        0x4 ./src/os/rt-thread/src/kservice.o
 .bss.rt_log_buf.4976
                0x1000803c       0x80 ./src/os/rt-thread/src/kservice.o
 .bss.rt_malloc_hook
                0x100080bc        0x4 ./src/os/rt-thread/src/mem.o
 .bss.rt_free_hook
                0x100080c0        0x4 ./src/os/rt-thread/src/mem.o
 .bss.heap_ptr  0x100080c4        0x4 ./src/os/rt-thread/src/mem.o
 .bss.heap_end  0x100080c8        0x4 ./src/os/rt-thread/src/mem.o
 .bss.lfree     0x100080cc        0x4 ./src/os/rt-thread/src/mem.o
 .bss.heap_sem  0x100080d0       0x1c ./src/os/rt-thread/src/mem.o
 .bss.mem_size_aligned
                0x100080ec        0x4 ./src/os/rt-thread/src/mem.o
 .bss.used_mem  0x100080f0        0x4 ./src/os/rt-thread/src/mem.o
 .bss.max_mem   0x100080f4        0x4 ./src/os/rt-thread/src/mem.o
 .bss.rt_object_attach_hook
                0x100080f8        0x4 ./src/os/rt-thread/src/object.o
 .bss.rt_object_detach_hook
                0x100080fc        0x4 ./src/os/rt-thread/src/object.o
 .bss.rt_scheduler_lock_nest
                0x10008100        0x2 ./src/os/rt-thread/src/scheduler.o
 *fill*         0x10008102        0x2 00
 .bss.rt_scheduler_hook
                0x10008104        0x4 ./src/os/rt-thread/src/scheduler.o
 .bss.rt_timer_timeout_hook
                0x10008108        0x4 ./src/os/rt-thread/src/timer.o
 .bss.Mci_Data_Xfer_End
                0x1000810c        0x4 ./src/lib/lpc177x_8x/Drivers/source/lpc177x_8x_mci.o
                0x1000810c                Mci_Data_Xfer_End
 .bss.Mci_Data_Xfer_ERR
                0x10008110        0x4 ./src/lib/lpc177x_8x/Drivers/source/lpc177x_8x_mci.o
                0x10008110                Mci_Data_Xfer_ERR
 .bss.RecvFifoLength
                0x10008114        0x1 ./src/bsp/driver_periph/usart/lpc1788_usart0.o
 .bss.SendFifoLength
                0x10008115        0x1 ./src/bsp/driver_periph/usart/lpc1788_usart0.o
 *fill*         0x10008116        0x2 00
 .bss.SendPtr   0x10008118        0x4 ./src/bsp/driver_periph/usart/lpc1788_usart0.o
 .bss.SendLength
                0x1000811c        0x4 ./src/bsp/driver_periph/usart/lpc1788_usart0.o
 .bss.serial_device
                0x10008120       0x78 ./src/bsp/driver_periph/usart/lpc1788_usart0.o
 .bss.RecvFifoLength
                0x10008198        0x1 ./src/bsp/driver_periph/usart/lpc1788_usart1.o
 .bss.SendFifoLength
                0x10008199        0x1 ./src/bsp/driver_periph/usart/lpc1788_usart1.o
 *fill*         0x1000819a        0x2 00
 .bss.SendPtr   0x1000819c        0x4 ./src/bsp/driver_periph/usart/lpc1788_usart1.o
 .bss.SendLength
                0x100081a0        0x4 ./src/bsp/driver_periph/usart/lpc1788_usart1.o
 .bss.serial_device
                0x100081a4       0x78 ./src/bsp/driver_periph/usart/lpc1788_usart1.o
 *(COMMON)
 COMMON         0x1000821c        0x1 ./src/os/rt-thread/src/irq.o
                0x1000821c                rt_interrupt_nest
 *fill*         0x1000821d        0x3 00
 COMMON         0x10008220        0xc ./src/os/rt-thread/src/object.o
                0x10008220                rt_object_put_hook
                0x10008224                rt_object_take_hook
                0x10008228                rt_object_trytake_hook
 COMMON         0x1000822c      0x114 ./src/os/rt-thread/src/scheduler.o
                0x1000822c                rt_thread_priority_table
                0x1000832c                rt_current_priority
                0x10008330                rt_current_thread
                0x10008334                rt_thread_ready_priority_group
                0x10008338                rt_thread_defunct
 COMMON         0x10008340        0xc ./src/os/rt-thread/libcpu/arm/cortex-m3/cpuport.o
                0x10008340                rt_interrupt_to_thread
                0x10008344                rt_interrupt_from_thread
                0x10008348                rt_thread_switch_interrupt_flag
 COMMON         0x1000834c      0x108 ./src/bsp/driver_periph/usart/lpc1788_usart0.o
                0x1000834c                serial_int_rx
                0x100083d0                serial_int_tx
 *fill*         0x10008454        0x4 00
 COMMON         0x10008458       0x98 ./src/bsp/driver_periph/ethenet/lpc1788_ethenet_mac.o
                0x10008458                lpc1788_enetdata
                0x100084f0                __bss_end__ = .
 *(.ram.b)
                0x100084f0                . = ALIGN (0x4)
                0x100084f0                _end = .
                0x100084f0                __end = .

.usb_ram
 *.o(USB_RAM)

.heap           0x100084f0     0x1000
 *(.heap)
 .heap          0x100084f0     0x1000 ./src/lib/lpc177x_8x/Core/Device/NXP/LPC177x_8x/Source/Templates/GCC/startup_LPC177x_8x.o
                0x100084f0                __cs3_heap_start
                0x100094f0                __cs3_heap_end

.stack          0x1000fc00      0x400
 *(.stack)
 .stack         0x1000fc00      0x400 ./src/lib/lpc177x_8x/Core/Device/NXP/LPC177x_8x/Source/Templates/GCC/startup_LPC177x_8x.o
                0x1000fc00                __cs3_stack_mem
                0x10010000                _estack = .
                0x10010000                PROVIDE (estack, .)
                0x10007df0                __cs3_region_init_ram = LOADADDR (.data)
                0x000000c0                __cs3_region_init_size_ram = (_edata - _sdata)
                0x00000640                __cs3_region_zero_size_ram = (_end - _edata)
                0x00010000                __cs3_region_size_ram = 0x10000
                0x00000001                __cs3_region_num = 0x1

.stab
 *(.stab)

.stabstr
 *(.stabstr)

.debug
 *(.debug)

.line
 *(.line)

.debug_srcinfo
 *(.debug_srcinfo)

.debug_sfnames
 *(.debug_sfnames)

.comment        0x00000000       0x2a
 .comment       0x00000000       0x2a ./src/os/rt-thread/src/clock.o
                                 0x2b (size before relaxing)
 .comment       0x00000000       0x2b ./src/os/rt-thread/src/device.o
 .comment       0x00000000       0x2b ./src/os/rt-thread/src/idle.o
 .comment       0x00000000       0x2b ./src/os/rt-thread/src/ipc.o
 .comment       0x00000000       0x2b ./src/os/rt-thread/src/irq.o
 .comment       0x00000000       0x2b ./src/os/rt-thread/src/kservice.o
 .comment       0x00000000       0x2b ./src/os/rt-thread/src/mem.o
 .comment       0x00000000       0x2b ./src/os/rt-thread/src/memheap.o
 .comment       0x00000000       0x2b ./src/os/rt-thread/src/mempool.o
 .comment       0x00000000       0x2b ./src/os/rt-thread/src/module.o
 .comment       0x00000000       0x2b ./src/os/rt-thread/src/object.o
 .comment       0x00000000       0x2b ./src/os/rt-thread/src/scheduler.o
 .comment       0x00000000       0x2b ./src/os/rt-thread/src/slab.o
 .comment       0x00000000       0x2b ./src/os/rt-thread/src/thread.o
 .comment       0x00000000       0x2b ./src/os/rt-thread/src/timer.o
 .comment       0x00000000       0x2b ./src/os/rt-thread/libcpu/arm/cortex-m3/cpuport.o
 .comment       0x00000000       0x2b ./src/os/rt-thread/components/net/lwip/src/netif/ppp/auth.o
 .comment       0x00000000       0x2b ./src/os/rt-thread/components/net/lwip/src/netif/ppp/chap.o
 .comment       0x00000000       0x2b ./src/os/rt-thread/components/net/lwip/src/netif/ppp/chpms.o
 .comment       0x00000000       0x2b ./src/os/rt-thread/components/net/lwip/src/netif/ppp/fsm.o
 .comment       0x00000000       0x2b ./src/os/rt-thread/components/net/lwip/src/netif/ppp/ipcp.o
 .comment       0x00000000       0x2b ./src/os/rt-thread/components/net/lwip/src/netif/ppp/lcp.o
 .comment       0x00000000       0x2b ./src/os/rt-thread/components/net/lwip/src/netif/ppp/magic.o
 .comment       0x00000000       0x2b ./src/os/rt-thread/components/net/lwip/src/netif/ppp/md5.o
 .comment       0x00000000       0x2b ./src/os/rt-thread/components/net/lwip/src/netif/ppp/pap.o
 .comment       0x00000000       0x2b ./src/os/rt-thread/components/net/lwip/src/netif/ppp/ppp.o
 .comment       0x00000000       0x2b ./src/os/rt-thread/components/net/lwip/src/netif/ppp/ppp_oe.o
 .comment       0x00000000       0x2b ./src/os/rt-thread/components/net/lwip/src/netif/ppp/randm.o
 .comment       0x00000000       0x2b ./src/os/rt-thread/components/net/lwip/src/netif/ppp/vj.o
 .comment       0x00000000       0x2b ./src/os/rt-thread/components/net/lwip/src/netif/etharp.o
 .comment       0x00000000       0x2b ./src/os/rt-thread/components/net/lwip/src/netif/ethernetif.o
 .comment       0x00000000       0x2b ./src/os/rt-thread/components/net/lwip/src/netif/slipif.o
 .comment       0x00000000       0x2b ./src/os/rt-thread/components/net/lwip/src/core/snmp/asn1_dec.o
 .comment       0x00000000       0x2b ./src/os/rt-thread/components/net/lwip/src/core/snmp/asn1_enc.o
 .comment       0x00000000       0x2b ./src/os/rt-thread/components/net/lwip/src/core/snmp/mib2.o
 .comment       0x00000000       0x2b ./src/os/rt-thread/components/net/lwip/src/core/snmp/mib_structs.o
 .comment       0x00000000       0x2b ./src/os/rt-thread/components/net/lwip/src/core/snmp/msg_in.o
 .comment       0x00000000       0x2b ./src/os/rt-thread/components/net/lwip/src/core/snmp/msg_out.o
 .comment       0x00000000       0x2b ./src/os/rt-thread/components/net/lwip/src/core/ipv4/autoip.o
 .comment       0x00000000       0x2b ./src/os/rt-thread/components/net/lwip/src/core/ipv4/icmp.o
 .comment       0x00000000       0x2b ./src/os/rt-thread/components/net/lwip/src/core/ipv4/igmp.o
 .comment       0x00000000       0x2b ./src/os/rt-thread/components/net/lwip/src/core/ipv4/inet.o
 .comment       0x00000000       0x2b ./src/os/rt-thread/components/net/lwip/src/core/ipv4/inet_chksum.o
 .comment       0x00000000       0x2b ./src/os/rt-thread/components/net/lwip/src/core/ipv4/ip.o
 .comment       0x00000000       0x2b ./src/os/rt-thread/components/net/lwip/src/core/ipv4/ip_addr.o
 .comment       0x00000000       0x2b ./src/os/rt-thread/components/net/lwip/src/core/ipv4/ip_frag.o
 .comment       0x00000000       0x2b ./src/os/rt-thread/components/net/lwip/src/core/def.o
 .comment       0x00000000       0x2b ./src/os/rt-thread/components/net/lwip/src/core/dhcp.o
 .comment       0x00000000       0x2b ./src/os/rt-thread/components/net/lwip/src/core/dns.o
 .comment       0x00000000       0x2b ./src/os/rt-thread/components/net/lwip/src/core/init.o
 .comment       0x00000000       0x2b ./src/os/rt-thread/components/net/lwip/src/core/mem.o
 .comment       0x00000000       0x2b ./src/os/rt-thread/components/net/lwip/src/core/memp.o
 .comment       0x00000000       0x2b ./src/os/rt-thread/components/net/lwip/src/core/netif.o
 .comment       0x00000000       0x2b ./src/os/rt-thread/components/net/lwip/src/core/pbuf.o
 .comment       0x00000000       0x2b ./src/os/rt-thread/components/net/lwip/src/core/raw.o
 .comment       0x00000000       0x2b ./src/os/rt-thread/components/net/lwip/src/core/stats.o
 .comment       0x00000000       0x2b ./src/os/rt-thread/components/net/lwip/src/core/sys.o
 .comment       0x00000000       0x2b ./src/os/rt-thread/components/net/lwip/src/core/tcp.o
 .comment       0x00000000       0x2b ./src/os/rt-thread/components/net/lwip/src/core/tcp_in.o
 .comment       0x00000000       0x2b ./src/os/rt-thread/components/net/lwip/src/core/tcp_out.o
 .comment       0x00000000       0x2b ./src/os/rt-thread/components/net/lwip/src/core/timers.o
 .comment       0x00000000       0x2b ./src/os/rt-thread/components/net/lwip/src/core/udp.o
 .comment       0x00000000       0x2b ./src/os/rt-thread/components/net/lwip/src/arch/sys_arch.o
 .comment       0x00000000       0x2b ./src/os/rt-thread/components/net/lwip/src/api/api_lib.o
 .comment       0x00000000       0x2b ./src/os/rt-thread/components/net/lwip/src/api/api_msg.o
 .comment       0x00000000       0x2b ./src/os/rt-thread/components/net/lwip/src/api/err.o
 .comment       0x00000000       0x2b ./src/os/rt-thread/components/net/lwip/src/api/netbuf.o
 .comment       0x00000000       0x2b ./src/os/rt-thread/components/net/lwip/src/api/netdb.o
 .comment       0x00000000       0x2b ./src/os/rt-thread/components/net/lwip/src/api/netifapi.o
 .comment       0x00000000       0x2b ./src/os/rt-thread/components/net/lwip/src/api/sockets.o
 .comment       0x00000000       0x2b ./src/os/rt-thread/components/net/lwip/src/api/tcpip.o
 .comment       0x00000000       0x2b ./src/os/rt-thread/components/init/components.o
 .comment       0x00000000       0x2b ./src/os/rt-thread/components/drivers/src/completion.o
 .comment       0x00000000       0x2b ./src/os/rt-thread/components/drivers/src/dataqueue.o
 .comment       0x00000000       0x2b ./src/os/rt-thread/components/drivers/src/pipe.o
 .comment       0x00000000       0x2b ./src/os/rt-thread/components/drivers/src/ringbuffer.o
 .comment       0x00000000       0x2b ./src/os/rt-thread/components/drivers/spi/spi_core.o
 .comment       0x00000000       0x2b ./src/os/rt-thread/components/drivers/spi/spi_dev.o
 .comment       0x00000000       0x2b ./src/os/rt-thread/components/drivers/serial/serial.o
 .comment       0x00000000       0x2b ./src/os/rt-thread/components/drivers/rtc/alarm.o
 .comment       0x00000000       0x2b ./src/os/rt-thread/components/drivers/rtc/rtc.o
 .comment       0x00000000       0x2b ./src/os/rt-thread/components/drivers/mtd/mtd_nand.o
 .comment       0x00000000       0x2b ./src/os/rt-thread/components/drivers/mtd/mtd_nor.o
 .comment       0x00000000       0x2b ./src/lib/lpc177x_8x/Drivers/source/debug_frmwrk.o
 .comment       0x00000000       0x2b ./src/lib/lpc177x_8x/Drivers/source/lpc177x_8x_adc.o
 .comment       0x00000000       0x2b ./src/lib/lpc177x_8x/Drivers/source/lpc177x_8x_bod.o
 .comment       0x00000000       0x2b ./src/lib/lpc177x_8x/Drivers/source/lpc177x_8x_can.o
 .comment       0x00000000       0x2b ./src/lib/lpc177x_8x/Drivers/source/lpc177x_8x_clkpwr.o
 .comment       0x00000000       0x2b ./src/lib/lpc177x_8x/Drivers/source/lpc177x_8x_crc.o
 .comment       0x00000000       0x2b ./src/lib/lpc177x_8x/Drivers/source/lpc177x_8x_dac.o
 .comment       0x00000000       0x2b ./src/lib/lpc177x_8x/Drivers/source/lpc177x_8x_eeprom.o
 .comment       0x00000000       0x2b ./src/lib/lpc177x_8x/Drivers/source/lpc177x_8x_emac.o
 .comment       0x00000000       0x2b ./src/lib/lpc177x_8x/Drivers/source/lpc177x_8x_emc.o
 .comment       0x00000000       0x2b ./src/lib/lpc177x_8x/Drivers/source/lpc177x_8x_exti.o
 .comment       0x00000000       0x2b ./src/lib/lpc177x_8x/Drivers/source/lpc177x_8x_gpdma.o
 .comment       0x00000000       0x2b ./src/lib/lpc177x_8x/Drivers/source/lpc177x_8x_gpio.o
 .comment       0x00000000       0x2b ./src/lib/lpc177x_8x/Drivers/source/lpc177x_8x_i2c.o
 .comment       0x00000000       0x2b ./src/lib/lpc177x_8x/Drivers/source/lpc177x_8x_i2s.o
 .comment       0x00000000       0x2b ./src/lib/lpc177x_8x/Drivers/source/lpc177x_8x_iap.o
 .comment       0x00000000       0x2b ./src/lib/lpc177x_8x/Drivers/source/lpc177x_8x_lcd.o
 .comment       0x00000000       0x2b ./src/lib/lpc177x_8x/Drivers/source/lpc177x_8x_mci.o
 .comment       0x00000000       0x2b ./src/lib/lpc177x_8x/Drivers/source/lpc177x_8x_mcpwm.o
 .comment       0x00000000       0x2b ./src/lib/lpc177x_8x/Drivers/source/lpc177x_8x_nvic.o
 .comment       0x00000000       0x2b ./src/lib/lpc177x_8x/Drivers/source/lpc177x_8x_pinsel.o
 .comment       0x00000000       0x2b ./src/lib/lpc177x_8x/Drivers/source/lpc177x_8x_pwm.o
 .comment       0x00000000       0x2b ./src/lib/lpc177x_8x/Drivers/source/lpc177x_8x_qei.o
 .comment       0x00000000       0x2b ./src/lib/lpc177x_8x/Drivers/source/lpc177x_8x_rtc.o
 .comment       0x00000000       0x2b ./src/lib/lpc177x_8x/Drivers/source/lpc177x_8x_ssp.o
 .comment       0x00000000       0x2b ./src/lib/lpc177x_8x/Drivers/source/lpc177x_8x_systick.o
 .comment       0x00000000       0x2b ./src/lib/lpc177x_8x/Drivers/source/lpc177x_8x_timer.o
 .comment       0x00000000       0x2b ./src/lib/lpc177x_8x/Drivers/source/lpc177x_8x_uart.o
 .comment       0x00000000       0x2b ./src/lib/lpc177x_8x/Drivers/source/lpc177x_8x_wwdt.o
 .comment       0x00000000       0x2b ./src/lib/lpc177x_8x/Core/Device/NXP/LPC177x_8x/Source/Templates/system_LPC177x_8x.o
 .comment       0x00000000       0x2b ./src/bsp/driver_periph/usart/lpc1788_usart0.o
 .comment       0x00000000       0x2b ./src/bsp/driver_periph/usart/lpc1788_usart1.o
 .comment       0x00000000       0x2b ./src/bsp/driver_periph/ethenet/lpc1788_ethenet_mac.o
 .comment       0x00000000       0x2b ./src/bsp/driver_periph/ethenet/lpc1788_ethenet_phy_lan8720.o
 .comment       0x00000000       0x2b ./src/bsp/driver_periph/ethenet/lpc1788_ethenet_sys.o
 .comment       0x00000000       0x2b ./src/bsp/bsp.o
 .comment       0x00000000       0x2b ./src/app/app.o
 .comment       0x00000000       0x2b ./src/app/main.o

.crp            0x00000000        0x4
 .crp           0x00000000        0x4 ./src/lib/lpc177x_8x/Core/Device/NXP/LPC177x_8x/Source/Templates/GCC/startup_LPC177x_8x.o
                0x00000000                CRP_Value

.debug_aranges  0x00000000     0x2b88
 *(.debug_aranges)
 .debug_aranges
                0x00000000       0x40 ./src/os/rt-thread/src/clock.o
 .debug_aranges
                0x00000040       0x78 ./src/os/rt-thread/src/device.o
 .debug_aranges
                0x000000b8       0x48 ./src/os/rt-thread/src/idle.o
 .debug_aranges
                0x00000100      0x180 ./src/os/rt-thread/src/ipc.o
 .debug_aranges
                0x00000280       0x30 ./src/os/rt-thread/src/irq.o
 .debug_aranges
                0x000002b0       0xf8 ./src/os/rt-thread/src/kservice.o
 .debug_aranges
                0x000003a8       0x60 ./src/os/rt-thread/src/mem.o
 .debug_aranges
                0x00000408       0x38 ./src/os/rt-thread/src/memheap.o
 .debug_aranges
                0x00000440       0x70 ./src/os/rt-thread/src/mempool.o
 .debug_aranges
                0x000004b0       0x90 ./src/os/rt-thread/src/object.o
 .debug_aranges
                0x00000540       0x80 ./src/os/rt-thread/src/scheduler.o
 .debug_aranges
                0x000005c0       0xb8 ./src/os/rt-thread/src/thread.o
 .debug_aranges
                0x00000678       0xa8 ./src/os/rt-thread/src/timer.o
 .debug_aranges
                0x00000720       0x20 ./src/os/rt-thread/libcpu/arm/cortex-m3/context_gcc.o
 .debug_aranges
                0x00000740       0x30 ./src/os/rt-thread/libcpu/arm/cortex-m3/cpuport.o
 .debug_aranges
                0x00000770       0x80 ./src/os/rt-thread/components/net/lwip/src/netif/etharp.o
 .debug_aranges
                0x000007f0       0x60 ./src/os/rt-thread/components/net/lwip/src/netif/ethernetif.o
 .debug_aranges
                0x00000850       0x30 ./src/os/rt-thread/components/net/lwip/src/core/ipv4/icmp.o
 .debug_aranges
                0x00000880       0x40 ./src/os/rt-thread/components/net/lwip/src/core/ipv4/inet_chksum.o
 .debug_aranges
                0x000008c0       0x38 ./src/os/rt-thread/components/net/lwip/src/core/ipv4/ip.o
 .debug_aranges
                0x000008f8       0x48 ./src/os/rt-thread/components/net/lwip/src/core/ipv4/ip_addr.o
 .debug_aranges
                0x00000940       0x38 ./src/os/rt-thread/components/net/lwip/src/core/def.o
 .debug_aranges
                0x00000978       0x80 ./src/os/rt-thread/components/net/lwip/src/core/dns.o
 .debug_aranges
                0x000009f8       0x20 ./src/os/rt-thread/components/net/lwip/src/core/init.o
 .debug_aranges
                0x00000a18       0x30 ./src/os/rt-thread/components/net/lwip/src/core/memp.o
 .debug_aranges
                0x00000a48       0x80 ./src/os/rt-thread/components/net/lwip/src/core/netif.o
 .debug_aranges
                0x00000ac8       0xb0 ./src/os/rt-thread/components/net/lwip/src/core/pbuf.o
 .debug_aranges
                0x00000b78       0x58 ./src/os/rt-thread/components/net/lwip/src/core/raw.o
 .debug_aranges
                0x00000bd0       0x20 ./src/os/rt-thread/components/net/lwip/src/core/sys.o
 .debug_aranges
                0x00000bf0      0x130 ./src/os/rt-thread/components/net/lwip/src/core/tcp.o
 .debug_aranges
                0x00000d20       0x50 ./src/os/rt-thread/components/net/lwip/src/core/tcp_in.o
 .debug_aranges
                0x00000d70       0x98 ./src/os/rt-thread/components/net/lwip/src/core/tcp_out.o
 .debug_aranges
                0x00000e08       0x58 ./src/os/rt-thread/components/net/lwip/src/core/timers.o
 .debug_aranges
                0x00000e60       0x68 ./src/os/rt-thread/components/net/lwip/src/core/udp.o
 .debug_aranges
                0x00000ec8      0x100 ./src/os/rt-thread/components/net/lwip/src/arch/sys_arch.o
 .debug_aranges
                0x00000fc8       0xb0 ./src/os/rt-thread/components/net/lwip/src/api/api_lib.o
 .debug_aranges
                0x00001078       0xf8 ./src/os/rt-thread/components/net/lwip/src/api/api_msg.o
 .debug_aranges
                0x00001170       0x60 ./src/os/rt-thread/components/net/lwip/src/api/netbuf.o
 .debug_aranges
                0x000011d0       0x38 ./src/os/rt-thread/components/net/lwip/src/api/netdb.o
 .debug_aranges
                0x00001208       0x48 ./src/os/rt-thread/components/net/lwip/src/api/netifapi.o
 .debug_aranges
                0x00001250      0x108 ./src/os/rt-thread/components/net/lwip/src/api/sockets.o
 .debug_aranges
                0x00001358       0x70 ./src/os/rt-thread/components/net/lwip/src/api/tcpip.o
 .debug_aranges
                0x000013c8       0x20 ./src/os/rt-thread/components/init/components.o
 .debug_aranges
                0x000013e8       0x48 ./src/os/rt-thread/components/drivers/src/completion.o
 .debug_aranges
                0x00001430       0x58 ./src/os/rt-thread/components/drivers/src/dataqueue.o
 .debug_aranges
                0x00001488       0x58 ./src/os/rt-thread/components/drivers/src/pipe.o
 .debug_aranges
                0x000014e0       0x40 ./src/os/rt-thread/components/drivers/src/ringbuffer.o
 .debug_aranges
                0x00001520       0x70 ./src/os/rt-thread/components/drivers/spi/spi_core.o
 .debug_aranges
                0x00001590       0x68 ./src/os/rt-thread/components/drivers/spi/spi_dev.o
 .debug_aranges
                0x000015f8       0xa0 ./src/os/rt-thread/components/drivers/serial/serial.o
 .debug_aranges
                0x00001698       0x30 ./src/os/rt-thread/components/drivers/rtc/rtc.o
 .debug_aranges
                0x000016c8       0x98 ./src/lib/lpc177x_8x/Drivers/source/debug_frmwrk.o
 .debug_aranges
                0x00001760       0x80 ./src/lib/lpc177x_8x/Drivers/source/lpc177x_8x_adc.o
 .debug_aranges
                0x000017e0       0x38 ./src/lib/lpc177x_8x/Drivers/source/lpc177x_8x_bod.o
 .debug_aranges
                0x00001818       0xc0 ./src/lib/lpc177x_8x/Drivers/source/lpc177x_8x_can.o
 .debug_aranges
                0x000018d8       0x50 ./src/lib/lpc177x_8x/Drivers/source/lpc177x_8x_clkpwr.o
 .debug_aranges
                0x00001928       0x38 ./src/lib/lpc177x_8x/Drivers/source/lpc177x_8x_crc.o
 .debug_aranges
                0x00001960       0x50 ./src/lib/lpc177x_8x/Drivers/source/lpc177x_8x_dac.o
 .debug_aranges
                0x000019b0       0x40 ./src/lib/lpc177x_8x/Drivers/source/lpc177x_8x_eeprom.o
 .debug_aranges
                0x000019f0      0x100 ./src/lib/lpc177x_8x/Drivers/source/lpc177x_8x_emac.o
 .debug_aranges
                0x00001af0      0x100 ./src/lib/lpc177x_8x/Drivers/source/lpc177x_8x_emc.o
 .debug_aranges
                0x00001bf0       0x48 ./src/lib/lpc177x_8x/Drivers/source/lpc177x_8x_exti.o
 .debug_aranges
                0x00001c38       0x48 ./src/lib/lpc177x_8x/Drivers/source/lpc177x_8x_gpdma.o
 .debug_aranges
                0x00001c80      0x110 ./src/lib/lpc177x_8x/Drivers/source/lpc177x_8x_gpio.o
 .debug_aranges
                0x00001d90       0xe0 ./src/lib/lpc177x_8x/Drivers/source/lpc177x_8x_i2c.o
 .debug_aranges
                0x00001e70       0xc0 ./src/lib/lpc177x_8x/Drivers/source/lpc177x_8x_i2s.o
 .debug_aranges
                0x00001f30       0x68 ./src/lib/lpc177x_8x/Drivers/source/lpc177x_8x_iap.o
 .debug_aranges
                0x00001f98       0xa8 ./src/lib/lpc177x_8x/Drivers/source/lpc177x_8x_lcd.o
 .debug_aranges
                0x00002040      0x180 ./src/lib/lpc177x_8x/Drivers/source/lpc177x_8x_mci.o
 .debug_aranges
                0x000021c0       0x90 ./src/lib/lpc177x_8x/Drivers/source/lpc177x_8x_mcpwm.o
 .debug_aranges
                0x00002250       0x30 ./src/lib/lpc177x_8x/Drivers/source/lpc177x_8x_nvic.o
 .debug_aranges
                0x00002280       0x80 ./src/lib/lpc177x_8x/Drivers/source/lpc177x_8x_pinsel.o
 .debug_aranges
                0x00002300       0x90 ./src/lib/lpc177x_8x/Drivers/source/lpc177x_8x_pwm.o
 .debug_aranges
                0x00002390       0xc8 ./src/lib/lpc177x_8x/Drivers/source/lpc177x_8x_qei.o
 .debug_aranges
                0x00002458      0x108 ./src/lib/lpc177x_8x/Drivers/source/lpc177x_8x_rtc.o
 .debug_aranges
                0x00002560       0xa8 ./src/lib/lpc177x_8x/Drivers/source/lpc177x_8x_ssp.o
 .debug_aranges
                0x00002608       0x48 ./src/lib/lpc177x_8x/Drivers/source/lpc177x_8x_systick.o
 .debug_aranges
                0x00002650       0x98 ./src/lib/lpc177x_8x/Drivers/source/lpc177x_8x_timer.o
 .debug_aranges
                0x000026e8      0x108 ./src/lib/lpc177x_8x/Drivers/source/lpc177x_8x_uart.o
 .debug_aranges
                0x000027f0       0xb8 ./src/lib/lpc177x_8x/Drivers/source/lpc177x_8x_wwdt.o
 .debug_aranges
                0x000028a8       0x28 ./src/lib/lpc177x_8x/Core/Device/NXP/LPC177x_8x/Source/Templates/GCC/startup_LPC177x_8x.o
 .debug_aranges
                0x000028d0       0x28 ./src/lib/lpc177x_8x/Core/Device/NXP/LPC177x_8x/Source/Templates/system_LPC177x_8x.o
 .debug_aranges
                0x000028f8       0x70 ./src/bsp/driver_periph/usart/lpc1788_usart0.o
 .debug_aranges
                0x00002968       0x70 ./src/bsp/driver_periph/usart/lpc1788_usart1.o
 .debug_aranges
                0x000029d8       0xa8 ./src/bsp/driver_periph/ethenet/lpc1788_ethenet_mac.o
 .debug_aranges
                0x00002a80       0x60 ./src/bsp/driver_periph/ethenet/lpc1788_ethenet_sys.o
 .debug_aranges
                0x00002ae0       0x38 ./src/bsp/bsp.o
 .debug_aranges
                0x00002b18       0x40 ./src/app/app.o
 .debug_aranges
                0x00002b58       0x30 ./src/app/main.o

.debug_pubnames
                0x00000000     0x53cc
 *(.debug_pubnames)
 .debug_pubnames
                0x00000000       0x7c ./src/os/rt-thread/src/clock.o
 .debug_pubnames
                0x0000007c      0x11f ./src/os/rt-thread/src/device.o
 .debug_pubnames
                0x0000019b       0x5f ./src/os/rt-thread/src/idle.o
 .debug_pubnames
                0x000001fa      0x2bb ./src/os/rt-thread/src/ipc.o
 .debug_pubnames
                0x000004b5       0x70 ./src/os/rt-thread/src/irq.o
 .debug_pubnames
                0x00000525      0x1a8 ./src/os/rt-thread/src/kservice.o
 .debug_pubnames
                0x000006cd       0x9e ./src/os/rt-thread/src/mem.o
 .debug_pubnames
                0x0000076b       0x65 ./src/os/rt-thread/src/memheap.o
 .debug_pubnames
                0x000007d0       0xa2 ./src/os/rt-thread/src/mempool.o
 .debug_pubnames
                0x00000872      0x1be ./src/os/rt-thread/src/object.o
 .debug_pubnames
                0x00000a30      0x176 ./src/os/rt-thread/src/scheduler.o
 .debug_pubnames
                0x00000ba6      0x133 ./src/os/rt-thread/src/thread.o
 .debug_pubnames
                0x00000cd9      0x122 ./src/os/rt-thread/src/timer.o
 .debug_pubnames
                0x00000dfb       0xb9 ./src/os/rt-thread/libcpu/arm/cortex-m3/cpuport.o
 .debug_pubnames
                0x00000eb4       0x9c ./src/os/rt-thread/components/net/lwip/src/netif/etharp.o
 .debug_pubnames
                0x00000f50       0x8e ./src/os/rt-thread/components/net/lwip/src/netif/ethernetif.o
 .debug_pubnames
                0x00000fde       0x37 ./src/os/rt-thread/components/net/lwip/src/core/ipv4/icmp.o
 .debug_pubnames
                0x00001015       0x6d ./src/os/rt-thread/components/net/lwip/src/core/ipv4/inet_chksum.o
 .debug_pubnames
                0x00001082       0x9d ./src/os/rt-thread/components/net/lwip/src/core/ipv4/ip.o
 .debug_pubnames
                0x0000111f       0xae ./src/os/rt-thread/components/net/lwip/src/core/ipv4/ip_addr.o
 .debug_pubnames
                0x000011cd       0x4e ./src/os/rt-thread/components/net/lwip/src/core/def.o
 .debug_pubnames
                0x0000121b       0x65 ./src/os/rt-thread/components/net/lwip/src/core/dns.o
 .debug_pubnames
                0x00001280       0x20 ./src/os/rt-thread/components/net/lwip/src/core/init.o
 .debug_pubnames
                0x000012a0       0x3e ./src/os/rt-thread/components/net/lwip/src/core/memp.o
 .debug_pubnames
                0x000012de      0x127 ./src/os/rt-thread/components/net/lwip/src/core/netif.o
 .debug_pubnames
                0x00001405      0x11d ./src/os/rt-thread/components/net/lwip/src/core/pbuf.o
 .debug_pubnames
                0x00001522       0x81 ./src/os/rt-thread/components/net/lwip/src/core/raw.o
 .debug_pubnames
                0x000015a3       0x21 ./src/os/rt-thread/components/net/lwip/src/core/sys.o
 .debug_pubnames
                0x000015c4      0x2b4 ./src/os/rt-thread/components/net/lwip/src/core/tcp.o
 .debug_pubnames
                0x00001878       0x32 ./src/os/rt-thread/components/net/lwip/src/core/tcp_in.o
 .debug_pubnames
                0x000018aa       0xdb ./src/os/rt-thread/components/net/lwip/src/core/tcp_out.o
 .debug_pubnames
                0x00001985       0x7b ./src/os/rt-thread/components/net/lwip/src/core/timers.o
 .debug_pubnames
                0x00001a00       0xb3 ./src/os/rt-thread/components/net/lwip/src/core/udp.o
 .debug_pubnames
                0x00001ab3      0x231 ./src/os/rt-thread/components/net/lwip/src/arch/sys_arch.o
 .debug_pubnames
                0x00001ce4      0x185 ./src/os/rt-thread/components/net/lwip/src/api/api_lib.o
 .debug_pubnames
                0x00001e69       0xe4 ./src/os/rt-thread/components/net/lwip/src/api/api_msg.o
 .debug_pubnames
                0x00001f4d       0xa5 ./src/os/rt-thread/components/net/lwip/src/api/netbuf.o
 .debug_pubnames
                0x00001ff2       0x79 ./src/os/rt-thread/components/net/lwip/src/api/netdb.o
 .debug_pubnames
                0x0000206b       0xb5 ./src/os/rt-thread/components/net/lwip/src/api/netifapi.o
 .debug_pubnames
                0x00002120      0x172 ./src/os/rt-thread/components/net/lwip/src/api/sockets.o
 .debug_pubnames
                0x00002292       0xc6 ./src/os/rt-thread/components/net/lwip/src/api/tcpip.o
 .debug_pubnames
                0x00002358       0x29 ./src/os/rt-thread/components/init/components.o
 .debug_pubnames
                0x00002381       0x57 ./src/os/rt-thread/components/drivers/src/completion.o
 .debug_pubnames
                0x000023d8       0x85 ./src/os/rt-thread/components/drivers/src/dataqueue.o
 .debug_pubnames
                0x0000245d       0x43 ./src/os/rt-thread/components/drivers/src/pipe.o
 .debug_pubnames
                0x000024a0       0x89 ./src/os/rt-thread/components/drivers/src/ringbuffer.o
 .debug_pubnames
                0x00002529      0x10e ./src/os/rt-thread/components/drivers/spi/spi_core.o
 .debug_pubnames
                0x00002637       0x47 ./src/os/rt-thread/components/drivers/spi/spi_dev.o
 .debug_pubnames
                0x0000267e       0x9b ./src/os/rt-thread/components/drivers/serial/serial.o
 .debug_pubnames
                0x00002719       0x35 ./src/os/rt-thread/components/drivers/rtc/rtc.o
 .debug_pubnames
                0x0000274e      0x209 ./src/lib/lpc177x_8x/Drivers/source/debug_frmwrk.o
 .debug_pubnames
                0x00002957      0x110 ./src/lib/lpc177x_8x/Drivers/source/lpc177x_8x_adc.o
 .debug_pubnames
                0x00002a67       0x50 ./src/lib/lpc177x_8x/Drivers/source/lpc177x_8x_bod.o
 .debug_pubnames
                0x00002ab7      0x205 ./src/lib/lpc177x_8x/Drivers/source/lpc177x_8x_can.o
 .debug_pubnames
                0x00002cbc       0xb4 ./src/lib/lpc177x_8x/Drivers/source/lpc177x_8x_clkpwr.o
 .debug_pubnames
                0x00002d70       0x71 ./src/lib/lpc177x_8x/Drivers/source/lpc177x_8x_crc.o
 .debug_pubnames
                0x00002de1       0x91 ./src/lib/lpc177x_8x/Drivers/source/lpc177x_8x_dac.o
 .debug_pubnames
                0x00002e72       0x69 ./src/lib/lpc177x_8x/Drivers/source/lpc177x_8x_eeprom.o
 .debug_pubnames
                0x00002edb      0x289 ./src/lib/lpc177x_8x/Drivers/source/lpc177x_8x_emac.o
 .debug_pubnames
                0x00003164      0x29e ./src/lib/lpc177x_8x/Drivers/source/lpc177x_8x_emc.o
 .debug_pubnames
                0x00003402       0x7d ./src/lib/lpc177x_8x/Drivers/source/lpc177x_8x_exti.o
 .debug_pubnames
                0x0000347f       0xdb ./src/lib/lpc177x_8x/Drivers/source/lpc177x_8x_gpdma.o
 .debug_pubnames
                0x0000355a      0x236 ./src/lib/lpc177x_8x/Drivers/source/lpc177x_8x_gpio.o
 .debug_pubnames
                0x00003790      0x196 ./src/lib/lpc177x_8x/Drivers/source/lpc177x_8x_i2c.o
 .debug_pubnames
                0x00003926      0x145 ./src/lib/lpc177x_8x/Drivers/source/lpc177x_8x_i2s.o
 .debug_pubnames
                0x00003a6b       0xcc ./src/lib/lpc177x_8x/Drivers/source/lpc177x_8x_iap.o
 .debug_pubnames
                0x00003b37      0x17c ./src/lib/lpc177x_8x/Drivers/source/lpc177x_8x_lcd.o
 .debug_pubnames
                0x00003cb3      0x4a0 ./src/lib/lpc177x_8x/Drivers/source/lpc177x_8x_mci.o
 .debug_pubnames
                0x00004153      0x13b ./src/lib/lpc177x_8x/Drivers/source/lpc177x_8x_mcpwm.o
 .debug_pubnames
                0x0000428e       0x46 ./src/lib/lpc177x_8x/Drivers/source/lpc177x_8x_nvic.o
 .debug_pubnames
                0x000042d4      0x12a ./src/lib/lpc177x_8x/Drivers/source/lpc177x_8x_pinsel.o
 .debug_pubnames
                0x000043fe      0x127 ./src/lib/lpc177x_8x/Drivers/source/lpc177x_8x_pwm.o
 .debug_pubnames
                0x00004525      0x1ba ./src/lib/lpc177x_8x/Drivers/source/lpc177x_8x_qei.o
 .debug_pubnames
                0x000046df      0x294 ./src/lib/lpc177x_8x/Drivers/source/lpc177x_8x_rtc.o
 .debug_pubnames
                0x00004973      0x15c ./src/lib/lpc177x_8x/Drivers/source/lpc177x_8x_ssp.o
 .debug_pubnames
                0x00004acf       0xa0 ./src/lib/lpc177x_8x/Drivers/source/lpc177x_8x_systick.o
 .debug_pubnames
                0x00004b6f      0x10e ./src/lib/lpc177x_8x/Drivers/source/lpc177x_8x_timer.o
 .debug_pubnames
                0x00004c7d      0x271 ./src/lib/lpc177x_8x/Drivers/source/lpc177x_8x_uart.o
 .debug_pubnames
                0x00004eee      0x19e ./src/lib/lpc177x_8x/Drivers/source/lpc177x_8x_wwdt.o
 .debug_pubnames
                0x0000508c       0x7d ./src/lib/lpc177x_8x/Core/Device/NXP/LPC177x_8x/Source/Templates/system_LPC177x_8x.o
 .debug_pubnames
                0x00005109       0x61 ./src/bsp/driver_periph/usart/lpc1788_usart0.o
 .debug_pubnames
                0x0000516a       0x61 ./src/bsp/driver_periph/usart/lpc1788_usart1.o
 .debug_pubnames
                0x000051cb      0x105 ./src/bsp/driver_periph/ethenet/lpc1788_ethenet_mac.o
 .debug_pubnames
                0x000052d0       0x55 ./src/bsp/driver_periph/ethenet/lpc1788_ethenet_sys.o
 .debug_pubnames
                0x00005325       0x3b ./src/bsp/bsp.o
 .debug_pubnames
                0x00005360       0x2a ./src/app/app.o
 .debug_pubnames
                0x0000538a       0x42 ./src/app/main.o

.debug_info     0x00000000    0x3a317
 *(.debug_info .gnu.linkonce.wi.*)
 .debug_info    0x00000000      0x3fc ./src/os/rt-thread/src/clock.o
 .debug_info    0x000003fc      0xa15 ./src/os/rt-thread/src/device.o
 .debug_info    0x00000e11      0x518 ./src/os/rt-thread/src/idle.o
 .debug_info    0x00001329     0x1e90 ./src/os/rt-thread/src/ipc.o
 .debug_info    0x000031b9      0x110 ./src/os/rt-thread/src/irq.o
 .debug_info    0x000032c9     0x104c ./src/os/rt-thread/src/kservice.o
 .debug_info    0x00004315      0x85b ./src/os/rt-thread/src/mem.o
 .debug_info    0x00004b70      0x77c ./src/os/rt-thread/src/memheap.o
 .debug_info    0x000052ec      0x939 ./src/os/rt-thread/src/mempool.o
 .debug_info    0x00005c25       0x69 ./src/os/rt-thread/src/module.o
 .debug_info    0x00005c8e      0x759 ./src/os/rt-thread/src/object.o
 .debug_info    0x000063e7      0x7cb ./src/os/rt-thread/src/scheduler.o
 .debug_info    0x00006bb2       0x69 ./src/os/rt-thread/src/slab.o
 .debug_info    0x00006c1b      0xc5a ./src/os/rt-thread/src/thread.o
 .debug_info    0x00007875      0x857 ./src/os/rt-thread/src/timer.o
 .debug_info    0x000080cc       0x87 ./src/os/rt-thread/libcpu/arm/cortex-m3/context_gcc.o
 .debug_info    0x00008153      0x500 ./src/os/rt-thread/libcpu/arm/cortex-m3/cpuport.o
 .debug_info    0x00008653       0x77 ./src/os/rt-thread/components/net/lwip/src/netif/ppp/auth.o
 .debug_info    0x000086ca       0x77 ./src/os/rt-thread/components/net/lwip/src/netif/ppp/chap.o
 .debug_info    0x00008741       0x77 ./src/os/rt-thread/components/net/lwip/src/netif/ppp/chpms.o
 .debug_info    0x000087b8       0x77 ./src/os/rt-thread/components/net/lwip/src/netif/ppp/fsm.o
 .debug_info    0x0000882f       0x77 ./src/os/rt-thread/components/net/lwip/src/netif/ppp/ipcp.o
 .debug_info    0x000088a6       0x77 ./src/os/rt-thread/components/net/lwip/src/netif/ppp/lcp.o
 .debug_info    0x0000891d       0x77 ./src/os/rt-thread/components/net/lwip/src/netif/ppp/magic.o
 .debug_info    0x00008994       0x77 ./src/os/rt-thread/components/net/lwip/src/netif/ppp/md5.o
 .debug_info    0x00008a0b       0x77 ./src/os/rt-thread/components/net/lwip/src/netif/ppp/pap.o
 .debug_info    0x00008a82       0x77 ./src/os/rt-thread/components/net/lwip/src/netif/ppp/ppp.o
 .debug_info    0x00008af9       0x77 ./src/os/rt-thread/components/net/lwip/src/netif/ppp/ppp_oe.o
 .debug_info    0x00008b70       0x77 ./src/os/rt-thread/components/net/lwip/src/netif/ppp/randm.o
 .debug_info    0x00008be7       0x77 ./src/os/rt-thread/components/net/lwip/src/netif/ppp/vj.o
 .debug_info    0x00008c5e      0xbf4 ./src/os/rt-thread/components/net/lwip/src/netif/etharp.o
 .debug_info    0x00009852      0xeb3 ./src/os/rt-thread/components/net/lwip/src/netif/ethernetif.o
 .debug_info    0x0000a705       0x77 ./src/os/rt-thread/components/net/lwip/src/netif/slipif.o
 .debug_info    0x0000a77c       0x77 ./src/os/rt-thread/components/net/lwip/src/core/snmp/asn1_dec.o
 .debug_info    0x0000a7f3       0x77 ./src/os/rt-thread/components/net/lwip/src/core/snmp/asn1_enc.o
 .debug_info    0x0000a86a       0x77 ./src/os/rt-thread/components/net/lwip/src/core/snmp/mib2.o
 .debug_info    0x0000a8e1       0x77 ./src/os/rt-thread/components/net/lwip/src/core/snmp/mib_structs.o
 .debug_info    0x0000a958       0x77 ./src/os/rt-thread/components/net/lwip/src/core/snmp/msg_in.o
 .debug_info    0x0000a9cf       0x77 ./src/os/rt-thread/components/net/lwip/src/core/snmp/msg_out.o
 .debug_info    0x0000aa46       0x77 ./src/os/rt-thread/components/net/lwip/src/core/ipv4/autoip.o
 .debug_info    0x0000aabd      0x63a ./src/os/rt-thread/components/net/lwip/src/core/ipv4/icmp.o
 .debug_info    0x0000b0f7       0x77 ./src/os/rt-thread/components/net/lwip/src/core/ipv4/igmp.o
 .debug_info    0x0000b16e       0x77 ./src/os/rt-thread/components/net/lwip/src/core/ipv4/inet.o
 .debug_info    0x0000b1e5      0x3e4 ./src/os/rt-thread/components/net/lwip/src/core/ipv4/inet_chksum.o
 .debug_info    0x0000b5c9      0x6b7 ./src/os/rt-thread/components/net/lwip/src/core/ipv4/ip.o
 .debug_info    0x0000bc80      0x5b8 ./src/os/rt-thread/components/net/lwip/src/core/ipv4/ip_addr.o
 .debug_info    0x0000c238       0x77 ./src/os/rt-thread/components/net/lwip/src/core/ipv4/ip_frag.o
 .debug_info    0x0000c2af      0x14b ./src/os/rt-thread/components/net/lwip/src/core/def.o
 .debug_info    0x0000c3fa       0x77 ./src/os/rt-thread/components/net/lwip/src/core/dhcp.o
 .debug_info    0x0000c471      0x9c0 ./src/os/rt-thread/components/net/lwip/src/core/dns.o
 .debug_info    0x0000ce31       0x91 ./src/os/rt-thread/components/net/lwip/src/core/init.o
 .debug_info    0x0000cec2       0x77 ./src/os/rt-thread/components/net/lwip/src/core/mem.o
 .debug_info    0x0000cf39      0x2ca ./src/os/rt-thread/components/net/lwip/src/core/memp.o
 .debug_info    0x0000d203      0xccf ./src/os/rt-thread/components/net/lwip/src/core/netif.o
 .debug_info    0x0000ded2      0xf11 ./src/os/rt-thread/components/net/lwip/src/core/pbuf.o
 .debug_info    0x0000ede3      0x7c9 ./src/os/rt-thread/components/net/lwip/src/core/raw.o
 .debug_info    0x0000f5ac       0x77 ./src/os/rt-thread/components/net/lwip/src/core/stats.o
 .debug_info    0x0000f623      0x215 ./src/os/rt-thread/components/net/lwip/src/core/sys.o
 .debug_info    0x0000f838     0x1568 ./src/os/rt-thread/components/net/lwip/src/core/tcp.o
 .debug_info    0x00010da0      0xebb ./src/os/rt-thread/components/net/lwip/src/core/tcp_in.o
 .debug_info    0x00011c5b     0x1108 ./src/os/rt-thread/components/net/lwip/src/core/tcp_out.o
 .debug_info    0x00012d63      0xb0b ./src/os/rt-thread/components/net/lwip/src/core/timers.o
 .debug_info    0x0001386e      0x9e0 ./src/os/rt-thread/components/net/lwip/src/core/udp.o
 .debug_info    0x0001424e     0x166c ./src/os/rt-thread/components/net/lwip/src/arch/sys_arch.o
 .debug_info    0x000158ba     0x15f2 ./src/os/rt-thread/components/net/lwip/src/api/api_lib.o
 .debug_info    0x00016eac     0x16ce ./src/os/rt-thread/components/net/lwip/src/api/api_msg.o
 .debug_info    0x0001857a       0x77 ./src/os/rt-thread/components/net/lwip/src/api/err.o
 .debug_info    0x000185f1      0x448 ./src/os/rt-thread/components/net/lwip/src/api/netbuf.o
 .debug_info    0x00018a39      0x620 ./src/os/rt-thread/components/net/lwip/src/api/netdb.o
 .debug_info    0x00019059      0x71b ./src/os/rt-thread/components/net/lwip/src/api/netifapi.o
 .debug_info    0x00019774     0x1f69 ./src/os/rt-thread/components/net/lwip/src/api/sockets.o
 .debug_info    0x0001b6dd      0xee0 ./src/os/rt-thread/components/net/lwip/src/api/tcpip.o
 .debug_info    0x0001c5bd       0x82 ./src/os/rt-thread/components/init/components.o
 .debug_info    0x0001c63f      0x5ed ./src/os/rt-thread/components/drivers/src/completion.o
 .debug_info    0x0001cc2c      0x888 ./src/os/rt-thread/components/drivers/src/dataqueue.o
 .debug_info    0x0001d4b4      0x9bd ./src/os/rt-thread/components/drivers/src/pipe.o
 .debug_info    0x0001de71      0x3ca ./src/os/rt-thread/components/drivers/src/ringbuffer.o
 .debug_info    0x0001e23b      0xed2 ./src/os/rt-thread/components/drivers/spi/spi_core.o
 .debug_info    0x0001f10d      0xd89 ./src/os/rt-thread/components/drivers/spi/spi_dev.o
 .debug_info    0x0001fe96      0xea2 ./src/os/rt-thread/components/drivers/serial/serial.o
 .debug_info    0x00020d38       0x69 ./src/os/rt-thread/components/drivers/rtc/alarm.o
 .debug_info    0x00020da1      0x5c2 ./src/os/rt-thread/components/drivers/rtc/rtc.o
 .debug_info    0x00021363       0x69 ./src/os/rt-thread/components/drivers/mtd/mtd_nand.o
 .debug_info    0x000213cc       0x69 ./src/os/rt-thread/components/drivers/mtd/mtd_nor.o
 .debug_info    0x00021435      0xa6e ./src/lib/lpc177x_8x/Drivers/source/debug_frmwrk.o